###############################################################################
#
# IAR ELF Linker V8.42.1.233/W32 for ARM                  17/Feb/2020  18:42:19
# Copyright 2007-2019 IAR Systems AB.
#
#    Output file  =
#        C:\Users\mohit\Desktop\Microapps
#        projects\LAB6\Task2\EWARM\Task2\Exe\Task2.out
#    Map file     =
#        C:\Users\mohit\Desktop\Microapps
#        projects\LAB6\Task2\EWARM\Task2\List\Task2.map
#    Command line =
#        -f C:\Users\mohit\AppData\Local\Temp\EWF9AF.tmp
#        ("C:\Users\mohit\Desktop\Microapps
#        projects\LAB6\Task2\EWARM\Task2\Obj\main.o"
#        "C:\Users\mohit\Desktop\Microapps
#        projects\LAB6\Task2\EWARM\Task2\Obj\startup_stm32f429xx.o"
#        "C:\Users\mohit\Desktop\Microapps
#        projects\LAB6\Task2\EWARM\Task2\Obj\stm32f4xx_hal.o"
#        "C:\Users\mohit\Desktop\Microapps
#        projects\LAB6\Task2\EWARM\Task2\Obj\stm32f4xx_hal_cortex.o"
#        "C:\Users\mohit\Desktop\Microapps
#        projects\LAB6\Task2\EWARM\Task2\Obj\stm32f4xx_hal_dma.o"
#        "C:\Users\mohit\Desktop\Microapps
#        projects\LAB6\Task2\EWARM\Task2\Obj\stm32f4xx_hal_dma_ex.o"
#        "C:\Users\mohit\Desktop\Microapps
#        projects\LAB6\Task2\EWARM\Task2\Obj\stm32f4xx_hal_exti.o"
#        "C:\Users\mohit\Desktop\Microapps
#        projects\LAB6\Task2\EWARM\Task2\Obj\stm32f4xx_hal_flash.o"
#        "C:\Users\mohit\Desktop\Microapps
#        projects\LAB6\Task2\EWARM\Task2\Obj\stm32f4xx_hal_flash_ex.o"
#        "C:\Users\mohit\Desktop\Microapps
#        projects\LAB6\Task2\EWARM\Task2\Obj\stm32f4xx_hal_flash_ramfunc.o"
#        "C:\Users\mohit\Desktop\Microapps
#        projects\LAB6\Task2\EWARM\Task2\Obj\stm32f4xx_hal_gpio.o"
#        "C:\Users\mohit\Desktop\Microapps
#        projects\LAB6\Task2\EWARM\Task2\Obj\stm32f4xx_hal_msp.o"
#        "C:\Users\mohit\Desktop\Microapps
#        projects\LAB6\Task2\EWARM\Task2\Obj\stm32f4xx_hal_pwr.o"
#        "C:\Users\mohit\Desktop\Microapps
#        projects\LAB6\Task2\EWARM\Task2\Obj\stm32f4xx_hal_pwr_ex.o"
#        "C:\Users\mohit\Desktop\Microapps
#        projects\LAB6\Task2\EWARM\Task2\Obj\stm32f4xx_hal_rcc.o"
#        "C:\Users\mohit\Desktop\Microapps
#        projects\LAB6\Task2\EWARM\Task2\Obj\stm32f4xx_hal_rcc_ex.o"
#        "C:\Users\mohit\Desktop\Microapps
#        projects\LAB6\Task2\EWARM\Task2\Obj\stm32f4xx_hal_sram.o"
#        "C:\Users\mohit\Desktop\Microapps
#        projects\LAB6\Task2\EWARM\Task2\Obj\stm32f4xx_hal_tim.o"
#        "C:\Users\mohit\Desktop\Microapps
#        projects\LAB6\Task2\EWARM\Task2\Obj\stm32f4xx_hal_tim_ex.o"
#        "C:\Users\mohit\Desktop\Microapps
#        projects\LAB6\Task2\EWARM\Task2\Obj\stm32f4xx_it.o"
#        "C:\Users\mohit\Desktop\Microapps
#        projects\LAB6\Task2\EWARM\Task2\Obj\stm32f4xx_ll_fmc.o"
#        "C:\Users\mohit\Desktop\Microapps
#        projects\LAB6\Task2\EWARM\Task2\Obj\system_stm32f4xx.o" --redirect
#        _Printf=_PrintfFull --redirect _Scanf=_ScanfFull --no_out_extension -o
#        "C:\Users\mohit\Desktop\Microapps
#        projects\LAB6\Task2\EWARM\Task2\Exe\Task2.out" --map
#        "C:\Users\mohit\Desktop\Microapps
#        projects\LAB6\Task2\EWARM\Task2\List\Task2.map" --config
#        "C:\Users\mohit\Desktop\Microapps
#        projects\LAB6\Task2\EWARM/stm32f429xx_flash.icf" --semihosting --entry
#        __iar_program_start --vfe --text_out locale)
#
###############################################################################

*******************************************************************************
*** RUNTIME MODEL ATTRIBUTES
***

CppFlavor       = *
__Heap_Handler  = Basic
__SystemLibrary = DLib
__dlib_version  = 6


*******************************************************************************
*** HEAP SELECTION
***

The basic heap was selected because some modules are built with
size limitations (and not runtime checking), and --advanced_heap
was not specified.


*******************************************************************************
*** PLACEMENT SUMMARY
***

"A0":  place at address 0x800'0000 { ro section .intvec };
"P1":  place in [from 0x800'0000 to 0x81f'ffff] { ro };
define block CSTACK with size = 1K, alignment = 8 { };
define block HEAP with size = 512, alignment = 8 { };
"P2":  place in [from 0x2000'0000 to 0x2002'ffff] {
          rw, block CSTACK, block HEAP };
initialize by copy { rw };

  Section            Kind         Address    Size  Object
  -------            ----         -------    ----  ------
"A0":                                       0x1ac
  .intvec            ro code   0x800'0000   0x1ac  startup_stm32f429xx.o [1]
                             - 0x800'01ac   0x1ac

"P1":                                      0x3680
  .text              ro code   0x800'01ac  0x10c6  xprintffull.o [2]
  .text              ro code   0x800'1272    0x3a  zero_init3.o [4]
  .text              ro code   0x800'12ac    0x7c  xlocale_c.o [2]
  .text              ro code   0x800'1328    0x16  strchr.o [4]
  .text              ro code   0x800'133e    0x1e  xencoding_8859_1.o [2]
  .text              ro code   0x800'135c    0x40  xfail_s.o [2]
  .text              ro code   0x800'139c    0x36  strlen.o [4]
  .rodata            const     0x800'13d2     0x2  xlocale_c.o [2]
  .text              ro code   0x800'13d4    0x58  memchr.o [4]
  .text              ro code   0x800'142c    0xa6  ABImemcpy.o [4]
  .rodata            const     0x800'14d2     0x2  xlocale_c.o [2]
  .text              ro code   0x800'14d4    0x70  frexp.o [3]
  .text              ro code   0x800'1544    0x2e  DblCmpLe.o [3]
  .rodata            const     0x800'1572     0x1  xlocale_c.o [2]
  .text              ro code   0x800'1574    0x2e  DblCmpGe.o [3]
  .text              ro code   0x800'15a4   0x13a  ldexp.o [3]
  .text              ro code   0x800'16e0    0x3a  DblToS32.o [3]
  .text              ro code   0x800'171c    0x22  S32ToDbl.o [3]
  .text              ro code   0x800'1740    0xe2  DblSub.o [3]
  .text              ro code   0x800'1824   0x246  DblDiv.o [3]
  .text              ro code   0x800'1a6c    0x28  DblToU32.o [3]
  .text              ro code   0x800'1a94    0x1a  U32ToDbl.o [3]
  .text              ro code   0x800'1ab0   0x1a2  DblMul.o [3]
  .text              ro code   0x800'1c52     0xa  xmbcurmax.o [2]
  .text              ro code   0x800'1c5c   0x106  I64DivMod_small.o [4]
  .text              ro code   0x800'1d62     0x6  abort.o [2]
  .text              ro code   0x800'1d68   0x16a  DblAdd.o [3]
  .text              ro code   0x800'1ed4     0x2  I64DivZer.o [4]
  .text              ro code   0x800'1ed8    0x14  exit.o [5]
  .text              ro code   0x800'1eec    0x2c  iarttio.o [5]
  .text              ro code   0x800'1f18     0x8  XShttio.o [2]
  .text              ro code   0x800'1f20   0x310  stm32f4xx_hal_rcc.o [1]
  .text              ro code   0x800'2230     0xc  stm32f4xx_hal.o [1]
  .text              ro code   0x800'223c   0x218  main.o [1]
  .text              ro code   0x800'2454    0x34  stm32f4xx_hal.o [1]
  .text              ro code   0x800'2488    0x14  memset.o [4]
  .text              ro code   0x800'249c    0xb8  stm32f4xx_hal_sram.o [1]
  .text              ro code   0x800'2554    0x28  printf.o [2]
  .text              ro code   0x800'257c    0x78  stm32f4xx_hal_pwr_ex.o [1]
  .text              ro code   0x800'25f4   0x180  stm32f4xx_hal_rcc.o [1]
  .text              ro code   0x800'2774    0xac  stm32f4xx_hal_cortex.o [1]
  .text              ro code   0x800'2820    0x40  stm32f4xx_hal.o [1]
  .text              ro code   0x800'2860    0xf0  stm32f4xx_hal_msp.o [1]
  .text              ro code   0x800'2950    0x66  ABImemset.o [4]
  .text              ro code   0x800'29b8   0x104  stm32f4xx_ll_fmc.o [1]
  .text              ro code   0x800'2abc   0x1f8  stm32f4xx_hal_gpio.o [1]
  .text              ro code   0x800'2cb4   0x13c  heap0.o [2]
  .text              ro code   0x800'2df0    0x2c  xgetmemchunk.o [2]
  .text              ro code   0x800'2e1c    0xd8  xfspos.o [2]
  .text              ro code   0x800'2ef4    0xac  fflush.o [2]
  .text              ro code   0x800'2fa0     0xc  xfgpos.o [2]
  .text              ro code   0x800'2fac    0x4a  lseek.o [5]
  .text              ro code   0x800'2ff6    0x10  write.o [5]
  .text              ro code   0x800'3008    0x44  XShHandles.o [2]
  .text              ro code   0x800'304c    0x4c  XShHandles.o [2]
  .text              ro code   0x800'3098    0x1e  dwrite.o [5]
  .text              ro code   0x800'30b6    0x20  iarwstd.o [5]
  .text              ro code   0x800'30d6    0x22  iarwrite.o [5]
  .text              ro code   0x800'30f8    0x50  iarttio.o [5]
  .text              ro code   0x800'3148    0x24  XShttio.o [2]
  .text              ro code   0x800'316c    0x14  XShttio.o [2]
  .text              ro code   0x800'3180    0xb4  xfwprep.o [2]
  .text              ro code   0x800'3234    0x24  fseek.o [2]
  .text              ro code   0x800'3258    0x9c  xfofind.o [2]
  .text              ro code   0x800'32f4     0x4  heaptramp0.o [2]
  .text              ro code   0x800'32f8    0x7e  fclose.o [2]
  .text              ro code   0x800'3376    0x18  close.o [5]
  .text              ro code   0x800'338e    0x14  remove.o [5]
  .text              ro code   0x800'33a4    0x48  XShHandles.o [2]
  .text              ro code   0x800'33ec    0x78  lz77_init_single.o [4]
  .text              ro code   0x800'3464    0x54  fputc.o [2]
  .text              ro code   0x800'34b8    0x3c  xcloseall.o [2]
  .text              ro code   0x800'34f4    0x2c  system_stm32f4xx.o [1]
  .text              ro code   0x800'3520    0x28  data_init.o [4]
  .text              ro code   0x800'3548    0x22  fpinit_M.o [3]
  .iar.init_table    const     0x800'356c    0x20  - Linker created -
  .text              ro code   0x800'358c    0x1e  cmain.o [4]
  .text              ro code   0x800'35aa     0x4  low_level_init.o [2]
  .text              ro code   0x800'35ae     0x4  exit.o [2]
  .text              ro code   0x800'35b4     0xe  cexit.o [4]
  .text              ro code   0x800'35c2    0x16  xprout.o [2]
  .text              ro code   0x800'35d8     0xc  putchar.o [2]
  .text              ro code   0x800'35e4    0x14  stm32f4xx_it.o [1]
  .text              ro code   0x800'35f8    0x10  stm32f4xx_hal.o [1]
  .text              ro code   0x800'3608    0x10  startup_stm32f429xx.o [1]
  .text              ro code   0x800'3618     0xc  cstartup_M.o [4]
  .text              ro code   0x800'3624     0x4  startup_stm32f429xx.o [1]
  .text              ro code   0x800'3628     0x4  startup_stm32f429xx.o [1]
  .text              ro code   0x800'362c     0x4  startup_stm32f429xx.o [1]
  .text              ro code   0x800'3630     0x4  startup_stm32f429xx.o [1]
  .text              ro code   0x800'3634     0x4  startup_stm32f429xx.o [1]
  .text              ro code   0x800'3638     0x4  startup_stm32f429xx.o [1]
  .text              ro code   0x800'363c     0x4  startup_stm32f429xx.o [1]
  .text              ro code   0x800'3640     0x4  startup_stm32f429xx.o [1]
  .text              ro code   0x800'3644     0x4  startup_stm32f429xx.o [1]
  .text              ro code   0x800'3648     0x4  startup_stm32f429xx.o [1]
  .text              ro code   0x800'364c     0x4  startup_stm32f429xx.o [1]
  .text              ro code   0x800'3650     0x4  startup_stm32f429xx.o [1]
  .text              ro code   0x800'3654     0x4  startup_stm32f429xx.o [1]
  .text              ro code   0x800'3658     0x4  startup_stm32f429xx.o [1]
  .text              ro code   0x800'365c     0x4  startup_stm32f429xx.o [1]
  .text              ro code   0x800'3660     0x4  startup_stm32f429xx.o [1]
  .text              ro code   0x800'3664     0x4  startup_stm32f429xx.o [1]
  .text              ro code   0x800'3668     0x4  startup_stm32f429xx.o [1]
  .text              ro code   0x800'366c     0x4  startup_stm32f429xx.o [1]
  .text              ro code   0x800'3670     0x4  startup_stm32f429xx.o [1]
  .text              ro code   0x800'3674     0x4  startup_stm32f429xx.o [1]
  .text              ro code   0x800'3678     0x4  startup_stm32f429xx.o [1]
  .text              ro code   0x800'367c     0x4  startup_stm32f429xx.o [1]
  .text              ro code   0x800'3680     0x4  startup_stm32f429xx.o [1]
  .text              ro code   0x800'3684     0x4  startup_stm32f429xx.o [1]
  .text              ro code   0x800'3688     0x4  startup_stm32f429xx.o [1]
  .text              ro code   0x800'368c     0x4  startup_stm32f429xx.o [1]
  .text              ro code   0x800'3690     0x4  startup_stm32f429xx.o [1]
  .text              ro code   0x800'3694     0x4  startup_stm32f429xx.o [1]
  .text              ro code   0x800'3698     0x4  startup_stm32f429xx.o [1]
  .text              ro code   0x800'369c     0x4  startup_stm32f429xx.o [1]
  .text              ro code   0x800'36a0     0x4  startup_stm32f429xx.o [1]
  .text              ro code   0x800'36a4     0x4  startup_stm32f429xx.o [1]
  .text              ro code   0x800'36a8     0x4  startup_stm32f429xx.o [1]
  .text              ro code   0x800'36ac     0x4  startup_stm32f429xx.o [1]
  .text              ro code   0x800'36b0     0x4  startup_stm32f429xx.o [1]
  .text              ro code   0x800'36b4     0x4  startup_stm32f429xx.o [1]
  .text              ro code   0x800'36b8     0x4  startup_stm32f429xx.o [1]
  .text              ro code   0x800'36bc     0x4  startup_stm32f429xx.o [1]
  .text              ro code   0x800'36c0     0x4  startup_stm32f429xx.o [1]
  .text              ro code   0x800'36c4     0x4  startup_stm32f429xx.o [1]
  .text              ro code   0x800'36c8     0x4  startup_stm32f429xx.o [1]
  .text              ro code   0x800'36cc     0x4  startup_stm32f429xx.o [1]
  .text              ro code   0x800'36d0     0x4  startup_stm32f429xx.o [1]
  .text              ro code   0x800'36d4     0x4  startup_stm32f429xx.o [1]
  .text              ro code   0x800'36d8     0x4  startup_stm32f429xx.o [1]
  .text              ro code   0x800'36dc     0x4  startup_stm32f429xx.o [1]
  .text              ro code   0x800'36e0     0x4  startup_stm32f429xx.o [1]
  .text              ro code   0x800'36e4     0x4  startup_stm32f429xx.o [1]
  .text              ro code   0x800'36e8     0x4  startup_stm32f429xx.o [1]
  .text              ro code   0x800'36ec     0x4  startup_stm32f429xx.o [1]
  .text              ro code   0x800'36f0     0x4  startup_stm32f429xx.o [1]
  .text              ro code   0x800'36f4     0x4  startup_stm32f429xx.o [1]
  .text              ro code   0x800'36f8     0x4  startup_stm32f429xx.o [1]
  .text              ro code   0x800'36fc     0x4  startup_stm32f429xx.o [1]
  .text              ro code   0x800'3700     0x4  startup_stm32f429xx.o [1]
  .text              ro code   0x800'3704     0x4  startup_stm32f429xx.o [1]
  .text              ro code   0x800'3708     0x4  startup_stm32f429xx.o [1]
  .text              ro code   0x800'370c     0x4  startup_stm32f429xx.o [1]
  .text              ro code   0x800'3710     0x4  startup_stm32f429xx.o [1]
  .text              ro code   0x800'3714     0x4  startup_stm32f429xx.o [1]
  .text              ro code   0x800'3718     0x4  startup_stm32f429xx.o [1]
  .text              ro code   0x800'371c     0x4  startup_stm32f429xx.o [1]
  .text              ro code   0x800'3720     0x4  startup_stm32f429xx.o [1]
  .text              ro code   0x800'3724     0x4  startup_stm32f429xx.o [1]
  .text              ro code   0x800'3728     0x4  startup_stm32f429xx.o [1]
  .text              ro code   0x800'372c     0x4  startup_stm32f429xx.o [1]
  .text              ro code   0x800'3730     0x4  startup_stm32f429xx.o [1]
  .text              ro code   0x800'3734     0x4  startup_stm32f429xx.o [1]
  .text              ro code   0x800'3738     0x4  startup_stm32f429xx.o [1]
  .text              ro code   0x800'373c     0x4  startup_stm32f429xx.o [1]
  .text              ro code   0x800'3740     0x4  startup_stm32f429xx.o [1]
  .text              ro code   0x800'3744     0x4  startup_stm32f429xx.o [1]
  .text              ro code   0x800'3748     0x4  startup_stm32f429xx.o [1]
  .text              ro code   0x800'374c     0x4  startup_stm32f429xx.o [1]
  .text              ro code   0x800'3750     0x4  startup_stm32f429xx.o [1]
  .text              ro code   0x800'3754     0x4  startup_stm32f429xx.o [1]
  .text              ro code   0x800'3758     0x4  startup_stm32f429xx.o [1]
  .text              ro code   0x800'375c     0x4  startup_stm32f429xx.o [1]
  .text              ro code   0x800'3760     0x4  startup_stm32f429xx.o [1]
  .text              ro code   0x800'3764     0x4  startup_stm32f429xx.o [1]
  .text              ro code   0x800'3768     0x4  startup_stm32f429xx.o [1]
  .text              ro code   0x800'376c     0x4  startup_stm32f429xx.o [1]
  .text              ro code   0x800'3770     0x4  startup_stm32f429xx.o [1]
  .text              ro code   0x800'3774     0x4  startup_stm32f429xx.o [1]
  .text              ro code   0x800'3778     0x4  startup_stm32f429xx.o [1]
  .text              ro code   0x800'377c     0x4  startup_stm32f429xx.o [1]
  .text              ro code   0x800'3780     0x4  startup_stm32f429xx.o [1]
  .text              ro code   0x800'3784     0x4  startup_stm32f429xx.o [1]
  .text              ro code   0x800'3788     0x4  startup_stm32f429xx.o [1]
  .text              ro code   0x800'378c     0x0  cstart_closeall.o [4]
  .rodata            const     0x800'378c     0x0  zero_init3.o [4]
  .rodata            const     0x800'378c     0x0  lz77_init_single.o [4]
  Initializer bytes  const     0x800'378c    0xa0  <for P2-1>
                             - 0x800'382c  0x3680

"P2", part 1 of 3:                          0x1f8
  P2-1                        0x2000'0000   0x1f8  <Init block>
    .data            inited   0x2000'0000    0x66  main.o [1]
    .data            inited   0x2000'0068     0xc  stm32f4xx_hal.o [1]
    .data            inited   0x2000'0074     0x4  system_stm32f4xx.o [1]
    .data            inited   0x2000'0078    0x38  xlocale_c.o [2]
    .data            inited   0x2000'00b0    0x48  xlocale_c.o [2]
    .data            inited   0x2000'00f8    0x48  xfiles.o [2]
    .data            inited   0x2000'0140    0x48  xfiles.o [2]
    .data            inited   0x2000'0188    0x48  xfiles.o [2]
    .data            inited   0x2000'01d0    0x20  xfiles.o [2]
    .data            inited   0x2000'01f0     0x8  XShttio.o [2]
                            - 0x2000'01f8   0x1f8

"P2", part 2 of 3:                          0x138
  .bss               zero     0x2000'01f8    0x80  XShHandles.o [2]
  .bss               zero     0x2000'0278    0x50  xfiles.o [2]
  .bss               zero     0x2000'02c8    0x50  xfiles.o [2]
  .bss               zero     0x2000'0318     0x8  heap0.o [2]
  .bss               zero     0x2000'0320     0x4  stm32f4xx_hal_msp.o [1]
  .bss               zero     0x2000'0324     0x4  xfail_s.o [2]
  .bss               zero     0x2000'0328     0x4  xgetmemchunk.o [2]
  .bss               zero     0x2000'032c     0x1  XShttio.o [2]
                            - 0x2000'032d   0x135

"P2", part 3 of 3:                          0x600
  CSTACK                      0x2000'0330   0x400  <Block>
    CSTACK           uninit   0x2000'0330   0x400  <Block tail>
  HEAP                        0x2000'0730   0x200  <Block>
    HEAP             uninit   0x2000'0730   0x200  <Block tail>
                            - 0x2000'0930   0x600

Unused ranges:

         From           To       Size
         ----           --       ----
   0x800'382c   0x81f'ffff  0x1f'c7d4
  0x2000'0930  0x2002'ffff   0x2'f6d0


*******************************************************************************
*** INIT TABLE
***

          Address      Size
          -------      ----
Zero (__iar_zero_init3)
    1 destination range, total size 0x135:
          0x2000'01f8  0x135

Copy/lz77 (__iar_lz77_init_single3)
    1 source range, total size 0xa0 (31% of destination):
           0x800'378c   0xa0
    1 destination range, total size 0x1f8:
          0x2000'0000  0x1f8



*******************************************************************************
*** MODULE SUMMARY
***

    Module                  ro code  ro data  rw data
    ------                  -------  -------  -------
command line/config:
    -------------------------------------------------
    Total:

C:\Users\mohit\Desktop\Microapps projects\LAB6\Task2\EWARM\Task2\Obj: [1]
    main.o                      536       32      102
    startup_stm32f429xx.o       804
    stm32f4xx_hal.o             144        4       12
    stm32f4xx_hal_cortex.o      172
    stm32f4xx_hal_gpio.o        504
    stm32f4xx_hal_msp.o         240                 4
    stm32f4xx_hal_pwr_ex.o      120
    stm32f4xx_hal_rcc.o       1'168
    stm32f4xx_hal_sram.o        184
    stm32f4xx_it.o               20
    stm32f4xx_ll_fmc.o          260
    system_stm32f4xx.o           44        2        4
    -------------------------------------------------
    Total:                    4'196       38      122

dl7M_tlf.a: [2]
    XShHandles.o                216               128
    XShttio.o                    64        3        9
    abort.o                       6
    exit.o                        4
    fclose.o                    126
    fflush.o                    172
    fputc.o                      84
    fseek.o                      36
    heap0.o                     316                 8
    heaptramp0.o                  4
    low_level_init.o              4
    printf.o                     40
    putchar.o                    12
    xcloseall.o                  60
    xencoding_8859_1.o           30
    xfail_s.o                    64                 4
    xfgpos.o                     12
    xfiles.o                              79      408
    xfofind.o                   156
    xfspos.o                    216
    xfwprep.o                   180
    xgetmemchunk.o               44                 4
    xlocale_c.o                 124       45      128
    xmbcurmax.o                  10
    xprintffull.o             4'294
    xprout.o                     22
    -------------------------------------------------
    Total:                    6'296      127      689

m7M_tls.a: [3]
    DblAdd.o                    362
    DblCmpGe.o                   46
    DblCmpLe.o                   46
    DblDiv.o                    582
    DblMul.o                    418
    DblSub.o                    226
    DblToS32.o                   58
    DblToU32.o                   40
    S32ToDbl.o                   34
    U32ToDbl.o                   26
    fpinit_M.o                   34
    frexp.o                     112
    ldexp.o                     314
    -------------------------------------------------
    Total:                    2'298

rt7M_tl.a: [4]
    ABImemcpy.o                 166
    ABImemset.o                 102
    I64DivMod_small.o           262
    I64DivZer.o                   2
    cexit.o                      14
    cmain.o                      30
    cstart_closeall.o
    cstartup_M.o                 12
    data_init.o                  40
    lz77_init_single.o          120
    memchr.o                     88
    memset.o                     20
    strchr.o                     22
    strlen.o                     54
    zero_init3.o                 58
    -------------------------------------------------
    Total:                      990

shb_l.a: [5]
    close.o                      24
    dwrite.o                     30
    exit.o                       20
    iarttio.o                   124
    iarwrite.o                   34
    iarwstd.o                    32
    lseek.o                      74
    remove.o                     20
    write.o                      16
    -------------------------------------------------
    Total:                      374

    Gaps                         27        2        2
    Linker created                        32    1'536
-----------------------------------------------------
    Grand Total:             14'181      199    2'349


*******************************************************************************
*** ENTRY LIST
***

Entry                       Address   Size  Type      Object
-----                       -------   ----  ----      ------
.iar.init_table$$Base    0x800'356c          --   Gb  - Linker created -
.iar.init_table$$Limit   0x800'358c          --   Gb  - Linker created -
?main                    0x800'358d         Code  Gb  cmain.o [4]
AHBPrescTable            0x800'3510   0x10  Data  Gb  system_stm32f4xx.o [1]
Aldata                  0x2000'0318    0x8  Data  Lc  heap0.o [2]
BusFault_Handler         0x800'35eb    0x2  Code  Gb  stm32f4xx_it.o [1]
CSTACK$$Base            0x2000'0330          --   Gb  - Linker created -
CSTACK$$Limit           0x2000'0730          --   Gb  - Linker created -
CacheMore                0x800'12b1   0x28  Code  Lc  xlocale_c.o [2]
DebugMon_Handler         0x800'35f1    0x2  Code  Gb  stm32f4xx_it.o [1]
FMC_Initialized         0x2000'0320    0x4  Data  Lc  stm32f4xx_hal_msp.o [1]
FMC_NORSRAM_Extended_Timing_Init
                         0x800'2a79   0x3c  Code  Gb  stm32f4xx_ll_fmc.o [1]
FMC_NORSRAM_Init         0x800'29b9   0x6a  Code  Gb  stm32f4xx_ll_fmc.o [1]
FMC_NORSRAM_Timing_Init
                         0x800'2a23   0x56  Code  Gb  stm32f4xx_ll_fmc.o [1]
HAL_GPIO_Init            0x800'2abd  0x1c2  Code  Gb  stm32f4xx_hal_gpio.o [1]
HAL_GetTick              0x800'2231    0xc  Code  Wk  stm32f4xx_hal.o [1]
HAL_IncTick              0x800'35f9   0x10  Code  Wk  stm32f4xx_hal.o [1]
HAL_Init                 0x800'2455   0x30  Code  Gb  stm32f4xx_hal.o [1]
HAL_InitTick             0x800'2821   0x40  Code  Wk  stm32f4xx_hal.o [1]
HAL_MspInit              0x800'2861   0x34  Code  Gb  stm32f4xx_hal_msp.o [1]
HAL_NVIC_SetPriority     0x800'27a9   0x3a  Code  Gb  stm32f4xx_hal_cortex.o [1]
HAL_NVIC_SetPriorityGrouping
                         0x800'278f   0x1a  Code  Gb  stm32f4xx_hal_cortex.o [1]
HAL_PWREx_EnableOverDrive
                         0x800'257d   0x48  Code  Gb  stm32f4xx_hal_pwr_ex.o [1]
HAL_RCC_ClockConfig      0x800'25f5  0x100  Code  Gb  stm32f4xx_hal_rcc.o [1]
HAL_RCC_OscConfig        0x800'1f21  0x310  Code  Wk  stm32f4xx_hal_rcc.o [1]
HAL_SRAM_Init            0x800'249d   0x54  Code  Gb  stm32f4xx_hal_sram.o [1]
HAL_SRAM_MspInit         0x800'2895   0x88  Code  Gb  stm32f4xx_hal_msp.o [1]
HAL_SRAM_Read_8b         0x800'24f1   0x22  Code  Gb  stm32f4xx_hal_sram.o [1]
HAL_SRAM_Write_8b        0x800'2513   0x2a  Code  Gb  stm32f4xx_hal_sram.o [1]
HAL_SYSTICK_Config       0x800'27e3   0x28  Code  Gb  stm32f4xx_hal_cortex.o [1]
HEAP$$Base              0x2000'0730          --   Gb  - Linker created -
HEAP$$Limit             0x2000'0930          --   Gb  - Linker created -
HardFault_Handler        0x800'35e7    0x2  Code  Gb  stm32f4xx_it.o [1]
MemManage_Handler        0x800'35e9    0x2  Code  Gb  stm32f4xx_it.o [1]
NMI_Handler              0x800'35e5    0x2  Code  Gb  stm32f4xx_it.o [1]
PendSV_Handler           0x800'35f3    0x2  Code  Gb  stm32f4xx_it.o [1]
Region$$Table$$Base      0x800'356c          --   Gb  - Linker created -
Region$$Table$$Limit     0x800'358c          --   Gb  - Linker created -
SVC_Handler              0x800'35ef    0x2  Code  Gb  stm32f4xx_it.o [1]
SysTick_Handler          0x800'35f5    0x4  Code  Gb  stm32f4xx_it.o [1]
SystemClock_Config       0x800'23a1   0x9a  Code  Gb  main.o [1]
SystemCoreClock         0x2000'0074    0x4  Data  Gb  system_stm32f4xx.o [1]
SystemInit               0x800'34f5   0x14  Code  Gb  system_stm32f4xx.o [1]
UsageFault_Handler       0x800'35ed    0x2  Code  Gb  stm32f4xx_it.o [1]
_Close_all               0x800'34b9   0x3c  Code  Gb  xcloseall.o [2]
_Encoding_8859_1_Mbrlen
                         0x800'1351    0x2  Code  Gb  xencoding_8859_1.o [2]
_Encoding_8859_1_Wctomb
                         0x800'133f   0x12  Code  Gb  xencoding_8859_1.o [2]
_Files                  0x2000'01d0   0x20  Data  Gb  xfiles.o [2]
_Fofree                  0x800'3259   0x96  Code  Gb  xfofind.o [2]
_Fspos                   0x800'2e1d   0xd8  Code  Gb  xfspos.o [2]
_Fwprep                  0x800'3181   0xb4  Code  Gb  xfwprep.o [2]
_LitobFull               0x800'10bf  0x10a  Code  Lc  xprintffull.o [2]
_Locale_lconv           0x2000'0078   0x38  Data  Lc  xlocale_c.o [2]
_Nnl                     0x800'2fa1    0xc  Code  Gb  xfgpos.o [2]
_PrintfFull              0x800'01ad  0xcc2  Code  Gb  xprintffull.o [2]
_Prout                   0x800'35c3   0x16  Code  Gb  xprout.o [2]
_PutcharsFull            0x800'1231   0x2e  Code  Lc  xprintffull.o [2]
_PutstrFull              0x800'0fff   0xc0  Code  Lc  xprintffull.o [2]
_PuttxtFull              0x800'0ef3  0x10c  Code  Lc  xprintffull.o [2]
__NVIC_SetPriority       0x800'2775   0x1a  Code  Lc  stm32f4xx_hal_cortex.o [1]
__aeabi_cdcmple          0x800'1545         Code  Gb  DblCmpLe.o [3]
__aeabi_cdrcmple         0x800'1575         Code  Gb  DblCmpGe.o [3]
__aeabi_d2iz             0x800'16e1         Code  Gb  DblToS32.o [3]
__aeabi_d2uiz            0x800'1a6d         Code  Gb  DblToU32.o [3]
__aeabi_ddiv             0x800'1825         Code  Gb  DblDiv.o [3]
__aeabi_dmul             0x800'1ab1         Code  Gb  DblMul.o [3]
__aeabi_dsub             0x800'1741         Code  Gb  DblSub.o [3]
__aeabi_i2d              0x800'171d         Code  Gb  S32ToDbl.o [3]
__aeabi_ldiv0            0x800'1ed5         Code  Gb  I64DivZer.o [4]
__aeabi_memcpy           0x800'142d         Code  Gb  ABImemcpy.o [4]
__aeabi_memcpy4          0x800'144d         Code  Gb  ABImemcpy.o [4]
__aeabi_memcpy8          0x800'144d         Code  Gb  ABImemcpy.o [4]
__aeabi_memset           0x800'2951         Code  Gb  ABImemset.o [4]
__aeabi_ui2d             0x800'1a95         Code  Gb  U32ToDbl.o [3]
__basic_free             0x800'2d61   0x16  Code  Gb  heap0.o [2]
__basic_free_intern      0x800'2d77   0x74  Code  Lc  heap0.o [2]
__basic_malloc           0x800'2cb5   0x18  Code  Gb  heap0.o [2]
__basic_malloc_intern    0x800'2ccd   0x94  Code  Lc  heap0.o [2]
__cexit_closeall         0x800'35b7         Code  Gb  cexit.o [4]
__close                  0x800'3377   0x18  Code  Gb  close.o [5]
__cmain                  0x800'358d         Code  Gb  cmain.o [4]
__cstart_closeall        0x800'378c         Data  Gb  cstart_closeall.o [4]
__data_GetMemChunk       0x800'2df1   0x2c  Code  Gb  xgetmemchunk.o [2]
__data_GetMemChunk::start
                        0x2000'0328    0x4  Data  Lc  xgetmemchunk.o [2]
__dwrite                 0x800'3099   0x1e  Code  Gb  dwrite.o [5]
__exit                   0x800'1ed9   0x14  Code  Gb  exit.o [5]
__iar_Fail_s             0x800'135d   0x1c  Code  Gb  xfail_s.o [2]
__iar_Mbcurmax           0x800'1c53    0xa  Code  Gb  xmbcurmax.o [2]
__iar_Memchr             0x800'13d5         Code  Gb  memchr.o [4]
__iar_Memset             0x800'2951         Code  Gb  ABImemset.o [4]
__iar_Memset_word        0x800'2959         Code  Gb  ABImemset.o [4]
__iar_Stderr            0x2000'0188   0x48  Data  Gb  xfiles.o [2]
__iar_Stdin             0x2000'00f8   0x48  Data  Gb  xfiles.o [2]
__iar_Stdout            0x2000'0140   0x48  Data  Gb  xfiles.o [2]
__iar_Strchr             0x800'1329         Code  Gb  strchr.o [4]
__iar_close_ttio         0x800'1eed   0x2c  Code  Wk  iarttio.o [5]
__iar_dadd               0x800'1751         Code  Gb  DblSub.o [3]
__iar_data_init3         0x800'3521   0x28  Code  Gb  data_init.o [4]
__iar_dsub               0x800'1d69         Code  Gb  DblAdd.o [3]
__iar_dsubStart          0x800'1d7b         Code  Gb  DblAdd.o [3]
__iar_frexp              0x800'14e1         Code  Gb  frexp.o [3]
__iar_frexpl             0x800'14e1         Code  Gb  frexp.o [3]
__iar_get_ttio           0x800'30f9   0x4c  Code  Gb  iarttio.o [5]
__iar_globLocale        0x2000'00b0   0x48  Data  Lc  xlocale_c.o [2]
__iar_global_Locale      0x800'12ad    0x4  Code  Gb  xlocale_c.o [2]
__iar_init_vfp           0x800'3549         Code  Gb  fpinit_M.o [3]
__iar_ldexp64            0x800'15a5         Code  Gb  ldexp.o [3]
__iar_lookup_ttioh       0x800'1f19    0x8  Code  Gb  XShttio.o [2]
__iar_lz77_init_single3
                         0x800'33ed   0x78  Code  Gb  lz77_init_single.o [4]
__iar_program_start      0x800'3619         Code  Gb  cstartup_M.o [4]
__iar_scalbln64          0x800'15a5         Code  Gb  ldexp.o [3]
__iar_scalbn64           0x800'15a5         Code  Gb  ldexp.o [3]
__iar_sh_Discard         0x800'33a5   0x48  Code  Wk  XShHandles.o [2]
__iar_sh_Move            0x800'304d   0x4c  Code  Wk  XShHandles.o [2]
__iar_sh_Pos             0x800'3009   0x44  Code  Gb  XShHandles.o [2]
__iar_sh_stdout          0x800'30b7   0x20  Code  Gb  iarwstd.o [5]
__iar_sh_write           0x800'30d7   0x22  Code  Gb  iarwrite.o [5]
__iar_small_uldivmod     0x800'1c5d         Code  Gb  I64DivMod_small.o [4]
__iar_softfp___iar_frexp64
                         0x800'14d5         Code  Gb  frexp.o [3]
__iar_softfp_frexp       0x800'14d5         Code  Gb  frexp.o [3]
__iar_softfp_frexpl      0x800'14d5         Code  Gb  frexp.o [3]
__iar_ttio_guard_lock    0x800'3149   0x24  Code  Wk  XShttio.o [2]
__iar_ttio_guard_unlock
                         0x800'316d   0x14  Code  Wk  XShttio.o [2]
__iar_ttio_handles      0x2000'01f0    0x8  Data  Lc  XShttio.o [2]
__iar_zero_init3         0x800'1273   0x3a  Code  Gb  zero_init3.o [4]
__low_level_init         0x800'35ab    0x4  Code  Gb  low_level_init.o [2]
__lseek                  0x800'2fad   0x4a  Code  Gb  lseek.o [5]
__vector_table           0x800'0000         Data  Gb  startup_stm32f429xx.o [1]
__write                  0x800'2ff7   0x10  Code  Gb  write.o [5]
_call_main               0x800'3599         Code  Gb  cmain.o [4]
_exit                    0x800'35b5         Code  Gb  cexit.o [4]
_gLocale_mblen           0x800'1315    0x4  Code  Gb  xlocale_c.o [2]
_gLocale_mblenInt        0x800'12d9   0x2c  Code  Gb  xlocale_c.o [2]
_gLocale_wctomb          0x800'1319    0x4  Code  Gb  xlocale_c.o [2]
_gLocale_wctombInt       0x800'1311    0x4  Code  Gb  xlocale_c.o [2]
_main                    0x800'35a7         Code  Gb  cmain.o [4]
abort                    0x800'1d63    0x6  Code  Gb  abort.o [2]
addr                    0x2000'0064    0x2  Data  Gb  main.o [1]
buffer                  0x2000'0004   0x10  Data  Gb  main.o [1]
ebuf                    0x2000'0278   0x50  Data  Lc  xfiles.o [2]
exit                     0x800'35af    0x4  Code  Gb  exit.o [2]
fclose                   0x800'32f9   0x7e  Code  Gb  fclose.o [2]
fflush                   0x800'2f69   0x34  Code  Gb  fflush.o [2]
fflushOne                0x800'2ef5   0x74  Code  Lc  fflush.o [2]
fputc                    0x800'3465   0x54  Code  Gb  fputc.o [2]
free                     0x800'32f5    0x4  Code  Gb  heaptramp0.o [2]
fseek                    0x800'3235   0x24  Code  Gb  fseek.o [2]
hsram1                  0x2000'0014   0x50  Data  Gb  main.o [1]
ldexp                    0x800'15a5         Code  Gb  ldexp.o [3]
ldexpl                   0x800'15a5         Code  Gb  ldexp.o [3]
localeconv               0x800'131d    0x4  Code  Gb  xlocale_c.o [2]
main                     0x800'223d  0x158  Code  Gb  main.o [1]
memchr                   0x800'13d5         Code  Gb  memchr.o [4]
memset                   0x800'2489   0x14  Code  Gb  memset.o [4]
obuf                    0x2000'02c8   0x50  Data  Lc  xfiles.o [2]
printf                   0x800'2555   0x28  Code  Gb  printf.o [2]
putchar                  0x800'35d9    0xc  Code  Gb  putchar.o [2]
readData                0x2000'0000    0x1  Data  Gb  main.o [1]
remove                   0x800'338f   0x14  Code  Gb  remove.o [5]
sFileInfo               0x2000'01f8   0x80  Data  Lc  XShHandles.o [2]
scalbln                  0x800'15a5         Code  Gb  ldexp.o [3]
scalblnl                 0x800'15a5         Code  Gb  ldexp.o [3]
scalbn                   0x800'15a5         Code  Gb  ldexp.o [3]
scalbnl                  0x800'15a5         Code  Gb  ldexp.o [3]
scale                    0x800'11c9   0x46  Code  Lc  xprintffull.o [2]
sec_hand                0x2000'0324    0x4  Data  Lc  xfail_s.o [2]
strchr                   0x800'1329         Code  Gb  strchr.o [4]
strlen                   0x800'139d         Code  Gb  strlen.o [4]
ttio_guard              0x2000'032c    0x1  Data  Lc  XShttio.o [2]
uwTick                  0x2000'006c    0x4  Data  Gb  stm32f4xx_hal.o [1]
uwTickFreq              0x2000'0068    0x1  Data  Gb  stm32f4xx_hal.o [1]
uwTickPrio              0x2000'0070    0x4  Data  Gb  stm32f4xx_hal.o [1]


[1] = C:\Users\mohit\Desktop\Microapps projects\LAB6\Task2\EWARM\Task2\Obj
[2] = dl7M_tlf.a
[3] = m7M_tls.a
[4] = rt7M_tl.a
[5] = shb_l.a

  14'181 bytes of readonly  code memory
     199 bytes of readonly  data memory
   2'349 bytes of readwrite data memory

Errors: none
Warnings: none
