###############################################################################
#
# IAR ELF Linker V8.42.1.233/W32 for ARM                  12/Feb/2020  18:12:44
# Copyright 2007-2019 IAR Systems AB.
#
#    Output file  =
#        C:\Users\mohit\Desktop\Microapps
#        projects\HW4\HW4\EWARM\HW4\Exe\HW4.out
#    Map file     =
#        C:\Users\mohit\Desktop\Microapps
#        projects\HW4\HW4\EWARM\HW4\List\HW4.map
#    Command line =
#        -f C:\Users\mohit\AppData\Local\Temp\EW8A8F.tmp
#        ("C:\Users\mohit\Desktop\Microapps
#        projects\HW4\HW4\EWARM\HW4\Obj\main.o"
#        "C:\Users\mohit\Desktop\Microapps
#        projects\HW4\HW4\EWARM\HW4\Obj\startup_stm32f429xx.o"
#        "C:\Users\mohit\Desktop\Microapps
#        projects\HW4\HW4\EWARM\HW4\Obj\stm32f4xx_hal.o"
#        "C:\Users\mohit\Desktop\Microapps
#        projects\HW4\HW4\EWARM\HW4\Obj\stm32f4xx_hal_cortex.o"
#        "C:\Users\mohit\Desktop\Microapps
#        projects\HW4\HW4\EWARM\HW4\Obj\stm32f4xx_hal_dma.o"
#        "C:\Users\mohit\Desktop\Microapps
#        projects\HW4\HW4\EWARM\HW4\Obj\stm32f4xx_hal_dma_ex.o"
#        "C:\Users\mohit\Desktop\Microapps
#        projects\HW4\HW4\EWARM\HW4\Obj\stm32f4xx_hal_exti.o"
#        "C:\Users\mohit\Desktop\Microapps
#        projects\HW4\HW4\EWARM\HW4\Obj\stm32f4xx_hal_flash.o"
#        "C:\Users\mohit\Desktop\Microapps
#        projects\HW4\HW4\EWARM\HW4\Obj\stm32f4xx_hal_flash_ex.o"
#        "C:\Users\mohit\Desktop\Microapps
#        projects\HW4\HW4\EWARM\HW4\Obj\stm32f4xx_hal_flash_ramfunc.o"
#        "C:\Users\mohit\Desktop\Microapps
#        projects\HW4\HW4\EWARM\HW4\Obj\stm32f4xx_hal_gpio.o"
#        "C:\Users\mohit\Desktop\Microapps
#        projects\HW4\HW4\EWARM\HW4\Obj\stm32f4xx_hal_msp.o"
#        "C:\Users\mohit\Desktop\Microapps
#        projects\HW4\HW4\EWARM\HW4\Obj\stm32f4xx_hal_pwr.o"
#        "C:\Users\mohit\Desktop\Microapps
#        projects\HW4\HW4\EWARM\HW4\Obj\stm32f4xx_hal_pwr_ex.o"
#        "C:\Users\mohit\Desktop\Microapps
#        projects\HW4\HW4\EWARM\HW4\Obj\stm32f4xx_hal_rcc.o"
#        "C:\Users\mohit\Desktop\Microapps
#        projects\HW4\HW4\EWARM\HW4\Obj\stm32f4xx_hal_rcc_ex.o"
#        "C:\Users\mohit\Desktop\Microapps
#        projects\HW4\HW4\EWARM\HW4\Obj\stm32f4xx_hal_tim.o"
#        "C:\Users\mohit\Desktop\Microapps
#        projects\HW4\HW4\EWARM\HW4\Obj\stm32f4xx_hal_tim_ex.o"
#        "C:\Users\mohit\Desktop\Microapps
#        projects\HW4\HW4\EWARM\HW4\Obj\stm32f4xx_it.o"
#        "C:\Users\mohit\Desktop\Microapps
#        projects\HW4\HW4\EWARM\HW4\Obj\system_stm32f4xx.o" --redirect
#        _Printf=_PrintfFull --redirect _Scanf=_ScanfFull --no_out_extension -o
#        "C:\Users\mohit\Desktop\Microapps
#        projects\HW4\HW4\EWARM\HW4\Exe\HW4.out" --map
#        "C:\Users\mohit\Desktop\Microapps
#        projects\HW4\HW4\EWARM\HW4\List\HW4.map" --config
#        "C:\Users\mohit\Desktop\Microapps
#        projects\HW4\HW4\EWARM/stm32f429xx_flash.icf" --semihosting --entry
#        __iar_program_start --vfe --text_out locale)
#
###############################################################################

*******************************************************************************
*** RUNTIME MODEL ATTRIBUTES
***

CppFlavor       = *
__SystemLibrary = DLib
__dlib_version  = 6


*******************************************************************************
*** HEAP SELECTION
***

The basic heap was selected because some modules are built with
size limitations (and not runtime checking), and --advanced_heap
was not specified.


*******************************************************************************
*** PLACEMENT SUMMARY
***

"A0":  place at address 0x800'0000 { ro section .intvec };
"P1":  place in [from 0x800'0000 to 0x81f'ffff] { ro };
define block CSTACK with size = 1K, alignment = 8 { };
define block HEAP with size = 512, alignment = 8 { };
"P2":  place in [from 0x2000'0000 to 0x2002'ffff] {
          rw, block CSTACK, block HEAP };
initialize by copy { rw };

  Section            Kind         Address    Size  Object
  -------            ----         -------    ----  ------
"A0":                                       0x1ac
  .intvec            ro code   0x800'0000   0x1ac  startup_stm32f429xx.o [1]
                             - 0x800'01ac   0x1ac

"P1":                                      0x1698
  .text              ro code   0x800'01ac   0x5f6  stm32f4xx_hal_tim.o [1]
  .text              ro code   0x800'07a2    0x3a  zero_init3.o [4]
  .text              ro code   0x800'07dc    0xfc  stm32f4xx_hal_msp.o [1]
  .text              ro code   0x800'08d8     0x2  stm32f4xx_hal_tim.o [1]
  .text              ro code   0x800'08da     0x2  stm32f4xx_hal_tim.o [1]
  .text              ro code   0x800'08dc     0x2  stm32f4xx_hal_tim.o [1]
  .text              ro code   0x800'08de     0x2  stm32f4xx_hal_tim.o [1]
  .text              ro code   0x800'08e0     0x2  stm32f4xx_hal_tim_ex.o [1]
  .text              ro code   0x800'08e2     0x2  stm32f4xx_hal_tim.o [1]
  .text              ro code   0x800'08e4     0x2  stm32f4xx_hal_tim_ex.o [1]
  .text              ro code   0x800'08e6     0x2  stm32f4xx_hal_tim.o [1]
  .text              ro code   0x800'08e8    0xc4  stm32f4xx_hal_cortex.o [1]
  .text              ro code   0x800'09ac    0x14  memset.o [4]
  .text              ro code   0x800'09c0   0x204  stm32f4xx_hal_gpio.o [1]
  .text              ro code   0x800'0bc4    0x66  ABImemset.o [4]
  .text              ro code   0x800'0c2a    0x2e  copy_init3.o [4]
  .text              ro code   0x800'0c58   0x310  stm32f4xx_hal_rcc.o [1]
  .text              ro code   0x800'0f68     0xc  stm32f4xx_hal.o [1]
  .text              ro code   0x800'0f74   0x208  main.o [1]
  .text              ro code   0x800'117c    0x34  stm32f4xx_hal.o [1]
  .text              ro code   0x800'11b0    0x8c  stm32f4xx_hal_tim_ex.o [1]
  .text              ro code   0x800'123c   0x180  stm32f4xx_hal_rcc.o [1]
  .text              ro code   0x800'13bc    0x40  stm32f4xx_hal.o [1]
  .text              ro code   0x800'13fc   0x106  I64DivMod_small.o [4]
  .text              ro code   0x800'1504     0x2  I64DivZer.o [4]
  .text              ro code   0x800'1508    0xbc  stm32f4xx_it.o [1]
  .text              ro code   0x800'15c4    0x10  stm32f4xx_hal.o [1]
  .text              ro code   0x800'15d4    0x2c  system_stm32f4xx.o [1]
  .text              ro code   0x800'1600    0x28  data_init.o [4]
  .text              ro code   0x800'1628    0x22  fpinit_M.o [3]
  .iar.init_table    const     0x800'164c    0x24  - Linker created -
  .text              ro code   0x800'1670    0x1e  cmain.o [4]
  .text              ro code   0x800'168e     0x4  low_level_init.o [2]
  .text              ro code   0x800'1692     0x4  exit.o [2]
  .text              ro code   0x800'1698     0xa  cexit.o [4]
  .text              ro code   0x800'16a4    0x14  exit.o [5]
  .text              ro code   0x800'16b8    0x10  startup_stm32f429xx.o [1]
  Initializer bytes  const     0x800'16c8    0x10  <for P2-1>
  .text              ro code   0x800'16d8     0xc  cstartup_M.o [4]
  .text              ro code   0x800'16e4     0x4  startup_stm32f429xx.o [1]
  .text              ro code   0x800'16e8     0x4  startup_stm32f429xx.o [1]
  .text              ro code   0x800'16ec     0x4  startup_stm32f429xx.o [1]
  .text              ro code   0x800'16f0     0x4  startup_stm32f429xx.o [1]
  .text              ro code   0x800'16f4     0x4  startup_stm32f429xx.o [1]
  .text              ro code   0x800'16f8     0x4  startup_stm32f429xx.o [1]
  .text              ro code   0x800'16fc     0x4  startup_stm32f429xx.o [1]
  .text              ro code   0x800'1700     0x4  startup_stm32f429xx.o [1]
  .text              ro code   0x800'1704     0x4  startup_stm32f429xx.o [1]
  .text              ro code   0x800'1708     0x4  startup_stm32f429xx.o [1]
  .text              ro code   0x800'170c     0x4  startup_stm32f429xx.o [1]
  .text              ro code   0x800'1710     0x4  startup_stm32f429xx.o [1]
  .text              ro code   0x800'1714     0x4  startup_stm32f429xx.o [1]
  .text              ro code   0x800'1718     0x4  startup_stm32f429xx.o [1]
  .text              ro code   0x800'171c     0x4  startup_stm32f429xx.o [1]
  .text              ro code   0x800'1720     0x4  startup_stm32f429xx.o [1]
  .text              ro code   0x800'1724     0x4  startup_stm32f429xx.o [1]
  .text              ro code   0x800'1728     0x4  startup_stm32f429xx.o [1]
  .text              ro code   0x800'172c     0x4  startup_stm32f429xx.o [1]
  .text              ro code   0x800'1730     0x4  startup_stm32f429xx.o [1]
  .text              ro code   0x800'1734     0x4  startup_stm32f429xx.o [1]
  .text              ro code   0x800'1738     0x4  startup_stm32f429xx.o [1]
  .text              ro code   0x800'173c     0x4  startup_stm32f429xx.o [1]
  .text              ro code   0x800'1740     0x4  startup_stm32f429xx.o [1]
  .text              ro code   0x800'1744     0x4  startup_stm32f429xx.o [1]
  .text              ro code   0x800'1748     0x4  startup_stm32f429xx.o [1]
  .text              ro code   0x800'174c     0x4  startup_stm32f429xx.o [1]
  .text              ro code   0x800'1750     0x4  startup_stm32f429xx.o [1]
  .text              ro code   0x800'1754     0x4  startup_stm32f429xx.o [1]
  .text              ro code   0x800'1758     0x4  startup_stm32f429xx.o [1]
  .text              ro code   0x800'175c     0x4  startup_stm32f429xx.o [1]
  .text              ro code   0x800'1760     0x4  startup_stm32f429xx.o [1]
  .text              ro code   0x800'1764     0x4  startup_stm32f429xx.o [1]
  .text              ro code   0x800'1768     0x4  startup_stm32f429xx.o [1]
  .text              ro code   0x800'176c     0x4  startup_stm32f429xx.o [1]
  .text              ro code   0x800'1770     0x4  startup_stm32f429xx.o [1]
  .text              ro code   0x800'1774     0x4  startup_stm32f429xx.o [1]
  .text              ro code   0x800'1778     0x4  startup_stm32f429xx.o [1]
  .text              ro code   0x800'177c     0x4  startup_stm32f429xx.o [1]
  .text              ro code   0x800'1780     0x4  startup_stm32f429xx.o [1]
  .text              ro code   0x800'1784     0x4  startup_stm32f429xx.o [1]
  .text              ro code   0x800'1788     0x4  startup_stm32f429xx.o [1]
  .text              ro code   0x800'178c     0x4  startup_stm32f429xx.o [1]
  .text              ro code   0x800'1790     0x4  startup_stm32f429xx.o [1]
  .text              ro code   0x800'1794     0x4  startup_stm32f429xx.o [1]
  .text              ro code   0x800'1798     0x4  startup_stm32f429xx.o [1]
  .text              ro code   0x800'179c     0x4  startup_stm32f429xx.o [1]
  .text              ro code   0x800'17a0     0x4  startup_stm32f429xx.o [1]
  .text              ro code   0x800'17a4     0x4  startup_stm32f429xx.o [1]
  .text              ro code   0x800'17a8     0x4  startup_stm32f429xx.o [1]
  .text              ro code   0x800'17ac     0x4  startup_stm32f429xx.o [1]
  .text              ro code   0x800'17b0     0x4  startup_stm32f429xx.o [1]
  .text              ro code   0x800'17b4     0x4  startup_stm32f429xx.o [1]
  .text              ro code   0x800'17b8     0x4  startup_stm32f429xx.o [1]
  .text              ro code   0x800'17bc     0x4  startup_stm32f429xx.o [1]
  .text              ro code   0x800'17c0     0x4  startup_stm32f429xx.o [1]
  .text              ro code   0x800'17c4     0x4  startup_stm32f429xx.o [1]
  .text              ro code   0x800'17c8     0x4  startup_stm32f429xx.o [1]
  .text              ro code   0x800'17cc     0x4  startup_stm32f429xx.o [1]
  .text              ro code   0x800'17d0     0x4  startup_stm32f429xx.o [1]
  .text              ro code   0x800'17d4     0x4  startup_stm32f429xx.o [1]
  .text              ro code   0x800'17d8     0x4  startup_stm32f429xx.o [1]
  .text              ro code   0x800'17dc     0x4  startup_stm32f429xx.o [1]
  .text              ro code   0x800'17e0     0x4  startup_stm32f429xx.o [1]
  .text              ro code   0x800'17e4     0x4  startup_stm32f429xx.o [1]
  .text              ro code   0x800'17e8     0x4  startup_stm32f429xx.o [1]
  .text              ro code   0x800'17ec     0x4  startup_stm32f429xx.o [1]
  .text              ro code   0x800'17f0     0x4  startup_stm32f429xx.o [1]
  .text              ro code   0x800'17f4     0x4  startup_stm32f429xx.o [1]
  .text              ro code   0x800'17f8     0x4  startup_stm32f429xx.o [1]
  .text              ro code   0x800'17fc     0x4  startup_stm32f429xx.o [1]
  .text              ro code   0x800'1800     0x4  startup_stm32f429xx.o [1]
  .text              ro code   0x800'1804     0x4  startup_stm32f429xx.o [1]
  .text              ro code   0x800'1808     0x4  startup_stm32f429xx.o [1]
  .text              ro code   0x800'180c     0x4  startup_stm32f429xx.o [1]
  .text              ro code   0x800'1810     0x4  startup_stm32f429xx.o [1]
  .text              ro code   0x800'1814     0x4  startup_stm32f429xx.o [1]
  .text              ro code   0x800'1818     0x4  startup_stm32f429xx.o [1]
  .text              ro code   0x800'181c     0x4  startup_stm32f429xx.o [1]
  .text              ro code   0x800'1820     0x4  startup_stm32f429xx.o [1]
  .text              ro code   0x800'1824     0x4  startup_stm32f429xx.o [1]
  .text              ro code   0x800'1828     0x4  startup_stm32f429xx.o [1]
  .text              ro code   0x800'182c     0x4  startup_stm32f429xx.o [1]
  .text              ro code   0x800'1830     0x4  startup_stm32f429xx.o [1]
  .text              ro code   0x800'1834     0x4  startup_stm32f429xx.o [1]
  .text              ro code   0x800'1838     0x4  startup_stm32f429xx.o [1]
  .text              ro code   0x800'183c     0x4  startup_stm32f429xx.o [1]
  .text              ro code   0x800'1840     0x4  startup_stm32f429xx.o [1]
  .rodata            const     0x800'1844     0x0  zero_init3.o [4]
  .rodata            const     0x800'1844     0x0  copy_init3.o [4]
                             - 0x800'1844  0x1698

"P2", part 1 of 3:                           0x10
  P2-1                        0x2000'0000    0x10  <Init block>
    .data            inited   0x2000'0000     0xc  stm32f4xx_hal.o [1]
    .data            inited   0x2000'000c     0x4  system_stm32f4xx.o [1]
                            - 0x2000'0010    0x10

"P2", part 2 of 3:                           0x88
  .bss               zero     0x2000'0010    0x80  main.o [1]
  .bss               zero     0x2000'0090     0x4  stm32f4xx_it.o [1]
  .bss               zero     0x2000'0094     0x4  stm32f4xx_it.o [1]
                            - 0x2000'0098    0x88

"P2", part 3 of 3:                          0x400
  CSTACK                      0x2000'0098   0x400  <Block>
    CSTACK           uninit   0x2000'0098   0x400  <Block tail>
                            - 0x2000'0498   0x400

Unused ranges:

         From           To       Size
         ----           --       ----
   0x800'1844   0x81f'ffff  0x1f'e7bc
  0x2000'0498  0x2002'ffff   0x2'fb68


*******************************************************************************
*** INIT TABLE
***

          Address      Size
          -------      ----
Zero (__iar_zero_init3)
    1 destination range, total size 0x88:
          0x2000'0010  0x88

Copy (__iar_copy_init3)
    1 source range, total size 0x10:
           0x800'16c8  0x10
    1 destination range, total size 0x10:
          0x2000'0000  0x10



*******************************************************************************
*** MODULE SUMMARY
***

    Module                  ro code  ro data  rw data
    ------                  -------  -------  -------
command line/config:
    -------------------------------------------------
    Total:

C:\Users\mohit\Desktop\Microapps projects\HW4\HW4\EWARM\HW4\Obj: [1]
    main.o                      520               128
    startup_stm32f429xx.o       796
    stm32f4xx_hal.o             144       12       12
    stm32f4xx_hal_cortex.o      196
    stm32f4xx_hal_gpio.o        516
    stm32f4xx_hal_msp.o         252
    stm32f4xx_hal_rcc.o       1'168
    stm32f4xx_hal_tim.o       1'538
    stm32f4xx_hal_tim_ex.o      144
    stm32f4xx_it.o              188                 8
    system_stm32f4xx.o           44        4        4
    -------------------------------------------------
    Total:                    5'506       16      152

dl7M_tln.a: [2]
    exit.o                        4
    low_level_init.o              4
    -------------------------------------------------
    Total:                        8

m7M_tls.a: [3]
    fpinit_M.o                   34
    -------------------------------------------------
    Total:                       34

rt7M_tl.a: [4]
    ABImemset.o                 102
    I64DivMod_small.o           262
    I64DivZer.o                   2
    cexit.o                      10
    cmain.o                      30
    copy_init3.o                 46
    cstartup_M.o                 12
    data_init.o                  40
    memset.o                     20
    zero_init3.o                 58
    -------------------------------------------------
    Total:                      582

shb_l.a: [5]
    exit.o                       20
    -------------------------------------------------
    Total:                       20

    Gaps                          8        2
    Linker created                        36    1'024
-----------------------------------------------------
    Grand Total:              6'158       54    1'176


*******************************************************************************
*** ENTRY LIST
***

Entry                       Address   Size  Type      Object
-----                       -------   ----  ----      ------
.iar.init_table$$Base    0x800'164c          --   Gb  - Linker created -
.iar.init_table$$Limit   0x800'1670          --   Gb  - Linker created -
?main                    0x800'1671         Code  Gb  cmain.o [4]
AHBPrescTable            0x800'15f0   0x10  Data  Gb  system_stm32f4xx.o [1]
BusFault_Handler         0x800'150f    0x2  Code  Gb  stm32f4xx_it.o [1]
CSTACK$$Base            0x2000'0098          --   Gb  - Linker created -
CSTACK$$Limit           0x2000'0498          --   Gb  - Linker created -
DebugMon_Handler         0x800'1515    0x2  Code  Gb  stm32f4xx_it.o [1]
HAL_GPIO_Init            0x800'09c1  0x1c2  Code  Gb  stm32f4xx_hal_gpio.o [1]
HAL_GPIO_TogglePin       0x800'0b83    0xe  Code  Gb  stm32f4xx_hal_gpio.o [1]
HAL_GetTick              0x800'0f69    0xc  Code  Wk  stm32f4xx_hal.o [1]
HAL_IncTick              0x800'15c5   0x10  Code  Wk  stm32f4xx_hal.o [1]
HAL_Init                 0x800'117d   0x30  Code  Gb  stm32f4xx_hal.o [1]
HAL_InitTick             0x800'13bd   0x40  Code  Wk  stm32f4xx_hal.o [1]
HAL_MspInit              0x800'07dd   0x34  Code  Gb  stm32f4xx_hal_msp.o [1]
HAL_NVIC_EnableIRQ       0x800'0957   0x16  Code  Gb  stm32f4xx_hal_cortex.o [1]
HAL_NVIC_SetPriority     0x800'091d   0x3a  Code  Gb  stm32f4xx_hal_cortex.o [1]
HAL_NVIC_SetPriorityGrouping
                         0x800'0903   0x1a  Code  Gb  stm32f4xx_hal_cortex.o [1]
HAL_RCC_ClockConfig      0x800'123d  0x100  Code  Gb  stm32f4xx_hal_rcc.o [1]
HAL_RCC_OscConfig        0x800'0c59  0x310  Code  Wk  stm32f4xx_hal_rcc.o [1]
HAL_SYSTICK_Config       0x800'096d   0x28  Code  Gb  stm32f4xx_hal_cortex.o [1]
HAL_TIMEx_BreakCallback
                         0x800'08e1    0x2  Code  Wk  stm32f4xx_hal_tim_ex.o [1]
HAL_TIMEx_CommutCallback
                         0x800'08e5    0x2  Code  Wk  stm32f4xx_hal_tim_ex.o [1]
HAL_TIMEx_MasterConfigSynchronization
                         0x800'11b1   0x6e  Code  Gb  stm32f4xx_hal_tim_ex.o [1]
HAL_TIM_Base_Init        0x800'01ad   0x1a  Code  Gb  stm32f4xx_hal_tim.o [1]
HAL_TIM_Base_MspInit     0x800'0811   0x62  Code  Gb  stm32f4xx_hal_msp.o [1]
HAL_TIM_Base_Start       0x800'01c7   0x1e  Code  Gb  stm32f4xx_hal_tim.o [1]
HAL_TIM_ConfigClockSource
                         0x800'0445   0x90  Code  Gb  stm32f4xx_hal_tim.o [1]
HAL_TIM_IRQHandler       0x800'02b5  0x142  Code  Gb  stm32f4xx_hal_tim.o [1]
HAL_TIM_MspPostInit      0x800'0873   0x50  Code  Gb  stm32f4xx_hal_msp.o [1]
HAL_TIM_OC_ConfigChannel
                         0x800'03fd   0x48  Code  Gb  stm32f4xx_hal_tim.o [1]
HAL_TIM_OC_Init          0x800'01ef   0x18  Code  Gb  stm32f4xx_hal_tim.o [1]
HAL_TIM_OC_Start_IT      0x800'021b   0x12  Code  Gb  stm32f4xx_hal_tim.o [1]
HardFault_Handler        0x800'150b    0x2  Code  Gb  stm32f4xx_it.o [1]
MemManage_Handler        0x800'150d    0x2  Code  Gb  stm32f4xx_it.o [1]
NMI_Handler              0x800'1509    0x2  Code  Gb  stm32f4xx_it.o [1]
PendSV_Handler           0x800'1517    0x2  Code  Gb  stm32f4xx_it.o [1]
Region$$Table$$Base      0x800'164c          --   Gb  - Linker created -
Region$$Table$$Limit     0x800'1670          --   Gb  - Linker created -
SVC_Handler              0x800'1513    0x2  Code  Gb  stm32f4xx_it.o [1]
SysTick_Handler          0x800'1519    0x4  Code  Gb  stm32f4xx_it.o [1]
SystemClock_Config       0x800'10cb   0x9a  Code  Gb  main.o [1]
SystemCoreClock         0x2000'000c    0x4  Data  Gb  system_stm32f4xx.o [1]
SystemInit               0x800'15d5   0x14  Code  Gb  system_stm32f4xx.o [1]
TIM3_IRQHandler          0x800'151d   0x64  Code  Gb  stm32f4xx_it.o [1]
TIM4_IRQHandler          0x800'1581   0x28  Code  Gb  stm32f4xx_it.o [1]
TIM_Base_SetConfig       0x800'04ff   0x96  Code  Gb  stm32f4xx_hal_tim.o [1]
TIM_CCxChannelCmd        0x800'0787   0x16  Code  Gb  stm32f4xx_hal_tim.o [1]
TIM_ETR_SetConfig        0x800'0773   0x14  Code  Gb  stm32f4xx_hal_tim.o [1]
TIM_ITRx_SetConfig       0x800'0763   0x10  Code  Lc  stm32f4xx_hal_tim.o [1]
TIM_OC1_SetConfig        0x800'0595   0x58  Code  Lc  stm32f4xx_hal_tim.o [1]
TIM_OC2_SetConfig        0x800'05ed   0x60  Code  Gb  stm32f4xx_hal_tim.o [1]
TIM_OC3_SetConfig        0x800'064d   0x5e  Code  Lc  stm32f4xx_hal_tim.o [1]
TIM_OC4_SetConfig        0x800'06ab   0x46  Code  Lc  stm32f4xx_hal_tim.o [1]
TIM_TI1_ConfigInputStage
                         0x800'0721   0x1e  Code  Lc  stm32f4xx_hal_tim.o [1]
TIM_TI2_ConfigInputStage
                         0x800'073f   0x24  Code  Lc  stm32f4xx_hal_tim.o [1]
UsageFault_Handler       0x800'1511    0x2  Code  Gb  stm32f4xx_it.o [1]
__NVIC_SetPriority       0x800'08e9   0x1a  Code  Lc  stm32f4xx_hal_cortex.o [1]
__aeabi_ldiv0            0x800'1505         Code  Gb  I64DivZer.o [4]
__aeabi_memset           0x800'0bc5         Code  Gb  ABImemset.o [4]
__cmain                  0x800'1671         Code  Gb  cmain.o [4]
__exit                   0x800'16a5   0x14  Code  Gb  exit.o [5]
__iar_Memset             0x800'0bc5         Code  Gb  ABImemset.o [4]
__iar_Memset_word        0x800'0bcd         Code  Gb  ABImemset.o [4]
__iar_copy_init3         0x800'0c2b   0x2e  Code  Gb  copy_init3.o [4]
__iar_data_init3         0x800'1601   0x28  Code  Gb  data_init.o [4]
__iar_init_vfp           0x800'1629         Code  Gb  fpinit_M.o [3]
__iar_program_start      0x800'16d9         Code  Gb  cstartup_M.o [4]
__iar_small_uldivmod     0x800'13fd         Code  Gb  I64DivMod_small.o [4]
__iar_zero_init3         0x800'07a3   0x3a  Code  Gb  zero_init3.o [4]
__low_level_init         0x800'168f    0x4  Code  Gb  low_level_init.o [2]
__vector_table           0x800'0000         Data  Gb  startup_stm32f429xx.o [1]
_call_main               0x800'167d         Code  Gb  cmain.o [4]
_exit                    0x800'1699         Code  Gb  cexit.o [4]
_main                    0x800'168b         Code  Gb  cmain.o [4]
exit                     0x800'1693    0x4  Code  Gb  exit.o [2]
htim3                   0x2000'0010   0x40  Data  Gb  main.o [1]
htim4                   0x2000'0050   0x40  Data  Gb  main.o [1]
main                     0x800'0f75  0x138  Code  Gb  main.o [1]
memset                   0x800'09ad   0x14  Code  Gb  memset.o [4]
periodflag              0x2000'0094    0x4  Data  Gb  stm32f4xx_it.o [1]
pwmflag                 0x2000'0090    0x4  Data  Gb  stm32f4xx_it.o [1]
uwTick                  0x2000'0004    0x4  Data  Gb  stm32f4xx_hal.o [1]
uwTickFreq              0x2000'0000    0x1  Data  Gb  stm32f4xx_hal.o [1]
uwTickPrio              0x2000'0008    0x4  Data  Gb  stm32f4xx_hal.o [1]


[1] = C:\Users\mohit\Desktop\Microapps projects\HW4\HW4\EWARM\HW4\Obj
[2] = dl7M_tln.a
[3] = m7M_tls.a
[4] = rt7M_tl.a
[5] = shb_l.a

  6'158 bytes of readonly  code memory
     54 bytes of readonly  data memory
  1'176 bytes of readwrite data memory

Errors: none
Warnings: none
