###############################################################################
#
# IAR ELF Linker V8.42.1.233/W32 for ARM                  19/Jan/2020  15:28:19
# Copyright 2007-2019 IAR Systems AB.
#
#    Output file  =
#        C:\Users\mohit\Desktop\Microapps projects\LAB
#        2\LAB2task2\EWARM\LAB2task2\Exe\LAB2task2.out
#    Map file     =
#        C:\Users\mohit\Desktop\Microapps projects\LAB
#        2\LAB2task2\EWARM\LAB2task2\List\LAB2task2.map
#    Command line =
#        -f C:\Users\mohit\AppData\Local\Temp\EW2BA9.tmp
#        ("C:\Users\mohit\Desktop\Microapps projects\LAB
#        2\LAB2task2\EWARM\LAB2task2\Obj\main.o"
#        "C:\Users\mohit\Desktop\Microapps projects\LAB
#        2\LAB2task2\EWARM\LAB2task2\Obj\startup_stm32f429xx.o"
#        "C:\Users\mohit\Desktop\Microapps projects\LAB
#        2\LAB2task2\EWARM\LAB2task2\Obj\stm32f4xx_hal.o"
#        "C:\Users\mohit\Desktop\Microapps projects\LAB
#        2\LAB2task2\EWARM\LAB2task2\Obj\stm32f4xx_hal_cortex.o"
#        "C:\Users\mohit\Desktop\Microapps projects\LAB
#        2\LAB2task2\EWARM\LAB2task2\Obj\stm32f4xx_hal_dma.o"
#        "C:\Users\mohit\Desktop\Microapps projects\LAB
#        2\LAB2task2\EWARM\LAB2task2\Obj\stm32f4xx_hal_dma_ex.o"
#        "C:\Users\mohit\Desktop\Microapps projects\LAB
#        2\LAB2task2\EWARM\LAB2task2\Obj\stm32f4xx_hal_exti.o"
#        "C:\Users\mohit\Desktop\Microapps projects\LAB
#        2\LAB2task2\EWARM\LAB2task2\Obj\stm32f4xx_hal_flash.o"
#        "C:\Users\mohit\Desktop\Microapps projects\LAB
#        2\LAB2task2\EWARM\LAB2task2\Obj\stm32f4xx_hal_flash_ex.o"
#        "C:\Users\mohit\Desktop\Microapps projects\LAB
#        2\LAB2task2\EWARM\LAB2task2\Obj\stm32f4xx_hal_flash_ramfunc.o"
#        "C:\Users\mohit\Desktop\Microapps projects\LAB
#        2\LAB2task2\EWARM\LAB2task2\Obj\stm32f4xx_hal_gpio.o"
#        "C:\Users\mohit\Desktop\Microapps projects\LAB
#        2\LAB2task2\EWARM\LAB2task2\Obj\stm32f4xx_hal_msp.o"
#        "C:\Users\mohit\Desktop\Microapps projects\LAB
#        2\LAB2task2\EWARM\LAB2task2\Obj\stm32f4xx_hal_pwr.o"
#        "C:\Users\mohit\Desktop\Microapps projects\LAB
#        2\LAB2task2\EWARM\LAB2task2\Obj\stm32f4xx_hal_pwr_ex.o"
#        "C:\Users\mohit\Desktop\Microapps projects\LAB
#        2\LAB2task2\EWARM\LAB2task2\Obj\stm32f4xx_hal_rcc.o"
#        "C:\Users\mohit\Desktop\Microapps projects\LAB
#        2\LAB2task2\EWARM\LAB2task2\Obj\stm32f4xx_hal_rcc_ex.o"
#        "C:\Users\mohit\Desktop\Microapps projects\LAB
#        2\LAB2task2\EWARM\LAB2task2\Obj\stm32f4xx_hal_tim.o"
#        "C:\Users\mohit\Desktop\Microapps projects\LAB
#        2\LAB2task2\EWARM\LAB2task2\Obj\stm32f4xx_hal_tim_ex.o"
#        "C:\Users\mohit\Desktop\Microapps projects\LAB
#        2\LAB2task2\EWARM\LAB2task2\Obj\stm32f4xx_it.o"
#        "C:\Users\mohit\Desktop\Microapps projects\LAB
#        2\LAB2task2\EWARM\LAB2task2\Obj\system_stm32f4xx.o" --redirect
#        _Printf=_PrintfFull --redirect _Scanf=_ScanfFull --no_out_extension -o
#        "C:\Users\mohit\Desktop\Microapps projects\LAB
#        2\LAB2task2\EWARM\LAB2task2\Exe\LAB2task2.out" --map
#        "C:\Users\mohit\Desktop\Microapps projects\LAB
#        2\LAB2task2\EWARM\LAB2task2\List\LAB2task2.map" --config
#        "C:\Users\mohit\Desktop\Microapps projects\LAB
#        2\LAB2task2\EWARM/stm32f429xx_flash.icf" --semihosting --entry
#        __iar_program_start --vfe --text_out locale)
#
###############################################################################

*******************************************************************************
*** RUNTIME MODEL ATTRIBUTES
***

CppFlavor       = *
__SystemLibrary = DLib
__dlib_version  = 6


*******************************************************************************
*** HEAP SELECTION
***

The basic heap was selected because some modules are built with
size limitations (and not runtime checking), and --advanced_heap
was not specified.


*******************************************************************************
*** PLACEMENT SUMMARY
***

"A0":  place at address 0x800'0000 { ro section .intvec };
"P1":  place in [from 0x800'0000 to 0x81f'ffff] { ro };
define block CSTACK with size = 1K, alignment = 8 { };
define block HEAP with size = 512, alignment = 8 { };
"P2":  place in [from 0x2000'0000 to 0x2002'ffff] {
          rw, block CSTACK, block HEAP };
initialize by copy { rw };

  Section            Kind         Address   Size  Object
  -------            ----         -------   ----  ------
"A0":                                      0x1ac
  .intvec            ro code   0x800'0000  0x1ac  startup_stm32f429xx.o [1]
                             - 0x800'01ac  0x1ac

"P1":                                      0xe8c
  .text              ro code   0x800'01ac  0x310  stm32f4xx_hal_rcc.o [1]
  .text              ro code   0x800'04bc    0xc  stm32f4xx_hal.o [1]
  .text              ro code   0x800'04c8  0x20c  stm32f4xx_hal_rcc.o [1]
  .text              ro code   0x800'06d4   0x40  stm32f4xx_hal.o [1]
  .text              ro code   0x800'0714  0x200  stm32f4xx_hal_gpio.o [1]
  .text              ro code   0x800'0914  0x106  I64DivMod_small.o [4]
  .text              ro code   0x800'0a1a   0x2e  copy_init3.o [4]
  .text              ro code   0x800'0a48   0xac  stm32f4xx_hal_cortex.o [1]
  .text              ro code   0x800'0af4    0x2  I64DivZer.o [4]
  .text              ro code   0x800'0af8  0x1a4  main.o [1]
  .text              ro code   0x800'0c9c   0x34  stm32f4xx_hal.o [1]
  .text              ro code   0x800'0cd0   0x14  memset.o [4]
  .text              ro code   0x800'0ce4   0x28  stm32f4xx_hal.o [1]
  .text              ro code   0x800'0d0c   0x38  stm32f4xx_hal_msp.o [1]
  .text              ro code   0x800'0d44   0x66  ABImemset.o [4]
  .text              ro code   0x800'0dac   0x2c  system_stm32f4xx.o [1]
  .text              ro code   0x800'0dd8   0x28  data_init.o [4]
  .text              ro code   0x800'0e00   0x22  fpinit_M.o [3]
  .iar.init_table    const     0x800'0e24   0x14  - Linker created -
  .text              ro code   0x800'0e38   0x1e  cmain.o [4]
  .text              ro code   0x800'0e56    0x4  low_level_init.o [2]
  .text              ro code   0x800'0e5a    0x4  exit.o [2]
  .text              ro code   0x800'0e60    0xa  cexit.o [4]
  .text              ro code   0x800'0e6c   0x14  exit.o [5]
  .text              ro code   0x800'0e80   0x14  stm32f4xx_it.o [1]
  .text              ro code   0x800'0e94   0x10  stm32f4xx_hal.o [1]
  .text              ro code   0x800'0ea4   0x10  startup_stm32f429xx.o [1]
  Initializer bytes  const     0x800'0eb4   0x10  <for P2-1>
  .text              ro code   0x800'0ec4    0xc  cstartup_M.o [4]
  .text              ro code   0x800'0ed0    0x4  startup_stm32f429xx.o [1]
  .text              ro code   0x800'0ed4    0x4  startup_stm32f429xx.o [1]
  .text              ro code   0x800'0ed8    0x4  startup_stm32f429xx.o [1]
  .text              ro code   0x800'0edc    0x4  startup_stm32f429xx.o [1]
  .text              ro code   0x800'0ee0    0x4  startup_stm32f429xx.o [1]
  .text              ro code   0x800'0ee4    0x4  startup_stm32f429xx.o [1]
  .text              ro code   0x800'0ee8    0x4  startup_stm32f429xx.o [1]
  .text              ro code   0x800'0eec    0x4  startup_stm32f429xx.o [1]
  .text              ro code   0x800'0ef0    0x4  startup_stm32f429xx.o [1]
  .text              ro code   0x800'0ef4    0x4  startup_stm32f429xx.o [1]
  .text              ro code   0x800'0ef8    0x4  startup_stm32f429xx.o [1]
  .text              ro code   0x800'0efc    0x4  startup_stm32f429xx.o [1]
  .text              ro code   0x800'0f00    0x4  startup_stm32f429xx.o [1]
  .text              ro code   0x800'0f04    0x4  startup_stm32f429xx.o [1]
  .text              ro code   0x800'0f08    0x4  startup_stm32f429xx.o [1]
  .text              ro code   0x800'0f0c    0x4  startup_stm32f429xx.o [1]
  .text              ro code   0x800'0f10    0x4  startup_stm32f429xx.o [1]
  .text              ro code   0x800'0f14    0x4  startup_stm32f429xx.o [1]
  .text              ro code   0x800'0f18    0x4  startup_stm32f429xx.o [1]
  .text              ro code   0x800'0f1c    0x4  startup_stm32f429xx.o [1]
  .text              ro code   0x800'0f20    0x4  startup_stm32f429xx.o [1]
  .text              ro code   0x800'0f24    0x4  startup_stm32f429xx.o [1]
  .text              ro code   0x800'0f28    0x4  startup_stm32f429xx.o [1]
  .text              ro code   0x800'0f2c    0x4  startup_stm32f429xx.o [1]
  .text              ro code   0x800'0f30    0x4  startup_stm32f429xx.o [1]
  .text              ro code   0x800'0f34    0x4  startup_stm32f429xx.o [1]
  .text              ro code   0x800'0f38    0x4  startup_stm32f429xx.o [1]
  .text              ro code   0x800'0f3c    0x4  startup_stm32f429xx.o [1]
  .text              ro code   0x800'0f40    0x4  startup_stm32f429xx.o [1]
  .text              ro code   0x800'0f44    0x4  startup_stm32f429xx.o [1]
  .text              ro code   0x800'0f48    0x4  startup_stm32f429xx.o [1]
  .text              ro code   0x800'0f4c    0x4  startup_stm32f429xx.o [1]
  .text              ro code   0x800'0f50    0x4  startup_stm32f429xx.o [1]
  .text              ro code   0x800'0f54    0x4  startup_stm32f429xx.o [1]
  .text              ro code   0x800'0f58    0x4  startup_stm32f429xx.o [1]
  .text              ro code   0x800'0f5c    0x4  startup_stm32f429xx.o [1]
  .text              ro code   0x800'0f60    0x4  startup_stm32f429xx.o [1]
  .text              ro code   0x800'0f64    0x4  startup_stm32f429xx.o [1]
  .text              ro code   0x800'0f68    0x4  startup_stm32f429xx.o [1]
  .text              ro code   0x800'0f6c    0x4  startup_stm32f429xx.o [1]
  .text              ro code   0x800'0f70    0x4  startup_stm32f429xx.o [1]
  .text              ro code   0x800'0f74    0x4  startup_stm32f429xx.o [1]
  .text              ro code   0x800'0f78    0x4  startup_stm32f429xx.o [1]
  .text              ro code   0x800'0f7c    0x4  startup_stm32f429xx.o [1]
  .text              ro code   0x800'0f80    0x4  startup_stm32f429xx.o [1]
  .text              ro code   0x800'0f84    0x4  startup_stm32f429xx.o [1]
  .text              ro code   0x800'0f88    0x4  startup_stm32f429xx.o [1]
  .text              ro code   0x800'0f8c    0x4  startup_stm32f429xx.o [1]
  .text              ro code   0x800'0f90    0x4  startup_stm32f429xx.o [1]
  .text              ro code   0x800'0f94    0x4  startup_stm32f429xx.o [1]
  .text              ro code   0x800'0f98    0x4  startup_stm32f429xx.o [1]
  .text              ro code   0x800'0f9c    0x4  startup_stm32f429xx.o [1]
  .text              ro code   0x800'0fa0    0x4  startup_stm32f429xx.o [1]
  .text              ro code   0x800'0fa4    0x4  startup_stm32f429xx.o [1]
  .text              ro code   0x800'0fa8    0x4  startup_stm32f429xx.o [1]
  .text              ro code   0x800'0fac    0x4  startup_stm32f429xx.o [1]
  .text              ro code   0x800'0fb0    0x4  startup_stm32f429xx.o [1]
  .text              ro code   0x800'0fb4    0x4  startup_stm32f429xx.o [1]
  .text              ro code   0x800'0fb8    0x4  startup_stm32f429xx.o [1]
  .text              ro code   0x800'0fbc    0x4  startup_stm32f429xx.o [1]
  .text              ro code   0x800'0fc0    0x4  startup_stm32f429xx.o [1]
  .text              ro code   0x800'0fc4    0x4  startup_stm32f429xx.o [1]
  .text              ro code   0x800'0fc8    0x4  startup_stm32f429xx.o [1]
  .text              ro code   0x800'0fcc    0x4  startup_stm32f429xx.o [1]
  .text              ro code   0x800'0fd0    0x4  startup_stm32f429xx.o [1]
  .text              ro code   0x800'0fd4    0x4  startup_stm32f429xx.o [1]
  .text              ro code   0x800'0fd8    0x4  startup_stm32f429xx.o [1]
  .text              ro code   0x800'0fdc    0x4  startup_stm32f429xx.o [1]
  .text              ro code   0x800'0fe0    0x4  startup_stm32f429xx.o [1]
  .text              ro code   0x800'0fe4    0x4  startup_stm32f429xx.o [1]
  .text              ro code   0x800'0fe8    0x4  startup_stm32f429xx.o [1]
  .text              ro code   0x800'0fec    0x4  startup_stm32f429xx.o [1]
  .text              ro code   0x800'0ff0    0x4  startup_stm32f429xx.o [1]
  .text              ro code   0x800'0ff4    0x4  startup_stm32f429xx.o [1]
  .text              ro code   0x800'0ff8    0x4  startup_stm32f429xx.o [1]
  .text              ro code   0x800'0ffc    0x4  startup_stm32f429xx.o [1]
  .text              ro code   0x800'1000    0x4  startup_stm32f429xx.o [1]
  .text              ro code   0x800'1004    0x4  startup_stm32f429xx.o [1]
  .text              ro code   0x800'1008    0x4  startup_stm32f429xx.o [1]
  .text              ro code   0x800'100c    0x4  startup_stm32f429xx.o [1]
  .text              ro code   0x800'1010    0x4  startup_stm32f429xx.o [1]
  .text              ro code   0x800'1014    0x4  startup_stm32f429xx.o [1]
  .text              ro code   0x800'1018    0x4  startup_stm32f429xx.o [1]
  .text              ro code   0x800'101c    0x4  startup_stm32f429xx.o [1]
  .text              ro code   0x800'1020    0x4  startup_stm32f429xx.o [1]
  .text              ro code   0x800'1024    0x4  startup_stm32f429xx.o [1]
  .text              ro code   0x800'1028    0x4  startup_stm32f429xx.o [1]
  .text              ro code   0x800'102c    0x4  startup_stm32f429xx.o [1]
  .text              ro code   0x800'1030    0x4  startup_stm32f429xx.o [1]
  .text              ro code   0x800'1034    0x4  startup_stm32f429xx.o [1]
  .rodata            const     0x800'1038    0x0  copy_init3.o [4]
                             - 0x800'1038  0xe8c

"P2", part 1 of 2:                          0x10
  P2-1                        0x2000'0000   0x10  <Init block>
    .data            inited   0x2000'0000    0xc  stm32f4xx_hal.o [1]
    .data            inited   0x2000'000c    0x4  system_stm32f4xx.o [1]
                            - 0x2000'0010   0x10

"P2", part 2 of 2:                         0x400
  CSTACK                      0x2000'0010  0x400  <Block>
    CSTACK           uninit   0x2000'0010  0x400  <Block tail>
                            - 0x2000'0410  0x400

Unused ranges:

         From           To       Size
         ----           --       ----
   0x800'1038   0x81f'ffff  0x1f'efc8
  0x2000'0410  0x2002'ffff   0x2'fbf0


*******************************************************************************
*** INIT TABLE
***

          Address      Size
          -------      ----
Copy (__iar_copy_init3)
    1 source range, total size 0x10:
           0x800'0eb4  0x10
    1 destination range, total size 0x10:
          0x2000'0000  0x10



*******************************************************************************
*** MODULE SUMMARY
***

    Module                  ro code  ro data  rw data
    ------                  -------  -------  -------
command line/config:
    -------------------------------------------------
    Total:

C:\Users\mohit\Desktop\Microapps projects\LAB 2\LAB2task2\EWARM\LAB2task2\Obj: [1]
    main.o                      420
    startup_stm32f429xx.o       804
    stm32f4xx_hal.o             184       12       12
    stm32f4xx_hal_cortex.o      172
    stm32f4xx_hal_gpio.o        512
    stm32f4xx_hal_msp.o          56
    stm32f4xx_hal_rcc.o       1'308
    stm32f4xx_it.o               20
    system_stm32f4xx.o           44        4        4
    -------------------------------------------------
    Total:                    3'520       16       16

dl7M_tln.a: [2]
    exit.o                        4
    low_level_init.o              4
    -------------------------------------------------
    Total:                        8

m7M_tls.a: [3]
    fpinit_M.o                   34
    -------------------------------------------------
    Total:                       34

rt7M_tl.a: [4]
    ABImemset.o                 102
    I64DivMod_small.o           262
    I64DivZer.o                   2
    cexit.o                      10
    cmain.o                      30
    copy_init3.o                 46
    cstartup_M.o                 12
    data_init.o                  40
    memset.o                     20
    -------------------------------------------------
    Total:                      524

shb_l.a: [5]
    exit.o                       20
    -------------------------------------------------
    Total:                       20

    Gaps                          8        2
    Linker created                        20    1'024
-----------------------------------------------------
    Grand Total:              4'114       38    1'040


*******************************************************************************
*** ENTRY LIST
***

Entry                       Address   Size  Type      Object
-----                       -------   ----  ----      ------
.iar.init_table$$Base    0x800'0e24          --   Gb  - Linker created -
.iar.init_table$$Limit   0x800'0e38          --   Gb  - Linker created -
?main                    0x800'0e39         Code  Gb  cmain.o [4]
AHBPrescTable            0x800'0dc8   0x10  Data  Gb  system_stm32f4xx.o [1]
BusFault_Handler         0x800'0e87    0x2  Code  Gb  stm32f4xx_it.o [1]
CSTACK$$Base            0x2000'0010          --   Gb  - Linker created -
CSTACK$$Limit           0x2000'0410          --   Gb  - Linker created -
DebugMon_Handler         0x800'0e8d    0x2  Code  Gb  stm32f4xx_it.o [1]
HAL_Delay                0x800'0ce5   0x28  Code  Wk  stm32f4xx_hal.o [1]
HAL_GPIO_Init            0x800'0715  0x1c2  Code  Gb  stm32f4xx_hal_gpio.o [1]
HAL_GPIO_WritePin        0x800'08d7    0x8  Code  Gb  stm32f4xx_hal_gpio.o [1]
HAL_GetTick              0x800'04bd    0xc  Code  Wk  stm32f4xx_hal.o [1]
HAL_IncTick              0x800'0e95   0x10  Code  Wk  stm32f4xx_hal.o [1]
HAL_Init                 0x800'0c9d   0x30  Code  Gb  stm32f4xx_hal.o [1]
HAL_InitTick             0x800'06d5   0x40  Code  Wk  stm32f4xx_hal.o [1]
HAL_MspInit              0x800'0d0d   0x38  Code  Gb  stm32f4xx_hal_msp.o [1]
HAL_NVIC_SetPriority     0x800'0a7d   0x3a  Code  Gb  stm32f4xx_hal_cortex.o [1]
HAL_NVIC_SetPriorityGrouping
                         0x800'0a63   0x1a  Code  Gb  stm32f4xx_hal_cortex.o [1]
HAL_RCC_ClockConfig      0x800'04c9  0x100  Code  Gb  stm32f4xx_hal_rcc.o [1]
HAL_RCC_MCOConfig        0x800'05d5   0x6c  Code  Gb  stm32f4xx_hal_rcc.o [1]
HAL_RCC_OscConfig        0x800'01ad  0x310  Code  Wk  stm32f4xx_hal_rcc.o [1]
HAL_SYSTICK_Config       0x800'0ab7   0x28  Code  Gb  stm32f4xx_hal_cortex.o [1]
HardFault_Handler        0x800'0e83    0x2  Code  Gb  stm32f4xx_it.o [1]
MemManage_Handler        0x800'0e85    0x2  Code  Gb  stm32f4xx_it.o [1]
NMI_Handler              0x800'0e81    0x2  Code  Gb  stm32f4xx_it.o [1]
PendSV_Handler           0x800'0e8f    0x2  Code  Gb  stm32f4xx_it.o [1]
Region$$Table$$Base      0x800'0e24          --   Gb  - Linker created -
Region$$Table$$Limit     0x800'0e38          --   Gb  - Linker created -
SVC_Handler              0x800'0e8b    0x2  Code  Gb  stm32f4xx_it.o [1]
SysTick_Handler          0x800'0e91    0x4  Code  Gb  stm32f4xx_it.o [1]
SystemClock_Config       0x800'0bc7   0xbc  Code  Gb  main.o [1]
SystemCoreClock         0x2000'000c    0x4  Data  Gb  system_stm32f4xx.o [1]
SystemInit               0x800'0dad   0x14  Code  Gb  system_stm32f4xx.o [1]
UsageFault_Handler       0x800'0e89    0x2  Code  Gb  stm32f4xx_it.o [1]
__NVIC_SetPriority       0x800'0a49   0x1a  Code  Lc  stm32f4xx_hal_cortex.o [1]
__aeabi_ldiv0            0x800'0af5         Code  Gb  I64DivZer.o [4]
__aeabi_memset           0x800'0d45         Code  Gb  ABImemset.o [4]
__cmain                  0x800'0e39         Code  Gb  cmain.o [4]
__exit                   0x800'0e6d   0x14  Code  Gb  exit.o [5]
__iar_Memset             0x800'0d45         Code  Gb  ABImemset.o [4]
__iar_Memset_word        0x800'0d4d         Code  Gb  ABImemset.o [4]
__iar_copy_init3         0x800'0a1b   0x2e  Code  Gb  copy_init3.o [4]
__iar_data_init3         0x800'0dd9   0x28  Code  Gb  data_init.o [4]
__iar_init_vfp           0x800'0e01         Code  Gb  fpinit_M.o [3]
__iar_program_start      0x800'0ec5         Code  Gb  cstartup_M.o [4]
__iar_small_uldivmod     0x800'0915         Code  Gb  I64DivMod_small.o [4]
__low_level_init         0x800'0e57    0x4  Code  Gb  low_level_init.o [2]
__vector_table           0x800'0000         Data  Gb  startup_stm32f429xx.o [1]
_call_main               0x800'0e45         Code  Gb  cmain.o [4]
_exit                    0x800'0e61         Code  Gb  cexit.o [4]
_main                    0x800'0e53         Code  Gb  cmain.o [4]
exit                     0x800'0e5b    0x4  Code  Gb  exit.o [2]
main                     0x800'0af9   0xbc  Code  Gb  main.o [1]
memset                   0x800'0cd1   0x14  Code  Gb  memset.o [4]
uwTick                  0x2000'0004    0x4  Data  Gb  stm32f4xx_hal.o [1]
uwTickFreq              0x2000'0000    0x1  Data  Gb  stm32f4xx_hal.o [1]
uwTickPrio              0x2000'0008    0x4  Data  Gb  stm32f4xx_hal.o [1]


[1] = C:\Users\mohit\Desktop\Microapps projects\LAB 2\LAB2task2\EWARM\LAB2task2\Obj
[2] = dl7M_tln.a
[3] = m7M_tls.a
[4] = rt7M_tl.a
[5] = shb_l.a

  4'114 bytes of readonly  code memory
     38 bytes of readonly  data memory
  1'040 bytes of readwrite data memory

Errors: none
Warnings: none
