###############################################################################
#
# IAR ELF Linker V8.42.1.233/W32 for ARM                  11/Feb/2020  19:30:11
# Copyright 2007-2019 IAR Systems AB.
#
#    Output file  =
#        C:\Users\mohit\Desktop\Microapps
#        projects\LAB5\Task3\EWARM\Task3\Exe\Task3.out
#    Map file     =
#        C:\Users\mohit\Desktop\Microapps
#        projects\LAB5\Task3\EWARM\Task3\List\Task3.map
#    Command line =
#        -f C:\Users\mohit\AppData\Local\Temp\EW26DA.tmp
#        ("C:\Users\mohit\Desktop\Microapps
#        projects\LAB5\Task3\EWARM\Task3\Obj\main.o"
#        "C:\Users\mohit\Desktop\Microapps
#        projects\LAB5\Task3\EWARM\Task3\Obj\startup_stm32f429xx.o"
#        "C:\Users\mohit\Desktop\Microapps
#        projects\LAB5\Task3\EWARM\Task3\Obj\stm32f4xx_hal.o"
#        "C:\Users\mohit\Desktop\Microapps
#        projects\LAB5\Task3\EWARM\Task3\Obj\stm32f4xx_hal_cortex.o"
#        "C:\Users\mohit\Desktop\Microapps
#        projects\LAB5\Task3\EWARM\Task3\Obj\stm32f4xx_hal_dma.o"
#        "C:\Users\mohit\Desktop\Microapps
#        projects\LAB5\Task3\EWARM\Task3\Obj\stm32f4xx_hal_dma_ex.o"
#        "C:\Users\mohit\Desktop\Microapps
#        projects\LAB5\Task3\EWARM\Task3\Obj\stm32f4xx_hal_exti.o"
#        "C:\Users\mohit\Desktop\Microapps
#        projects\LAB5\Task3\EWARM\Task3\Obj\stm32f4xx_hal_flash.o"
#        "C:\Users\mohit\Desktop\Microapps
#        projects\LAB5\Task3\EWARM\Task3\Obj\stm32f4xx_hal_flash_ex.o"
#        "C:\Users\mohit\Desktop\Microapps
#        projects\LAB5\Task3\EWARM\Task3\Obj\stm32f4xx_hal_flash_ramfunc.o"
#        "C:\Users\mohit\Desktop\Microapps
#        projects\LAB5\Task3\EWARM\Task3\Obj\stm32f4xx_hal_gpio.o"
#        "C:\Users\mohit\Desktop\Microapps
#        projects\LAB5\Task3\EWARM\Task3\Obj\stm32f4xx_hal_msp.o"
#        "C:\Users\mohit\Desktop\Microapps
#        projects\LAB5\Task3\EWARM\Task3\Obj\stm32f4xx_hal_pwr.o"
#        "C:\Users\mohit\Desktop\Microapps
#        projects\LAB5\Task3\EWARM\Task3\Obj\stm32f4xx_hal_pwr_ex.o"
#        "C:\Users\mohit\Desktop\Microapps
#        projects\LAB5\Task3\EWARM\Task3\Obj\stm32f4xx_hal_rcc.o"
#        "C:\Users\mohit\Desktop\Microapps
#        projects\LAB5\Task3\EWARM\Task3\Obj\stm32f4xx_hal_rcc_ex.o"
#        "C:\Users\mohit\Desktop\Microapps
#        projects\LAB5\Task3\EWARM\Task3\Obj\stm32f4xx_hal_tim.o"
#        "C:\Users\mohit\Desktop\Microapps
#        projects\LAB5\Task3\EWARM\Task3\Obj\stm32f4xx_hal_tim_ex.o"
#        "C:\Users\mohit\Desktop\Microapps
#        projects\LAB5\Task3\EWARM\Task3\Obj\stm32f4xx_it.o"
#        "C:\Users\mohit\Desktop\Microapps
#        projects\LAB5\Task3\EWARM\Task3\Obj\system_stm32f4xx.o" --redirect
#        _Printf=_PrintfFull --redirect _Scanf=_ScanfFull --no_out_extension -o
#        "C:\Users\mohit\Desktop\Microapps
#        projects\LAB5\Task3\EWARM\Task3\Exe\Task3.out" --map
#        "C:\Users\mohit\Desktop\Microapps
#        projects\LAB5\Task3\EWARM\Task3\List\Task3.map" --config
#        "C:\Users\mohit\Desktop\Microapps
#        projects\LAB5\Task3\EWARM/stm32f429xx_flash.icf" --semihosting --entry
#        __iar_program_start --vfe --text_out locale)
#
###############################################################################

*******************************************************************************
*** RUNTIME MODEL ATTRIBUTES
***

CppFlavor       = *
__SystemLibrary = DLib
__dlib_version  = 6


*******************************************************************************
*** HEAP SELECTION
***

The basic heap was selected because some modules are built with
size limitations (and not runtime checking), and --advanced_heap
was not specified.


*******************************************************************************
*** PLACEMENT SUMMARY
***

"A0":  place at address 0x800'0000 { ro section .intvec };
"P1":  place in [from 0x800'0000 to 0x81f'ffff] { ro };
define block CSTACK with size = 1K, alignment = 8 { };
define block HEAP with size = 512, alignment = 8 { };
"P2":  place in [from 0x2000'0000 to 0x2002'ffff] {
          rw, block CSTACK, block HEAP };
initialize by copy { rw };

  Section            Kind         Address    Size  Object
  -------            ----         -------    ----  ------
"A0":                                       0x1ac
  .intvec            ro code   0x800'0000   0x1ac  startup_stm32f429xx.o [1]
                             - 0x800'01ac   0x1ac

"P1":                                      0x1a74
  .text              ro code   0x800'01ac   0x63e  stm32f4xx_hal_tim.o [1]
  .text              ro code   0x800'07ea    0x3a  zero_init3.o [4]
  .text              ro code   0x800'0824    0xcc  stm32f4xx_hal_msp.o [1]
  .text              ro code   0x800'08f0     0x2  stm32f4xx_hal_tim.o [1]
  .text              ro code   0x800'08f2     0x2  stm32f4xx_hal_tim.o [1]
  .text              ro code   0x800'08f4     0x2  stm32f4xx_hal_tim.o [1]
  .text              ro code   0x800'08f6     0x2  stm32f4xx_hal_tim.o [1]
  .text              ro code   0x800'08f8     0x2  stm32f4xx_hal_tim_ex.o [1]
  .text              ro code   0x800'08fa     0x2  stm32f4xx_hal_tim.o [1]
  .text              ro code   0x800'08fc     0x2  stm32f4xx_hal_tim_ex.o [1]
  .text              ro code   0x800'08fe     0x2  stm32f4xx_hal_tim.o [1]
  .text              ro code   0x800'0900    0xc4  stm32f4xx_hal_cortex.o [1]
  .text              ro code   0x800'09c4    0x14  memset.o [4]
  .text              ro code   0x800'09d8   0x1f8  stm32f4xx_hal_gpio.o [1]
  .text              ro code   0x800'0bd0    0x66  ABImemset.o [4]
  .text              ro code   0x800'0c36    0x2e  copy_init3.o [4]
  .text              ro code   0x800'0c64   0x310  stm32f4xx_hal_rcc.o [1]
  .text              ro code   0x800'0f74     0xc  stm32f4xx_hal.o [1]
  .text              ro code   0x800'0f80   0x246  DblDiv.o [3]
  .text              ro code   0x800'11c8   0x22a  main.o [1]
  .text              ro code   0x800'13f4    0x34  stm32f4xx_hal.o [1]
  .text              ro code   0x800'1428    0x8c  stm32f4xx_hal_tim_ex.o [1]
  .text              ro code   0x800'14b4    0x1a  U32ToDbl.o [3]
  .text              ro code   0x800'14d0   0x1a2  DblMul.o [3]
  .text              ro code   0x800'1674    0x3a  DblToS32.o [3]
  .text              ro code   0x800'16b0   0x180  stm32f4xx_hal_rcc.o [1]
  .text              ro code   0x800'1830    0x40  stm32f4xx_hal.o [1]
  .text              ro code   0x800'1870   0x106  I64DivMod_small.o [4]
  .text              ro code   0x800'1978     0x2  I64DivZer.o [4]
  .text              ro code   0x800'197c    0x2c  system_stm32f4xx.o [1]
  .text              ro code   0x800'19a8    0x28  data_init.o [4]
  .text              ro code   0x800'19d0    0x22  fpinit_M.o [3]
  .iar.init_table    const     0x800'19f4    0x24  - Linker created -
  .text              ro code   0x800'1a18    0x20  stm32f4xx_it.o [1]
  .text              ro code   0x800'1a38    0x10  stm32f4xx_hal.o [1]
  .text              ro code   0x800'1a48    0x1e  cmain.o [4]
  .text              ro code   0x800'1a66     0x4  low_level_init.o [2]
  .text              ro code   0x800'1a6a     0x4  exit.o [2]
  .text              ro code   0x800'1a70     0xa  cexit.o [4]
  .text              ro code   0x800'1a7c    0x14  exit.o [5]
  .text              ro code   0x800'1a90    0x10  startup_stm32f429xx.o [1]
  Initializer bytes  const     0x800'1aa0    0x10  <for P2-1>
  .text              ro code   0x800'1ab0     0xc  cstartup_M.o [4]
  .text              ro code   0x800'1abc     0x4  startup_stm32f429xx.o [1]
  .text              ro code   0x800'1ac0     0x4  startup_stm32f429xx.o [1]
  .text              ro code   0x800'1ac4     0x4  startup_stm32f429xx.o [1]
  .text              ro code   0x800'1ac8     0x4  startup_stm32f429xx.o [1]
  .text              ro code   0x800'1acc     0x4  startup_stm32f429xx.o [1]
  .text              ro code   0x800'1ad0     0x4  startup_stm32f429xx.o [1]
  .text              ro code   0x800'1ad4     0x4  startup_stm32f429xx.o [1]
  .text              ro code   0x800'1ad8     0x4  startup_stm32f429xx.o [1]
  .text              ro code   0x800'1adc     0x4  startup_stm32f429xx.o [1]
  .text              ro code   0x800'1ae0     0x4  startup_stm32f429xx.o [1]
  .text              ro code   0x800'1ae4     0x4  startup_stm32f429xx.o [1]
  .text              ro code   0x800'1ae8     0x4  startup_stm32f429xx.o [1]
  .text              ro code   0x800'1aec     0x4  startup_stm32f429xx.o [1]
  .text              ro code   0x800'1af0     0x4  startup_stm32f429xx.o [1]
  .text              ro code   0x800'1af4     0x4  startup_stm32f429xx.o [1]
  .text              ro code   0x800'1af8     0x4  startup_stm32f429xx.o [1]
  .text              ro code   0x800'1afc     0x4  startup_stm32f429xx.o [1]
  .text              ro code   0x800'1b00     0x4  startup_stm32f429xx.o [1]
  .text              ro code   0x800'1b04     0x4  startup_stm32f429xx.o [1]
  .text              ro code   0x800'1b08     0x4  startup_stm32f429xx.o [1]
  .text              ro code   0x800'1b0c     0x4  startup_stm32f429xx.o [1]
  .text              ro code   0x800'1b10     0x4  startup_stm32f429xx.o [1]
  .text              ro code   0x800'1b14     0x4  startup_stm32f429xx.o [1]
  .text              ro code   0x800'1b18     0x4  startup_stm32f429xx.o [1]
  .text              ro code   0x800'1b1c     0x4  startup_stm32f429xx.o [1]
  .text              ro code   0x800'1b20     0x4  startup_stm32f429xx.o [1]
  .text              ro code   0x800'1b24     0x4  startup_stm32f429xx.o [1]
  .text              ro code   0x800'1b28     0x4  startup_stm32f429xx.o [1]
  .text              ro code   0x800'1b2c     0x4  startup_stm32f429xx.o [1]
  .text              ro code   0x800'1b30     0x4  startup_stm32f429xx.o [1]
  .text              ro code   0x800'1b34     0x4  startup_stm32f429xx.o [1]
  .text              ro code   0x800'1b38     0x4  startup_stm32f429xx.o [1]
  .text              ro code   0x800'1b3c     0x4  startup_stm32f429xx.o [1]
  .text              ro code   0x800'1b40     0x4  startup_stm32f429xx.o [1]
  .text              ro code   0x800'1b44     0x4  startup_stm32f429xx.o [1]
  .text              ro code   0x800'1b48     0x4  startup_stm32f429xx.o [1]
  .text              ro code   0x800'1b4c     0x4  startup_stm32f429xx.o [1]
  .text              ro code   0x800'1b50     0x4  startup_stm32f429xx.o [1]
  .text              ro code   0x800'1b54     0x4  startup_stm32f429xx.o [1]
  .text              ro code   0x800'1b58     0x4  startup_stm32f429xx.o [1]
  .text              ro code   0x800'1b5c     0x4  startup_stm32f429xx.o [1]
  .text              ro code   0x800'1b60     0x4  startup_stm32f429xx.o [1]
  .text              ro code   0x800'1b64     0x4  startup_stm32f429xx.o [1]
  .text              ro code   0x800'1b68     0x4  startup_stm32f429xx.o [1]
  .text              ro code   0x800'1b6c     0x4  startup_stm32f429xx.o [1]
  .text              ro code   0x800'1b70     0x4  startup_stm32f429xx.o [1]
  .text              ro code   0x800'1b74     0x4  startup_stm32f429xx.o [1]
  .text              ro code   0x800'1b78     0x4  startup_stm32f429xx.o [1]
  .text              ro code   0x800'1b7c     0x4  startup_stm32f429xx.o [1]
  .text              ro code   0x800'1b80     0x4  startup_stm32f429xx.o [1]
  .text              ro code   0x800'1b84     0x4  startup_stm32f429xx.o [1]
  .text              ro code   0x800'1b88     0x4  startup_stm32f429xx.o [1]
  .text              ro code   0x800'1b8c     0x4  startup_stm32f429xx.o [1]
  .text              ro code   0x800'1b90     0x4  startup_stm32f429xx.o [1]
  .text              ro code   0x800'1b94     0x4  startup_stm32f429xx.o [1]
  .text              ro code   0x800'1b98     0x4  startup_stm32f429xx.o [1]
  .text              ro code   0x800'1b9c     0x4  startup_stm32f429xx.o [1]
  .text              ro code   0x800'1ba0     0x4  startup_stm32f429xx.o [1]
  .text              ro code   0x800'1ba4     0x4  startup_stm32f429xx.o [1]
  .text              ro code   0x800'1ba8     0x4  startup_stm32f429xx.o [1]
  .text              ro code   0x800'1bac     0x4  startup_stm32f429xx.o [1]
  .text              ro code   0x800'1bb0     0x4  startup_stm32f429xx.o [1]
  .text              ro code   0x800'1bb4     0x4  startup_stm32f429xx.o [1]
  .text              ro code   0x800'1bb8     0x4  startup_stm32f429xx.o [1]
  .text              ro code   0x800'1bbc     0x4  startup_stm32f429xx.o [1]
  .text              ro code   0x800'1bc0     0x4  startup_stm32f429xx.o [1]
  .text              ro code   0x800'1bc4     0x4  startup_stm32f429xx.o [1]
  .text              ro code   0x800'1bc8     0x4  startup_stm32f429xx.o [1]
  .text              ro code   0x800'1bcc     0x4  startup_stm32f429xx.o [1]
  .text              ro code   0x800'1bd0     0x4  startup_stm32f429xx.o [1]
  .text              ro code   0x800'1bd4     0x4  startup_stm32f429xx.o [1]
  .text              ro code   0x800'1bd8     0x4  startup_stm32f429xx.o [1]
  .text              ro code   0x800'1bdc     0x4  startup_stm32f429xx.o [1]
  .text              ro code   0x800'1be0     0x4  startup_stm32f429xx.o [1]
  .text              ro code   0x800'1be4     0x4  startup_stm32f429xx.o [1]
  .text              ro code   0x800'1be8     0x4  startup_stm32f429xx.o [1]
  .text              ro code   0x800'1bec     0x4  startup_stm32f429xx.o [1]
  .text              ro code   0x800'1bf0     0x4  startup_stm32f429xx.o [1]
  .text              ro code   0x800'1bf4     0x4  startup_stm32f429xx.o [1]
  .text              ro code   0x800'1bf8     0x4  startup_stm32f429xx.o [1]
  .text              ro code   0x800'1bfc     0x4  startup_stm32f429xx.o [1]
  .text              ro code   0x800'1c00     0x4  startup_stm32f429xx.o [1]
  .text              ro code   0x800'1c04     0x4  startup_stm32f429xx.o [1]
  .text              ro code   0x800'1c08     0x4  startup_stm32f429xx.o [1]
  .text              ro code   0x800'1c0c     0x4  startup_stm32f429xx.o [1]
  .text              ro code   0x800'1c10     0x4  startup_stm32f429xx.o [1]
  .text              ro code   0x800'1c14     0x4  startup_stm32f429xx.o [1]
  .text              ro code   0x800'1c18     0x4  startup_stm32f429xx.o [1]
  .text              ro code   0x800'1c1c     0x4  startup_stm32f429xx.o [1]
  .rodata            const     0x800'1c20     0x0  zero_init3.o [4]
  .rodata            const     0x800'1c20     0x0  copy_init3.o [4]
                             - 0x800'1c20  0x1a74

"P2", part 1 of 3:                           0x10
  P2-1                        0x2000'0000    0x10  <Init block>
    .data            inited   0x2000'0000     0xc  stm32f4xx_hal.o [1]
    .data            inited   0x2000'000c     0x4  system_stm32f4xx.o [1]
                            - 0x2000'0010    0x10

"P2", part 2 of 3:                           0x50
  .bss               zero     0x2000'0010    0x50  main.o [1]
                            - 0x2000'0060    0x50

"P2", part 3 of 3:                          0x400
  CSTACK                      0x2000'0060   0x400  <Block>
    CSTACK           uninit   0x2000'0060   0x400  <Block tail>
                            - 0x2000'0460   0x400

Unused ranges:

         From           To       Size
         ----           --       ----
   0x800'1c20   0x81f'ffff  0x1f'e3e0
  0x2000'0460  0x2002'ffff   0x2'fba0


*******************************************************************************
*** INIT TABLE
***

          Address      Size
          -------      ----
Zero (__iar_zero_init3)
    1 destination range, total size 0x50:
          0x2000'0010  0x50

Copy (__iar_copy_init3)
    1 source range, total size 0x10:
           0x800'1aa0  0x10
    1 destination range, total size 0x10:
          0x2000'0000  0x10



*******************************************************************************
*** MODULE SUMMARY
***

    Module                  ro code  ro data  rw data
    ------                  -------  -------  -------
command line/config:
    -------------------------------------------------
    Total:

C:\Users\mohit\Desktop\Microapps projects\LAB5\Task3\EWARM\Task3\Obj: [1]
    main.o                      554                80
    startup_stm32f429xx.o       800
    stm32f4xx_hal.o             144       12       12
    stm32f4xx_hal_cortex.o      196
    stm32f4xx_hal_gpio.o        504
    stm32f4xx_hal_msp.o         204
    stm32f4xx_hal_rcc.o       1'168
    stm32f4xx_hal_tim.o       1'610
    stm32f4xx_hal_tim_ex.o      144
    stm32f4xx_it.o               32
    system_stm32f4xx.o           44        4        4
    -------------------------------------------------
    Total:                    5'400       16       96

dl7M_tln.a: [2]
    exit.o                        4
    low_level_init.o              4
    -------------------------------------------------
    Total:                        8

m7M_tls.a: [3]
    DblDiv.o                    582
    DblMul.o                    418
    DblToS32.o                   58
    U32ToDbl.o                   26
    fpinit_M.o                   34
    -------------------------------------------------
    Total:                    1'118

rt7M_tl.a: [4]
    ABImemset.o                 102
    I64DivMod_small.o           262
    I64DivZer.o                   2
    cexit.o                      10
    cmain.o                      30
    copy_init3.o                 46
    cstartup_M.o                 12
    data_init.o                  40
    memset.o                     20
    zero_init3.o                 58
    -------------------------------------------------
    Total:                      582

shb_l.a: [5]
    exit.o                       20
    -------------------------------------------------
    Total:                       20

    Gaps                         18        2
    Linker created                        36    1'024
-----------------------------------------------------
    Grand Total:              7'146       54    1'120


*******************************************************************************
*** ENTRY LIST
***

Entry                       Address   Size  Type      Object
-----                       -------   ----  ----      ------
.iar.init_table$$Base    0x800'19f4          --   Gb  - Linker created -
.iar.init_table$$Limit   0x800'1a18          --   Gb  - Linker created -
?main                    0x800'1a49         Code  Gb  cmain.o [4]
AHBPrescTable            0x800'1998   0x10  Data  Gb  system_stm32f4xx.o [1]
BusFault_Handler         0x800'1a1f    0x2  Code  Gb  stm32f4xx_it.o [1]
CSTACK$$Base            0x2000'0060          --   Gb  - Linker created -
CSTACK$$Limit           0x2000'0460          --   Gb  - Linker created -
DebugMon_Handler         0x800'1a25    0x2  Code  Gb  stm32f4xx_it.o [1]
HAL_GPIO_Init            0x800'09d9  0x1c2  Code  Gb  stm32f4xx_hal_gpio.o [1]
HAL_GetTick              0x800'0f75    0xc  Code  Wk  stm32f4xx_hal.o [1]
HAL_IncTick              0x800'1a39   0x10  Code  Wk  stm32f4xx_hal.o [1]
HAL_Init                 0x800'13f5   0x30  Code  Gb  stm32f4xx_hal.o [1]
HAL_InitTick             0x800'1831   0x40  Code  Wk  stm32f4xx_hal.o [1]
HAL_MspInit              0x800'0825   0x34  Code  Gb  stm32f4xx_hal_msp.o [1]
HAL_NVIC_EnableIRQ       0x800'096f   0x16  Code  Gb  stm32f4xx_hal_cortex.o [1]
HAL_NVIC_SetPriority     0x800'0935   0x3a  Code  Gb  stm32f4xx_hal_cortex.o [1]
HAL_NVIC_SetPriorityGrouping
                         0x800'091b   0x1a  Code  Gb  stm32f4xx_hal_cortex.o [1]
HAL_RCC_ClockConfig      0x800'16b1  0x100  Code  Gb  stm32f4xx_hal_rcc.o [1]
HAL_RCC_OscConfig        0x800'0c65  0x310  Code  Wk  stm32f4xx_hal_rcc.o [1]
HAL_SYSTICK_Config       0x800'0985   0x28  Code  Gb  stm32f4xx_hal_cortex.o [1]
HAL_TIMEx_BreakCallback
                         0x800'08f9    0x2  Code  Wk  stm32f4xx_hal_tim_ex.o [1]
HAL_TIMEx_CommutCallback
                         0x800'08fd    0x2  Code  Wk  stm32f4xx_hal_tim_ex.o [1]
HAL_TIMEx_MasterConfigSynchronization
                         0x800'1429   0x6e  Code  Gb  stm32f4xx_hal_tim_ex.o [1]
HAL_TIM_Base_Init        0x800'01ad   0x1a  Code  Gb  stm32f4xx_hal_tim.o [1]
HAL_TIM_Base_MspInit     0x800'0859   0x36  Code  Gb  stm32f4xx_hal_msp.o [1]
HAL_TIM_ConfigClockSource
                         0x800'048d   0x90  Code  Gb  stm32f4xx_hal_tim.o [1]
HAL_TIM_IRQHandler       0x800'0255  0x142  Code  Gb  stm32f4xx_hal_tim.o [1]
HAL_TIM_MspPostInit      0x800'088f   0x50  Code  Gb  stm32f4xx_hal_msp.o [1]
HAL_TIM_PWM_ConfigChannel
                         0x800'039d   0xbc  Code  Gb  stm32f4xx_hal_tim.o [1]
HAL_TIM_PWM_Init         0x800'01fb   0x1a  Code  Gb  stm32f4xx_hal_tim.o [1]
HAL_TIM_PWM_Start        0x800'0215   0x14  Code  Gb  stm32f4xx_hal_tim.o [1]
HardFault_Handler        0x800'1a1b    0x2  Code  Gb  stm32f4xx_it.o [1]
MemManage_Handler        0x800'1a1d    0x2  Code  Gb  stm32f4xx_it.o [1]
NMI_Handler              0x800'1a19    0x2  Code  Gb  stm32f4xx_it.o [1]
PendSV_Handler           0x800'1a27    0x2  Code  Gb  stm32f4xx_it.o [1]
Region$$Table$$Base      0x800'19f4          --   Gb  - Linker created -
Region$$Table$$Limit     0x800'1a18          --   Gb  - Linker created -
SVC_Handler              0x800'1a23    0x2  Code  Gb  stm32f4xx_it.o [1]
SysTick_Handler          0x800'1a29    0x4  Code  Gb  stm32f4xx_it.o [1]
SystemClock_Config       0x800'1335   0x94  Code  Gb  main.o [1]
SystemCoreClock         0x2000'000c    0x4  Data  Gb  system_stm32f4xx.o [1]
SystemInit               0x800'197d   0x14  Code  Gb  system_stm32f4xx.o [1]
TIM4_IRQHandler          0x800'1a2d    0x6  Code  Gb  stm32f4xx_it.o [1]
TIM_Base_SetConfig       0x800'0547   0x96  Code  Gb  stm32f4xx_hal_tim.o [1]
TIM_CCxChannelCmd        0x800'07cf   0x16  Code  Gb  stm32f4xx_hal_tim.o [1]
TIM_ETR_SetConfig        0x800'07bb   0x14  Code  Gb  stm32f4xx_hal_tim.o [1]
TIM_ITRx_SetConfig       0x800'07ab   0x10  Code  Lc  stm32f4xx_hal_tim.o [1]
TIM_OC1_SetConfig        0x800'05dd   0x58  Code  Lc  stm32f4xx_hal_tim.o [1]
TIM_OC2_SetConfig        0x800'0635   0x60  Code  Gb  stm32f4xx_hal_tim.o [1]
TIM_OC3_SetConfig        0x800'0695   0x5e  Code  Lc  stm32f4xx_hal_tim.o [1]
TIM_OC4_SetConfig        0x800'06f3   0x46  Code  Lc  stm32f4xx_hal_tim.o [1]
TIM_TI1_ConfigInputStage
                         0x800'0769   0x1e  Code  Lc  stm32f4xx_hal_tim.o [1]
TIM_TI2_ConfigInputStage
                         0x800'0787   0x24  Code  Lc  stm32f4xx_hal_tim.o [1]
UsageFault_Handler       0x800'1a21    0x2  Code  Gb  stm32f4xx_it.o [1]
__NVIC_SetPriority       0x800'0901   0x1a  Code  Lc  stm32f4xx_hal_cortex.o [1]
__aeabi_d2iz             0x800'1675         Code  Gb  DblToS32.o [3]
__aeabi_ddiv             0x800'0f81         Code  Gb  DblDiv.o [3]
__aeabi_dmul             0x800'14d1         Code  Gb  DblMul.o [3]
__aeabi_ldiv0            0x800'1979         Code  Gb  I64DivZer.o [4]
__aeabi_memset           0x800'0bd1         Code  Gb  ABImemset.o [4]
__aeabi_ui2d             0x800'14b5         Code  Gb  U32ToDbl.o [3]
__cmain                  0x800'1a49         Code  Gb  cmain.o [4]
__exit                   0x800'1a7d   0x14  Code  Gb  exit.o [5]
__iar_Memset             0x800'0bd1         Code  Gb  ABImemset.o [4]
__iar_Memset_word        0x800'0bd9         Code  Gb  ABImemset.o [4]
__iar_copy_init3         0x800'0c37   0x2e  Code  Gb  copy_init3.o [4]
__iar_data_init3         0x800'19a9   0x28  Code  Gb  data_init.o [4]
__iar_init_vfp           0x800'19d1         Code  Gb  fpinit_M.o [3]
__iar_program_start      0x800'1ab1         Code  Gb  cstartup_M.o [4]
__iar_small_uldivmod     0x800'1871         Code  Gb  I64DivMod_small.o [4]
__iar_zero_init3         0x800'07eb   0x3a  Code  Gb  zero_init3.o [4]
__low_level_init         0x800'1a67    0x4  Code  Gb  low_level_init.o [2]
__vector_table           0x800'0000         Data  Gb  startup_stm32f429xx.o [1]
_call_main               0x800'1a55         Code  Gb  cmain.o [4]
_exit                    0x800'1a71         Code  Gb  cexit.o [4]
_main                    0x800'1a63         Code  Gb  cmain.o [4]
exit                     0x800'1a6b    0x4  Code  Gb  exit.o [2]
htim4                   0x2000'0018   0x40  Data  Gb  main.o [1]
main                     0x800'11ef  0x13c  Code  Gb  main.o [1]
memset                   0x800'09c5   0x14  Code  Gb  memset.o [4]
pwm_value               0x2000'0058    0x8  Data  Gb  main.o [1]
user_pwm_setvalue        0x800'11c9   0x26  Code  Gb  main.o [1]
uwTick                  0x2000'0004    0x4  Data  Gb  stm32f4xx_hal.o [1]
uwTickFreq              0x2000'0000    0x1  Data  Gb  stm32f4xx_hal.o [1]
uwTickPrio              0x2000'0008    0x4  Data  Gb  stm32f4xx_hal.o [1]
val1                    0x2000'0010    0x2  Data  Gb  main.o [1]
val2                    0x2000'0012    0x2  Data  Gb  main.o [1]
val3                    0x2000'0014    0x2  Data  Gb  main.o [1]


[1] = C:\Users\mohit\Desktop\Microapps projects\LAB5\Task3\EWARM\Task3\Obj
[2] = dl7M_tln.a
[3] = m7M_tls.a
[4] = rt7M_tl.a
[5] = shb_l.a

  7'146 bytes of readonly  code memory
     54 bytes of readonly  data memory
  1'120 bytes of readwrite data memory

Errors: none
Warnings: none
