###############################################################################
#
# IAR ELF Linker V8.42.1.233/W32 for ARM                  10/Mar/2020  09:52:03
# Copyright 2007-2019 IAR Systems AB.
#
#    Output file  =
#        C:\Users\mohit\Desktop\Microapps
#        projects\HW6\HW6\EWARM\HW6\Exe\HW6.out
#    Map file     =
#        C:\Users\mohit\Desktop\Microapps
#        projects\HW6\HW6\EWARM\HW6\List\HW6.map
#    Command line =
#        -f C:\Users\mohit\AppData\Local\Temp\EW7722.tmp
#        ("C:\Users\mohit\Desktop\Microapps
#        projects\HW6\HW6\EWARM\HW6\Obj\main.o"
#        "C:\Users\mohit\Desktop\Microapps
#        projects\HW6\HW6\EWARM\HW6\Obj\startup_stm32f429xx.o"
#        "C:\Users\mohit\Desktop\Microapps
#        projects\HW6\HW6\EWARM\HW6\Obj\stm32f4xx_hal.o"
#        "C:\Users\mohit\Desktop\Microapps
#        projects\HW6\HW6\EWARM\HW6\Obj\stm32f4xx_hal_adc.o"
#        "C:\Users\mohit\Desktop\Microapps
#        projects\HW6\HW6\EWARM\HW6\Obj\stm32f4xx_hal_adc_ex.o"
#        "C:\Users\mohit\Desktop\Microapps
#        projects\HW6\HW6\EWARM\HW6\Obj\stm32f4xx_hal_cortex.o"
#        "C:\Users\mohit\Desktop\Microapps
#        projects\HW6\HW6\EWARM\HW6\Obj\stm32f4xx_hal_dac.o"
#        "C:\Users\mohit\Desktop\Microapps
#        projects\HW6\HW6\EWARM\HW6\Obj\stm32f4xx_hal_dac_ex.o"
#        "C:\Users\mohit\Desktop\Microapps
#        projects\HW6\HW6\EWARM\HW6\Obj\stm32f4xx_hal_dma.o"
#        "C:\Users\mohit\Desktop\Microapps
#        projects\HW6\HW6\EWARM\HW6\Obj\stm32f4xx_hal_dma_ex.o"
#        "C:\Users\mohit\Desktop\Microapps
#        projects\HW6\HW6\EWARM\HW6\Obj\stm32f4xx_hal_exti.o"
#        "C:\Users\mohit\Desktop\Microapps
#        projects\HW6\HW6\EWARM\HW6\Obj\stm32f4xx_hal_flash.o"
#        "C:\Users\mohit\Desktop\Microapps
#        projects\HW6\HW6\EWARM\HW6\Obj\stm32f4xx_hal_flash_ex.o"
#        "C:\Users\mohit\Desktop\Microapps
#        projects\HW6\HW6\EWARM\HW6\Obj\stm32f4xx_hal_flash_ramfunc.o"
#        "C:\Users\mohit\Desktop\Microapps
#        projects\HW6\HW6\EWARM\HW6\Obj\stm32f4xx_hal_gpio.o"
#        "C:\Users\mohit\Desktop\Microapps
#        projects\HW6\HW6\EWARM\HW6\Obj\stm32f4xx_hal_msp.o"
#        "C:\Users\mohit\Desktop\Microapps
#        projects\HW6\HW6\EWARM\HW6\Obj\stm32f4xx_hal_pwr.o"
#        "C:\Users\mohit\Desktop\Microapps
#        projects\HW6\HW6\EWARM\HW6\Obj\stm32f4xx_hal_pwr_ex.o"
#        "C:\Users\mohit\Desktop\Microapps
#        projects\HW6\HW6\EWARM\HW6\Obj\stm32f4xx_hal_rcc.o"
#        "C:\Users\mohit\Desktop\Microapps
#        projects\HW6\HW6\EWARM\HW6\Obj\stm32f4xx_hal_rcc_ex.o"
#        "C:\Users\mohit\Desktop\Microapps
#        projects\HW6\HW6\EWARM\HW6\Obj\stm32f4xx_hal_tim.o"
#        "C:\Users\mohit\Desktop\Microapps
#        projects\HW6\HW6\EWARM\HW6\Obj\stm32f4xx_hal_tim_ex.o"
#        "C:\Users\mohit\Desktop\Microapps
#        projects\HW6\HW6\EWARM\HW6\Obj\stm32f4xx_it.o"
#        "C:\Users\mohit\Desktop\Microapps
#        projects\HW6\HW6\EWARM\HW6\Obj\system_stm32f4xx.o" --redirect
#        _Printf=_PrintfFull --redirect _Scanf=_ScanfFull --no_out_extension -o
#        "C:\Users\mohit\Desktop\Microapps
#        projects\HW6\HW6\EWARM\HW6\Exe\HW6.out" --map
#        "C:\Users\mohit\Desktop\Microapps
#        projects\HW6\HW6\EWARM\HW6\List\HW6.map" --config
#        "C:\Users\mohit\Desktop\Microapps
#        projects\HW6\HW6\EWARM/stm32f429xx_flash.icf" --semihosting --entry
#        __iar_program_start --vfe --text_out locale)
#
###############################################################################

*******************************************************************************
*** RUNTIME MODEL ATTRIBUTES
***

CppFlavor       = *
__SystemLibrary = DLib
__dlib_version  = 6


*******************************************************************************
*** HEAP SELECTION
***

The basic heap was selected because some modules are built with
size limitations (and not runtime checking), and --advanced_heap
was not specified.


*******************************************************************************
*** PLACEMENT SUMMARY
***

"A0":  place at address 0x800'0000 { ro section .intvec };
"P1":  place in [from 0x800'0000 to 0x81f'ffff] { ro };
define block CSTACK with size = 1K, alignment = 8 { };
define block HEAP with size = 512, alignment = 8 { };
"P2":  place in [from 0x2000'0000 to 0x2002'ffff] {
          rw, block CSTACK, block HEAP };
initialize by copy { rw };

  Section            Kind         Address    Size  Object
  -------            ----         -------    ----  ------
"A0":                                       0x1ac
  .intvec            ro code   0x800'0000   0x1ac  startup_stm32f429xx.o [1]
                             - 0x800'01ac   0x1ac

"P1":                                      0x1a6c
  .text              ro code   0x800'01ac   0x426  main.o [1]
  .text              ro code   0x800'05d2    0x3a  zero_init3.o [4]
  .text              ro code   0x800'060c    0x34  stm32f4xx_hal.o [1]
  .text              ro code   0x800'0640   0x200  stm32f4xx_hal_gpio.o [1]
  .text              ro code   0x800'0840   0x2d0  stm32f4xx_hal_adc.o [1]
  .text              ro code   0x800'0b10    0x9c  stm32f4xx_hal_dac.o [1]
  .text              ro code   0x800'0bac   0x3c0  stm32f4xx_hal_tim.o [1]
  .text              ro code   0x800'0f6c    0x28  stm32f4xx_hal.o [1]
  .text              ro code   0x800'0f94    0x8c  stm32f4xx_hal_tim_ex.o [1]
  .text              ro code   0x800'1020    0x14  memset.o [4]
  .text              ro code   0x800'1034   0x310  stm32f4xx_hal_rcc.o [1]
  .text              ro code   0x800'1344   0x180  stm32f4xx_hal_rcc.o [1]
  .text              ro code   0x800'14c4    0xc4  stm32f4xx_hal_cortex.o [1]
  .text              ro code   0x800'1588    0x40  stm32f4xx_hal.o [1]
  .text              ro code   0x800'15c8   0x19c  stm32f4xx_hal_msp.o [1]
  .text              ro code   0x800'1764     0x2  stm32f4xx_hal_tim.o [1]
  .text              ro code   0x800'1766     0x2  stm32f4xx_hal_tim.o [1]
  .text              ro code   0x800'1768     0x2  stm32f4xx_hal_tim.o [1]
  .text              ro code   0x800'176a     0x2  stm32f4xx_hal_tim_ex.o [1]
  .text              ro code   0x800'176c     0x2  stm32f4xx_hal_tim.o [1]
  .text              ro code   0x800'176e     0x2  stm32f4xx_hal_tim_ex.o [1]
  .text              ro code   0x800'1770     0x2  stm32f4xx_hal_tim.o [1]
  .text              ro code   0x800'1772    0x2e  copy_init3.o [4]
  .text              ro code   0x800'17a0     0xc  stm32f4xx_hal.o [1]
  .text              ro code   0x800'17ac    0x66  ABImemset.o [4]
  .text              ro code   0x800'1814   0x106  I64DivMod_small.o [4]
  .text              ro code   0x800'191c     0x2  I64DivZer.o [4]
  .text              ro code   0x800'1920    0x80  stm32f4xx_it.o [1]
  .text              ro code   0x800'19a0    0x10  stm32f4xx_hal.o [1]
  .text              ro code   0x800'19b0    0x2c  system_stm32f4xx.o [1]
  .text              ro code   0x800'19dc    0x28  data_init.o [4]
  .text              ro code   0x800'1a04    0x22  fpinit_M.o [3]
  .iar.init_table    const     0x800'1a28    0x24  - Linker created -
  .text              ro code   0x800'1a4c    0x1e  cmain.o [4]
  .text              ro code   0x800'1a6a     0x4  low_level_init.o [2]
  .text              ro code   0x800'1a6e     0x4  exit.o [2]
  .text              ro code   0x800'1a74     0xa  cexit.o [4]
  .text              ro code   0x800'1a80    0x14  exit.o [5]
  .text              ro code   0x800'1a94    0x10  startup_stm32f429xx.o [1]
  Initializer bytes  const     0x800'1aa4    0x10  <for P2-1>
  .text              ro code   0x800'1ab4     0xc  cstartup_M.o [4]
  .text              ro code   0x800'1ac0     0x4  startup_stm32f429xx.o [1]
  .text              ro code   0x800'1ac4     0x4  startup_stm32f429xx.o [1]
  .text              ro code   0x800'1ac8     0x4  startup_stm32f429xx.o [1]
  .text              ro code   0x800'1acc     0x4  startup_stm32f429xx.o [1]
  .text              ro code   0x800'1ad0     0x4  startup_stm32f429xx.o [1]
  .text              ro code   0x800'1ad4     0x4  startup_stm32f429xx.o [1]
  .text              ro code   0x800'1ad8     0x4  startup_stm32f429xx.o [1]
  .text              ro code   0x800'1adc     0x4  startup_stm32f429xx.o [1]
  .text              ro code   0x800'1ae0     0x4  startup_stm32f429xx.o [1]
  .text              ro code   0x800'1ae4     0x4  startup_stm32f429xx.o [1]
  .text              ro code   0x800'1ae8     0x4  startup_stm32f429xx.o [1]
  .text              ro code   0x800'1aec     0x4  startup_stm32f429xx.o [1]
  .text              ro code   0x800'1af0     0x4  startup_stm32f429xx.o [1]
  .text              ro code   0x800'1af4     0x4  startup_stm32f429xx.o [1]
  .text              ro code   0x800'1af8     0x4  startup_stm32f429xx.o [1]
  .text              ro code   0x800'1afc     0x4  startup_stm32f429xx.o [1]
  .text              ro code   0x800'1b00     0x4  startup_stm32f429xx.o [1]
  .text              ro code   0x800'1b04     0x4  startup_stm32f429xx.o [1]
  .text              ro code   0x800'1b08     0x4  startup_stm32f429xx.o [1]
  .text              ro code   0x800'1b0c     0x4  startup_stm32f429xx.o [1]
  .text              ro code   0x800'1b10     0x4  startup_stm32f429xx.o [1]
  .text              ro code   0x800'1b14     0x4  startup_stm32f429xx.o [1]
  .text              ro code   0x800'1b18     0x4  startup_stm32f429xx.o [1]
  .text              ro code   0x800'1b1c     0x4  startup_stm32f429xx.o [1]
  .text              ro code   0x800'1b20     0x4  startup_stm32f429xx.o [1]
  .text              ro code   0x800'1b24     0x4  startup_stm32f429xx.o [1]
  .text              ro code   0x800'1b28     0x4  startup_stm32f429xx.o [1]
  .text              ro code   0x800'1b2c     0x4  startup_stm32f429xx.o [1]
  .text              ro code   0x800'1b30     0x4  startup_stm32f429xx.o [1]
  .text              ro code   0x800'1b34     0x4  startup_stm32f429xx.o [1]
  .text              ro code   0x800'1b38     0x4  startup_stm32f429xx.o [1]
  .text              ro code   0x800'1b3c     0x4  startup_stm32f429xx.o [1]
  .text              ro code   0x800'1b40     0x4  startup_stm32f429xx.o [1]
  .text              ro code   0x800'1b44     0x4  startup_stm32f429xx.o [1]
  .text              ro code   0x800'1b48     0x4  startup_stm32f429xx.o [1]
  .text              ro code   0x800'1b4c     0x4  startup_stm32f429xx.o [1]
  .text              ro code   0x800'1b50     0x4  startup_stm32f429xx.o [1]
  .text              ro code   0x800'1b54     0x4  startup_stm32f429xx.o [1]
  .text              ro code   0x800'1b58     0x4  startup_stm32f429xx.o [1]
  .text              ro code   0x800'1b5c     0x4  startup_stm32f429xx.o [1]
  .text              ro code   0x800'1b60     0x4  startup_stm32f429xx.o [1]
  .text              ro code   0x800'1b64     0x4  startup_stm32f429xx.o [1]
  .text              ro code   0x800'1b68     0x4  startup_stm32f429xx.o [1]
  .text              ro code   0x800'1b6c     0x4  startup_stm32f429xx.o [1]
  .text              ro code   0x800'1b70     0x4  startup_stm32f429xx.o [1]
  .text              ro code   0x800'1b74     0x4  startup_stm32f429xx.o [1]
  .text              ro code   0x800'1b78     0x4  startup_stm32f429xx.o [1]
  .text              ro code   0x800'1b7c     0x4  startup_stm32f429xx.o [1]
  .text              ro code   0x800'1b80     0x4  startup_stm32f429xx.o [1]
  .text              ro code   0x800'1b84     0x4  startup_stm32f429xx.o [1]
  .text              ro code   0x800'1b88     0x4  startup_stm32f429xx.o [1]
  .text              ro code   0x800'1b8c     0x4  startup_stm32f429xx.o [1]
  .text              ro code   0x800'1b90     0x4  startup_stm32f429xx.o [1]
  .text              ro code   0x800'1b94     0x4  startup_stm32f429xx.o [1]
  .text              ro code   0x800'1b98     0x4  startup_stm32f429xx.o [1]
  .text              ro code   0x800'1b9c     0x4  startup_stm32f429xx.o [1]
  .text              ro code   0x800'1ba0     0x4  startup_stm32f429xx.o [1]
  .text              ro code   0x800'1ba4     0x4  startup_stm32f429xx.o [1]
  .text              ro code   0x800'1ba8     0x4  startup_stm32f429xx.o [1]
  .text              ro code   0x800'1bac     0x4  startup_stm32f429xx.o [1]
  .text              ro code   0x800'1bb0     0x4  startup_stm32f429xx.o [1]
  .text              ro code   0x800'1bb4     0x4  startup_stm32f429xx.o [1]
  .text              ro code   0x800'1bb8     0x4  startup_stm32f429xx.o [1]
  .text              ro code   0x800'1bbc     0x4  startup_stm32f429xx.o [1]
  .text              ro code   0x800'1bc0     0x4  startup_stm32f429xx.o [1]
  .text              ro code   0x800'1bc4     0x4  startup_stm32f429xx.o [1]
  .text              ro code   0x800'1bc8     0x4  startup_stm32f429xx.o [1]
  .text              ro code   0x800'1bcc     0x4  startup_stm32f429xx.o [1]
  .text              ro code   0x800'1bd0     0x4  startup_stm32f429xx.o [1]
  .text              ro code   0x800'1bd4     0x4  startup_stm32f429xx.o [1]
  .text              ro code   0x800'1bd8     0x4  startup_stm32f429xx.o [1]
  .text              ro code   0x800'1bdc     0x4  startup_stm32f429xx.o [1]
  .text              ro code   0x800'1be0     0x4  startup_stm32f429xx.o [1]
  .text              ro code   0x800'1be4     0x4  startup_stm32f429xx.o [1]
  .text              ro code   0x800'1be8     0x4  startup_stm32f429xx.o [1]
  .text              ro code   0x800'1bec     0x4  startup_stm32f429xx.o [1]
  .text              ro code   0x800'1bf0     0x4  startup_stm32f429xx.o [1]
  .text              ro code   0x800'1bf4     0x4  startup_stm32f429xx.o [1]
  .text              ro code   0x800'1bf8     0x4  startup_stm32f429xx.o [1]
  .text              ro code   0x800'1bfc     0x4  startup_stm32f429xx.o [1]
  .text              ro code   0x800'1c00     0x4  startup_stm32f429xx.o [1]
  .text              ro code   0x800'1c04     0x4  startup_stm32f429xx.o [1]
  .text              ro code   0x800'1c08     0x4  startup_stm32f429xx.o [1]
  .text              ro code   0x800'1c0c     0x4  startup_stm32f429xx.o [1]
  .text              ro code   0x800'1c10     0x4  startup_stm32f429xx.o [1]
  .text              ro code   0x800'1c14     0x4  startup_stm32f429xx.o [1]
  .rodata            const     0x800'1c18     0x0  zero_init3.o [4]
  .rodata            const     0x800'1c18     0x0  copy_init3.o [4]
                             - 0x800'1c18  0x1a6c

"P2", part 1 of 3:                           0x10
  P2-1                        0x2000'0000    0x10  <Init block>
    .data            inited   0x2000'0000     0xc  stm32f4xx_hal.o [1]
    .data            inited   0x2000'000c     0x4  system_stm32f4xx.o [1]
                            - 0x2000'0010    0x10

"P2", part 2 of 3:                          0x16c
  .bss               zero     0x2000'0010   0x15c  main.o [1]
  .bss               zero     0x2000'016c     0x4  stm32f4xx_it.o [1]
  .bss               zero     0x2000'0170     0x4  stm32f4xx_it.o [1]
  .bss               zero     0x2000'0174     0x4  stm32f4xx_it.o [1]
  .bss               zero     0x2000'0178     0x4  stm32f4xx_it.o [1]
                            - 0x2000'017c   0x16c

"P2", part 3 of 3:                          0x400
  CSTACK                      0x2000'0180   0x400  <Block>
    CSTACK           uninit   0x2000'0180   0x400  <Block tail>
                            - 0x2000'0580   0x400

Unused ranges:

         From           To       Size
         ----           --       ----
   0x800'1c18   0x81f'ffff  0x1f'e3e8
  0x2000'017c  0x2000'017f        0x4
  0x2000'0580  0x2002'ffff   0x2'fa80


*******************************************************************************
*** INIT TABLE
***

          Address      Size
          -------      ----
Zero (__iar_zero_init3)
    1 destination range, total size 0x16c:
          0x2000'0010  0x16c

Copy (__iar_copy_init3)
    1 source range, total size 0x10:
           0x800'1aa4   0x10
    1 destination range, total size 0x10:
          0x2000'0000   0x10



*******************************************************************************
*** MODULE SUMMARY
***

    Module                  ro code  ro data  rw data
    ------                  -------  -------  -------
command line/config:
    -------------------------------------------------
    Total:

C:\Users\mohit\Desktop\Microapps projects\HW6\HW6\EWARM\HW6\Obj: [1]
    main.o                    1'062               348
    startup_stm32f429xx.o       788
    stm32f4xx_hal.o             184       12       12
    stm32f4xx_hal_adc.o         720
    stm32f4xx_hal_cortex.o      196
    stm32f4xx_hal_dac.o         156
    stm32f4xx_hal_gpio.o        512
    stm32f4xx_hal_msp.o         412
    stm32f4xx_hal_rcc.o       1'168
    stm32f4xx_hal_tim.o         970
    stm32f4xx_hal_tim_ex.o      144
    stm32f4xx_it.o              128                16
    system_stm32f4xx.o           44        4        4
    -------------------------------------------------
    Total:                    6'484       16      380

dl7M_tln.a: [2]
    exit.o                        4
    low_level_init.o              4
    -------------------------------------------------
    Total:                        8

m7M_tls.a: [3]
    fpinit_M.o                   34
    -------------------------------------------------
    Total:                       34

rt7M_tl.a: [4]
    ABImemset.o                 102
    I64DivMod_small.o           262
    I64DivZer.o                   2
    cexit.o                      10
    cmain.o                      30
    copy_init3.o                 46
    cstartup_M.o                 12
    data_init.o                  40
    memset.o                     20
    zero_init3.o                 58
    -------------------------------------------------
    Total:                      582

shb_l.a: [5]
    exit.o                       20
    -------------------------------------------------
    Total:                       20

    Gaps                         10        2
    Linker created                        36    1'024
-----------------------------------------------------
    Grand Total:              7'138       54    1'404


*******************************************************************************
*** ENTRY LIST
***

Entry                       Address   Size  Type      Object
-----                       -------   ----  ----      ------
.iar.init_table$$Base    0x800'1a28          --   Gb  - Linker created -
.iar.init_table$$Limit   0x800'1a4c          --   Gb  - Linker created -
?main                    0x800'1a4d         Code  Gb  cmain.o [4]
AHBPrescTable            0x800'19cc   0x10  Data  Gb  system_stm32f4xx.o [1]
BusFault_Handler         0x800'1927    0x2  Code  Gb  stm32f4xx_it.o [1]
CSTACK$$Base            0x2000'0180          --   Gb  - Linker created -
CSTACK$$Limit           0x2000'0580          --   Gb  - Linker created -
DebugMon_Handler         0x800'192d    0x2  Code  Gb  stm32f4xx_it.o [1]
HAL_ADC_ConfigChannel    0x800'09af  0x122  Code  Gb  stm32f4xx_hal_adc.o [1]
HAL_ADC_GetValue         0x800'09a9    0x6  Code  Gb  stm32f4xx_hal_adc.o [1]
HAL_ADC_Init             0x800'0841  0x154  Code  Gb  stm32f4xx_hal_adc.o [1]
HAL_ADC_MspInit          0x800'15fd   0x34  Code  Gb  stm32f4xx_hal_msp.o [1]
HAL_DAC_ConfigChannel    0x800'0b45   0x48  Code  Gb  stm32f4xx_hal_dac.o [1]
HAL_DAC_GetValue         0x800'0b39    0xc  Code  Gb  stm32f4xx_hal_dac.o [1]
HAL_DAC_Init             0x800'0b11   0x28  Code  Gb  stm32f4xx_hal_dac.o [1]
HAL_DAC_MspInit          0x800'1631   0x34  Code  Gb  stm32f4xx_hal_msp.o [1]
HAL_DAC_SetValue         0x800'0b8d   0x20  Code  Gb  stm32f4xx_hal_dac.o [1]
HAL_Delay                0x800'0f6d   0x28  Code  Wk  stm32f4xx_hal.o [1]
HAL_GPIO_Init            0x800'0641  0x1c2  Code  Gb  stm32f4xx_hal_gpio.o [1]
HAL_GPIO_WritePin        0x800'0803    0x8  Code  Gb  stm32f4xx_hal_gpio.o [1]
HAL_GetTick              0x800'17a1    0xc  Code  Wk  stm32f4xx_hal.o [1]
HAL_IncTick              0x800'19a1   0x10  Code  Wk  stm32f4xx_hal.o [1]
HAL_Init                 0x800'060d   0x30  Code  Gb  stm32f4xx_hal.o [1]
HAL_InitTick             0x800'1589   0x40  Code  Wk  stm32f4xx_hal.o [1]
HAL_MspInit              0x800'15c9   0x34  Code  Gb  stm32f4xx_hal_msp.o [1]
HAL_NVIC_EnableIRQ       0x800'1533   0x16  Code  Gb  stm32f4xx_hal_cortex.o [1]
HAL_NVIC_SetPriority     0x800'14f9   0x3a  Code  Gb  stm32f4xx_hal_cortex.o [1]
HAL_NVIC_SetPriorityGrouping
                         0x800'14df   0x1a  Code  Gb  stm32f4xx_hal_cortex.o [1]
HAL_RCC_ClockConfig      0x800'1345  0x100  Code  Gb  stm32f4xx_hal_rcc.o [1]
HAL_RCC_OscConfig        0x800'1035  0x310  Code  Wk  stm32f4xx_hal_rcc.o [1]
HAL_SYSTICK_Config       0x800'1549   0x28  Code  Gb  stm32f4xx_hal_cortex.o [1]
HAL_TIMEx_BreakCallback
                         0x800'176b    0x2  Code  Wk  stm32f4xx_hal_tim_ex.o [1]
HAL_TIMEx_CommutCallback
                         0x800'176f    0x2  Code  Wk  stm32f4xx_hal_tim_ex.o [1]
HAL_TIMEx_MasterConfigSynchronization
                         0x800'0f95   0x6e  Code  Gb  stm32f4xx_hal_tim_ex.o [1]
HAL_TIM_Base_Init        0x800'0bad   0x1a  Code  Gb  stm32f4xx_hal_tim.o [1]
HAL_TIM_Base_MspInit     0x800'1695   0x9e  Code  Gb  stm32f4xx_hal_msp.o [1]
HAL_TIM_Base_Start       0x800'0bc7   0x1e  Code  Gb  stm32f4xx_hal_tim.o [1]
HAL_TIM_Base_Stop        0x800'0be5   0x26  Code  Gb  stm32f4xx_hal_tim.o [1]
HAL_TIM_ConfigClockSource
                         0x800'0d81   0x90  Code  Gb  stm32f4xx_hal_tim.o [1]
HAL_TIM_IRQHandler       0x800'0c39  0x142  Code  Gb  stm32f4xx_hal_tim.o [1]
HardFault_Handler        0x800'1923    0x2  Code  Gb  stm32f4xx_it.o [1]
MemManage_Handler        0x800'1925    0x2  Code  Gb  stm32f4xx_it.o [1]
NMI_Handler              0x800'1921    0x2  Code  Gb  stm32f4xx_it.o [1]
PendSV_Handler           0x800'192f    0x2  Code  Gb  stm32f4xx_it.o [1]
Region$$Table$$Base      0x800'1a28          --   Gb  - Linker created -
Region$$Table$$Limit     0x800'1a4c          --   Gb  - Linker created -
SVC_Handler              0x800'192b    0x2  Code  Gb  stm32f4xx_it.o [1]
SysTick_Handler          0x800'1931    0x4  Code  Gb  stm32f4xx_it.o [1]
SystemClock_Config       0x800'04f7   0x8e  Code  Gb  main.o [1]
SystemCoreClock         0x2000'000c    0x4  Data  Gb  system_stm32f4xx.o [1]
SystemInit               0x800'19b1   0x14  Code  Gb  system_stm32f4xx.o [1]
TIM2_IRQHandler          0x800'1935    0xc  Code  Gb  stm32f4xx_it.o [1]
TIM3_IRQHandler          0x800'1941    0xa  Code  Gb  stm32f4xx_it.o [1]
TIM4_IRQHandler          0x800'1951    0xc  Code  Gb  stm32f4xx_it.o [1]
TIM5_IRQHandler          0x800'195d   0x1e  Code  Gb  stm32f4xx_it.o [1]
TIM_Base_SetConfig       0x800'0e3b   0x96  Code  Gb  stm32f4xx_hal_tim.o [1]
TIM_ETR_SetConfig        0x800'0f53   0x14  Code  Gb  stm32f4xx_hal_tim.o [1]
TIM_ITRx_SetConfig       0x800'0f43   0x10  Code  Lc  stm32f4xx_hal_tim.o [1]
TIM_TI1_ConfigInputStage
                         0x800'0f01   0x1e  Code  Lc  stm32f4xx_hal_tim.o [1]
TIM_TI2_ConfigInputStage
                         0x800'0f1f   0x24  Code  Lc  stm32f4xx_hal_tim.o [1]
UsageFault_Handler       0x800'1929    0x2  Code  Gb  stm32f4xx_it.o [1]
__NVIC_SetPriority       0x800'14c5   0x1a  Code  Lc  stm32f4xx_hal_cortex.o [1]
__aeabi_ldiv0            0x800'191d         Code  Gb  I64DivZer.o [4]
__aeabi_memset           0x800'17ad         Code  Gb  ABImemset.o [4]
__cmain                  0x800'1a4d         Code  Gb  cmain.o [4]
__exit                   0x800'1a81   0x14  Code  Gb  exit.o [5]
__iar_Memset             0x800'17ad         Code  Gb  ABImemset.o [4]
__iar_Memset_word        0x800'17b5         Code  Gb  ABImemset.o [4]
__iar_copy_init3         0x800'1773   0x2e  Code  Gb  copy_init3.o [4]
__iar_data_init3         0x800'19dd   0x28  Code  Gb  data_init.o [4]
__iar_init_vfp           0x800'1a05         Code  Gb  fpinit_M.o [3]
__iar_program_start      0x800'1ab5         Code  Gb  cstartup_M.o [4]
__iar_small_uldivmod     0x800'1815         Code  Gb  I64DivMod_small.o [4]
__iar_zero_init3         0x800'05d3   0x3a  Code  Gb  zero_init3.o [4]
__low_level_init         0x800'1a6b    0x4  Code  Gb  low_level_init.o [2]
__vector_table           0x800'0000         Data  Gb  startup_stm32f429xx.o [1]
_call_main               0x800'1a59         Code  Gb  cmain.o [4]
_exit                    0x800'1a75         Code  Gb  cexit.o [4]
_main                    0x800'1a67         Code  Gb  cmain.o [4]
adc1value               0x2000'0178    0x4  Data  Gb  stm32f4xx_it.o [1]
exit                     0x800'1a6f    0x4  Code  Gb  exit.o [2]
hadc1                   0x2000'0010   0x48  Data  Gb  main.o [1]
hdac                    0x2000'0158   0x14  Data  Gb  main.o [1]
htim2                   0x2000'0058   0x40  Data  Gb  main.o [1]
htim3                   0x2000'0098   0x40  Data  Gb  main.o [1]
htim4                   0x2000'00d8   0x40  Data  Gb  main.o [1]
htim5                   0x2000'0118   0x40  Data  Gb  main.o [1]
main                     0x800'01ad  0x2e0  Code  Gb  main.o [1]
memset                   0x800'1021   0x14  Code  Gb  memset.o [4]
tim2flag                0x2000'016c    0x4  Data  Gb  stm32f4xx_it.o [1]
tim3flag                0x2000'0170    0x4  Data  Gb  stm32f4xx_it.o [1]
tim4flag                0x2000'0174    0x4  Data  Gb  stm32f4xx_it.o [1]
uwTick                  0x2000'0004    0x4  Data  Gb  stm32f4xx_hal.o [1]
uwTickFreq              0x2000'0000    0x1  Data  Gb  stm32f4xx_hal.o [1]
uwTickPrio              0x2000'0008    0x4  Data  Gb  stm32f4xx_hal.o [1]


[1] = C:\Users\mohit\Desktop\Microapps projects\HW6\HW6\EWARM\HW6\Obj
[2] = dl7M_tln.a
[3] = m7M_tls.a
[4] = rt7M_tl.a
[5] = shb_l.a

  7'138 bytes of readonly  code memory
     54 bytes of readonly  data memory
  1'404 bytes of readwrite data memory

Errors: none
Warnings: none
