###############################################################################
#
# IAR ELF Linker V8.42.1.233/W32 for ARM                  07/Mar/2020  11:45:02
# Copyright 2007-2019 IAR Systems AB.
#
#    Output file  =
#        C:\Users\mohit\Desktop\Microapps
#        projects\LAB8\Task2\EWARM\Task2\Exe\Task2.out
#    Map file     =
#        C:\Users\mohit\Desktop\Microapps
#        projects\LAB8\Task2\EWARM\Task2\List\Task2.map
#    Command line =
#        -f C:\Users\mohit\AppData\Local\Temp\EW4CD8.tmp
#        ("C:\Users\mohit\Desktop\Microapps
#        projects\LAB8\Task2\EWARM\Task2\Obj\main.o"
#        "C:\Users\mohit\Desktop\Microapps
#        projects\LAB8\Task2\EWARM\Task2\Obj\startup_stm32f429xx.o"
#        "C:\Users\mohit\Desktop\Microapps
#        projects\LAB8\Task2\EWARM\Task2\Obj\stm32f4xx_hal.o"
#        "C:\Users\mohit\Desktop\Microapps
#        projects\LAB8\Task2\EWARM\Task2\Obj\stm32f4xx_hal_adc.o"
#        "C:\Users\mohit\Desktop\Microapps
#        projects\LAB8\Task2\EWARM\Task2\Obj\stm32f4xx_hal_adc_ex.o"
#        "C:\Users\mohit\Desktop\Microapps
#        projects\LAB8\Task2\EWARM\Task2\Obj\stm32f4xx_hal_cortex.o"
#        "C:\Users\mohit\Desktop\Microapps
#        projects\LAB8\Task2\EWARM\Task2\Obj\stm32f4xx_hal_dma.o"
#        "C:\Users\mohit\Desktop\Microapps
#        projects\LAB8\Task2\EWARM\Task2\Obj\stm32f4xx_hal_dma_ex.o"
#        "C:\Users\mohit\Desktop\Microapps
#        projects\LAB8\Task2\EWARM\Task2\Obj\stm32f4xx_hal_exti.o"
#        "C:\Users\mohit\Desktop\Microapps
#        projects\LAB8\Task2\EWARM\Task2\Obj\stm32f4xx_hal_flash.o"
#        "C:\Users\mohit\Desktop\Microapps
#        projects\LAB8\Task2\EWARM\Task2\Obj\stm32f4xx_hal_flash_ex.o"
#        "C:\Users\mohit\Desktop\Microapps
#        projects\LAB8\Task2\EWARM\Task2\Obj\stm32f4xx_hal_flash_ramfunc.o"
#        "C:\Users\mohit\Desktop\Microapps
#        projects\LAB8\Task2\EWARM\Task2\Obj\stm32f4xx_hal_gpio.o"
#        "C:\Users\mohit\Desktop\Microapps
#        projects\LAB8\Task2\EWARM\Task2\Obj\stm32f4xx_hal_msp.o"
#        "C:\Users\mohit\Desktop\Microapps
#        projects\LAB8\Task2\EWARM\Task2\Obj\stm32f4xx_hal_pwr.o"
#        "C:\Users\mohit\Desktop\Microapps
#        projects\LAB8\Task2\EWARM\Task2\Obj\stm32f4xx_hal_pwr_ex.o"
#        "C:\Users\mohit\Desktop\Microapps
#        projects\LAB8\Task2\EWARM\Task2\Obj\stm32f4xx_hal_rcc.o"
#        "C:\Users\mohit\Desktop\Microapps
#        projects\LAB8\Task2\EWARM\Task2\Obj\stm32f4xx_hal_rcc_ex.o"
#        "C:\Users\mohit\Desktop\Microapps
#        projects\LAB8\Task2\EWARM\Task2\Obj\stm32f4xx_hal_tim.o"
#        "C:\Users\mohit\Desktop\Microapps
#        projects\LAB8\Task2\EWARM\Task2\Obj\stm32f4xx_hal_tim_ex.o"
#        "C:\Users\mohit\Desktop\Microapps
#        projects\LAB8\Task2\EWARM\Task2\Obj\stm32f4xx_it.o"
#        "C:\Users\mohit\Desktop\Microapps
#        projects\LAB8\Task2\EWARM\Task2\Obj\system_stm32f4xx.o" --redirect
#        _Printf=_PrintfFull --redirect _Scanf=_ScanfFull --no_out_extension -o
#        "C:\Users\mohit\Desktop\Microapps
#        projects\LAB8\Task2\EWARM\Task2\Exe\Task2.out" --map
#        "C:\Users\mohit\Desktop\Microapps
#        projects\LAB8\Task2\EWARM\Task2\List\Task2.map" --config
#        "C:\Users\mohit\Desktop\Microapps
#        projects\LAB8\Task2\EWARM/stm32f429xx_flash.icf" --semihosting --entry
#        __iar_program_start --vfe --text_out locale)
#
###############################################################################

*******************************************************************************
*** RUNTIME MODEL ATTRIBUTES
***

CppFlavor       = *
__SystemLibrary = DLib
__dlib_version  = 6


*******************************************************************************
*** HEAP SELECTION
***

The basic heap was selected because some modules are built with
size limitations (and not runtime checking), and --advanced_heap
was not specified.


*******************************************************************************
*** PLACEMENT SUMMARY
***

"A0":  place at address 0x800'0000 { ro section .intvec };
"P1":  place in [from 0x800'0000 to 0x81f'ffff] { ro };
define block CSTACK with size = 1K, alignment = 8 { };
define block HEAP with size = 512, alignment = 8 { };
"P2":  place in [from 0x2000'0000 to 0x2002'ffff] {
          rw, block CSTACK, block HEAP };
initialize by copy { rw };

  Section            Kind         Address    Size  Object
  -------            ----         -------    ----  ------
"A0":                                       0x1ac
  .intvec            ro code   0x800'0000   0x1ac  startup_stm32f429xx.o [1]
                             - 0x800'01ac   0x1ac

"P1":                                      0x1f63
  .text              ro code   0x800'01ac   0x544  stm32f4xx_hal_adc.o [1]
  .text              ro code   0x800'06f0    0xe8  stm32f4xx_hal_msp.o [1]
  .text              ro code   0x800'07d8     0x2  stm32f4xx_hal_adc.o [1]
  .text              ro code   0x800'07da    0x3a  zero_init3.o [4]
  .text              ro code   0x800'0814     0x2  stm32f4xx_hal_adc_ex.o [1]
  .text              ro code   0x800'0816     0x2  stm32f4xx_hal_adc.o [1]
  .text              ro code   0x800'0818     0x2  stm32f4xx_hal_adc.o [1]
  .text              ro code   0x800'081a    0x14  memset.o [4]
  .text              ro code   0x800'0830   0x20c  stm32f4xx_hal_gpio.o [1]
  .text              ro code   0x800'0a3c    0xc4  stm32f4xx_hal_cortex.o [1]
  .text              ro code   0x800'0b00    0x66  ABImemset.o [4]
  .text              ro code   0x800'0b68   0x39c  stm32f4xx_hal_tim.o [1]
  .text              ro code   0x800'0f04     0x2  stm32f4xx_hal_tim.o [1]
  .text              ro code   0x800'0f06     0x2  stm32f4xx_hal_tim.o [1]
  .text              ro code   0x800'0f08     0x2  stm32f4xx_hal_tim.o [1]
  .text              ro code   0x800'0f0a     0x2  stm32f4xx_hal_tim_ex.o [1]
  .text              ro code   0x800'0f0c     0x2  stm32f4xx_hal_tim.o [1]
  .text              ro code   0x800'0f0e     0x2  stm32f4xx_hal_tim_ex.o [1]
  .text              ro code   0x800'0f10     0x2  stm32f4xx_hal_tim.o [1]
  .text              ro code   0x800'0f14   0x32c  main.o [1]
  .text              ro code   0x800'1240    0x28  stm32f4xx_hal.o [1]
  .text              ro code   0x800'1268    0x34  stm32f4xx_hal.o [1]
  .text              ro code   0x800'129c    0x8c  stm32f4xx_hal_tim_ex.o [1]
  .text              ro code   0x800'1328   0x310  stm32f4xx_hal_rcc.o [1]
  .text              ro code   0x800'1638   0x180  stm32f4xx_hal_rcc.o [1]
  .text              ro code   0x800'17b8     0xc  stm32f4xx_hal.o [1]
  .text              ro code   0x800'17c4    0x40  stm32f4xx_hal.o [1]
  .text              ro code   0x800'1804   0x106  I64DivMod_small.o [4]
  .text              ro code   0x800'190c     0x2  I64DivZer.o [4]
  .text              ro code   0x800'1910   0x1a2  DblMul.o [3]
  .text              ro code   0x800'1ab4   0x17a  DblAdd.o [3]
  .text              ro code   0x800'1c30    0xd2  DblSub.o [3]
  .text              ro code   0x800'1d04    0xd0  stm32f4xx_it.o [1]
  .text              ro code   0x800'1dd4    0x10  stm32f4xx_hal.o [1]
  .text              ro code   0x800'1de4    0x1a  U32ToDbl.o [3]
  .text              ro code   0x800'1e00    0x68  DblToFlt.o [3]
  .text              ro code   0x800'1e68    0x38  packbits_init_single.o [4]
  .text              ro code   0x800'1ea0    0x2c  system_stm32f4xx.o [1]
  .text              ro code   0x800'1ecc    0x28  data_init.o [4]
  .text              ro code   0x800'1ef4    0x22  fpinit_M.o [3]
  .iar.init_table    const     0x800'1f18    0x20  - Linker created -
  .text              ro code   0x800'1f38    0x1e  cmain.o [4]
  .text              ro code   0x800'1f56     0x4  low_level_init.o [2]
  .text              ro code   0x800'1f5a     0x4  exit.o [2]
  .text              ro code   0x800'1f60     0xa  cexit.o [4]
  .text              ro code   0x800'1f6c    0x14  exit.o [5]
  .text              ro code   0x800'1f80    0x10  startup_stm32f429xx.o [1]
  .text              ro code   0x800'1f90     0xc  cstartup_M.o [4]
  .text              ro code   0x800'1f9c     0x4  startup_stm32f429xx.o [1]
  .text              ro code   0x800'1fa0     0x4  startup_stm32f429xx.o [1]
  .text              ro code   0x800'1fa4     0x4  startup_stm32f429xx.o [1]
  .text              ro code   0x800'1fa8     0x4  startup_stm32f429xx.o [1]
  .text              ro code   0x800'1fac     0x4  startup_stm32f429xx.o [1]
  .text              ro code   0x800'1fb0     0x4  startup_stm32f429xx.o [1]
  .text              ro code   0x800'1fb4     0x4  startup_stm32f429xx.o [1]
  .text              ro code   0x800'1fb8     0x4  startup_stm32f429xx.o [1]
  .text              ro code   0x800'1fbc     0x4  startup_stm32f429xx.o [1]
  .text              ro code   0x800'1fc0     0x4  startup_stm32f429xx.o [1]
  .text              ro code   0x800'1fc4     0x4  startup_stm32f429xx.o [1]
  .text              ro code   0x800'1fc8     0x4  startup_stm32f429xx.o [1]
  .text              ro code   0x800'1fcc     0x4  startup_stm32f429xx.o [1]
  .text              ro code   0x800'1fd0     0x4  startup_stm32f429xx.o [1]
  .text              ro code   0x800'1fd4     0x4  startup_stm32f429xx.o [1]
  .text              ro code   0x800'1fd8     0x4  startup_stm32f429xx.o [1]
  .text              ro code   0x800'1fdc     0x4  startup_stm32f429xx.o [1]
  .text              ro code   0x800'1fe0     0x4  startup_stm32f429xx.o [1]
  .text              ro code   0x800'1fe4     0x4  startup_stm32f429xx.o [1]
  .text              ro code   0x800'1fe8     0x4  startup_stm32f429xx.o [1]
  .text              ro code   0x800'1fec     0x4  startup_stm32f429xx.o [1]
  .text              ro code   0x800'1ff0     0x4  startup_stm32f429xx.o [1]
  .text              ro code   0x800'1ff4     0x4  startup_stm32f429xx.o [1]
  .text              ro code   0x800'1ff8     0x4  startup_stm32f429xx.o [1]
  .text              ro code   0x800'1ffc     0x4  startup_stm32f429xx.o [1]
  .text              ro code   0x800'2000     0x4  startup_stm32f429xx.o [1]
  .text              ro code   0x800'2004     0x4  startup_stm32f429xx.o [1]
  .text              ro code   0x800'2008     0x4  startup_stm32f429xx.o [1]
  .text              ro code   0x800'200c     0x4  startup_stm32f429xx.o [1]
  .text              ro code   0x800'2010     0x4  startup_stm32f429xx.o [1]
  .text              ro code   0x800'2014     0x4  startup_stm32f429xx.o [1]
  .text              ro code   0x800'2018     0x4  startup_stm32f429xx.o [1]
  .text              ro code   0x800'201c     0x4  startup_stm32f429xx.o [1]
  .text              ro code   0x800'2020     0x4  startup_stm32f429xx.o [1]
  .text              ro code   0x800'2024     0x4  startup_stm32f429xx.o [1]
  .text              ro code   0x800'2028     0x4  startup_stm32f429xx.o [1]
  .text              ro code   0x800'202c     0x4  startup_stm32f429xx.o [1]
  .text              ro code   0x800'2030     0x4  startup_stm32f429xx.o [1]
  .text              ro code   0x800'2034     0x4  startup_stm32f429xx.o [1]
  .text              ro code   0x800'2038     0x4  startup_stm32f429xx.o [1]
  .text              ro code   0x800'203c     0x4  startup_stm32f429xx.o [1]
  .text              ro code   0x800'2040     0x4  startup_stm32f429xx.o [1]
  .text              ro code   0x800'2044     0x4  startup_stm32f429xx.o [1]
  .text              ro code   0x800'2048     0x4  startup_stm32f429xx.o [1]
  .text              ro code   0x800'204c     0x4  startup_stm32f429xx.o [1]
  .text              ro code   0x800'2050     0x4  startup_stm32f429xx.o [1]
  .text              ro code   0x800'2054     0x4  startup_stm32f429xx.o [1]
  .text              ro code   0x800'2058     0x4  startup_stm32f429xx.o [1]
  .text              ro code   0x800'205c     0x4  startup_stm32f429xx.o [1]
  .text              ro code   0x800'2060     0x4  startup_stm32f429xx.o [1]
  .text              ro code   0x800'2064     0x4  startup_stm32f429xx.o [1]
  .text              ro code   0x800'2068     0x4  startup_stm32f429xx.o [1]
  .text              ro code   0x800'206c     0x4  startup_stm32f429xx.o [1]
  .text              ro code   0x800'2070     0x4  startup_stm32f429xx.o [1]
  .text              ro code   0x800'2074     0x4  startup_stm32f429xx.o [1]
  .text              ro code   0x800'2078     0x4  startup_stm32f429xx.o [1]
  .text              ro code   0x800'207c     0x4  startup_stm32f429xx.o [1]
  .text              ro code   0x800'2080     0x4  startup_stm32f429xx.o [1]
  .text              ro code   0x800'2084     0x4  startup_stm32f429xx.o [1]
  .text              ro code   0x800'2088     0x4  startup_stm32f429xx.o [1]
  .text              ro code   0x800'208c     0x4  startup_stm32f429xx.o [1]
  .text              ro code   0x800'2090     0x4  startup_stm32f429xx.o [1]
  .text              ro code   0x800'2094     0x4  startup_stm32f429xx.o [1]
  .text              ro code   0x800'2098     0x4  startup_stm32f429xx.o [1]
  .text              ro code   0x800'209c     0x4  startup_stm32f429xx.o [1]
  .text              ro code   0x800'20a0     0x4  startup_stm32f429xx.o [1]
  .text              ro code   0x800'20a4     0x4  startup_stm32f429xx.o [1]
  .text              ro code   0x800'20a8     0x4  startup_stm32f429xx.o [1]
  .text              ro code   0x800'20ac     0x4  startup_stm32f429xx.o [1]
  .text              ro code   0x800'20b0     0x4  startup_stm32f429xx.o [1]
  .text              ro code   0x800'20b4     0x4  startup_stm32f429xx.o [1]
  .text              ro code   0x800'20b8     0x4  startup_stm32f429xx.o [1]
  .text              ro code   0x800'20bc     0x4  startup_stm32f429xx.o [1]
  .text              ro code   0x800'20c0     0x4  startup_stm32f429xx.o [1]
  .text              ro code   0x800'20c4     0x4  startup_stm32f429xx.o [1]
  .text              ro code   0x800'20c8     0x4  startup_stm32f429xx.o [1]
  .text              ro code   0x800'20cc     0x4  startup_stm32f429xx.o [1]
  .text              ro code   0x800'20d0     0x4  startup_stm32f429xx.o [1]
  .text              ro code   0x800'20d4     0x4  startup_stm32f429xx.o [1]
  .text              ro code   0x800'20d8     0x4  startup_stm32f429xx.o [1]
  .text              ro code   0x800'20dc     0x4  startup_stm32f429xx.o [1]
  .text              ro code   0x800'20e0     0x4  startup_stm32f429xx.o [1]
  .text              ro code   0x800'20e4     0x4  startup_stm32f429xx.o [1]
  .text              ro code   0x800'20e8     0x4  startup_stm32f429xx.o [1]
  .text              ro code   0x800'20ec     0x4  startup_stm32f429xx.o [1]
  .text              ro code   0x800'20f0     0x4  startup_stm32f429xx.o [1]
  .text              ro code   0x800'20f4     0x4  startup_stm32f429xx.o [1]
  .text              ro code   0x800'20f8     0x4  startup_stm32f429xx.o [1]
  .rodata            const     0x800'20fc     0x0  zero_init3.o [4]
  .rodata            const     0x800'20fc     0x0  packbits_init_single.o [4]
  Initializer bytes  const     0x800'20fc    0x13  <for P2-1>
                             - 0x800'210f  0x1f63

"P2", part 1 of 3:                           0x24
  P2-1                        0x2000'0000    0x24  <Init block>
    .data            inited   0x2000'0000     0xc  stm32f4xx_hal.o [1]
    .data            inited   0x2000'000c    0x14  stm32f4xx_it.o [1]
    .data            inited   0x2000'0020     0x4  system_stm32f4xx.o [1]
                            - 0x2000'0024    0x24

"P2", part 2 of 3:                           0x88
  .bss               zero     0x2000'0024    0x88  main.o [1]
                            - 0x2000'00ac    0x88

"P2", part 3 of 3:                          0x400
  CSTACK                      0x2000'00b0   0x400  <Block>
    CSTACK           uninit   0x2000'00b0   0x400  <Block tail>
                            - 0x2000'04b0   0x400

Unused ranges:

         From           To       Size
         ----           --       ----
   0x800'210f   0x81f'ffff  0x1f'def1
  0x2000'00ac  0x2000'00af        0x4
  0x2000'04b0  0x2002'ffff   0x2'fb50


*******************************************************************************
*** INIT TABLE
***

          Address      Size
          -------      ----
Zero (__iar_zero_init3)
    1 destination range, total size 0x88:
          0x2000'0024  0x88

Copy/packbits (__iar_packbits_init_single3)
    1 source range, total size 0x13 (52% of destination):
           0x800'20fc  0x13
    1 destination range, total size 0x24:
          0x2000'0000  0x24



*******************************************************************************
*** MODULE SUMMARY
***

    Module                  ro code  ro data  rw data
    ------                  -------  -------  -------
command line/config:
    -------------------------------------------------
    Total:

C:\Users\mohit\Desktop\Microapps projects\LAB8\Task2\EWARM\Task2\Obj: [1]
    main.o                      812               136
    startup_stm32f429xx.o       796
    stm32f4xx_hal.o             184        6       12
    stm32f4xx_hal_adc.o       1'354
    stm32f4xx_hal_adc_ex.o        2
    stm32f4xx_hal_cortex.o      196
    stm32f4xx_hal_gpio.o        524
    stm32f4xx_hal_msp.o         232
    stm32f4xx_hal_rcc.o       1'168
    stm32f4xx_hal_tim.o         934
    stm32f4xx_hal_tim_ex.o      144
    stm32f4xx_it.o              208       10       20
    system_stm32f4xx.o           44        3        4
    -------------------------------------------------
    Total:                    6'598       19      172

dl7M_tln.a: [2]
    exit.o                        4
    low_level_init.o              4
    -------------------------------------------------
    Total:                        8

m7M_tls.a: [3]
    DblAdd.o                    378
    DblMul.o                    418
    DblSub.o                    210
    DblToFlt.o                  104
    U32ToDbl.o                   26
    fpinit_M.o                   34
    -------------------------------------------------
    Total:                    1'170

rt7M_tl.a: [4]
    ABImemset.o                 102
    I64DivMod_small.o           262
    I64DivZer.o                   2
    cexit.o                      10
    cmain.o                      30
    cstartup_M.o                 12
    data_init.o                  40
    memset.o                     20
    packbits_init_single.o       56
    zero_init3.o                 58
    -------------------------------------------------
    Total:                      592

shb_l.a: [5]
    exit.o                       20
    -------------------------------------------------
    Total:                       20

    Gaps                         22        2
    Linker created                        32    1'024
-----------------------------------------------------
    Grand Total:              8'410       53    1'196


*******************************************************************************
*** ENTRY LIST
***

Entry                       Address   Size  Type      Object
-----                       -------   ----  ----      ------
.iar.init_table$$Base    0x800'1f18          --   Gb  - Linker created -
.iar.init_table$$Limit   0x800'1f38          --   Gb  - Linker created -
?main                    0x800'1f39         Code  Gb  cmain.o [4]
ADC_IRQHandler           0x800'1d19   0x20  Code  Gb  stm32f4xx_it.o [1]
AHBPrescTable            0x800'1ebc   0x10  Data  Gb  system_stm32f4xx.o [1]
BusFault_Handler         0x800'1d0b    0x2  Code  Gb  stm32f4xx_it.o [1]
CSTACK$$Base            0x2000'00b0          --   Gb  - Linker created -
CSTACK$$Limit           0x2000'04b0          --   Gb  - Linker created -
DebugMon_Handler         0x800'1d11    0x2  Code  Gb  stm32f4xx_it.o [1]
HAL_ADCEx_InjectedConvCpltCallback
                         0x800'0815    0x2  Code  Wk  stm32f4xx_hal_adc_ex.o [1]
HAL_ADC_ConfigChannel    0x800'057f  0x122  Code  Gb  stm32f4xx_hal_adc.o [1]
HAL_ADC_GetValue         0x800'0579    0x6  Code  Gb  stm32f4xx_hal_adc.o [1]
HAL_ADC_IRQHandler       0x800'044b  0x122  Code  Gb  stm32f4xx_hal_adc.o [1]
HAL_ADC_Init             0x800'01ad  0x154  Code  Gb  stm32f4xx_hal_adc.o [1]
HAL_ADC_MspInit          0x800'0725   0x6c  Code  Gb  stm32f4xx_hal_msp.o [1]
HAL_ADC_Start_IT         0x800'0315   0x86  Code  Gb  stm32f4xx_hal_adc.o [1]
HAL_Delay                0x800'1241   0x28  Code  Wk  stm32f4xx_hal.o [1]
HAL_GPIO_Init            0x800'0831  0x1c2  Code  Gb  stm32f4xx_hal_gpio.o [1]
HAL_GPIO_ReadPin         0x800'09f3    0xc  Code  Gb  stm32f4xx_hal_gpio.o [1]
HAL_GPIO_WritePin        0x800'09ff    0x8  Code  Gb  stm32f4xx_hal_gpio.o [1]
HAL_GetTick              0x800'17b9    0xc  Code  Wk  stm32f4xx_hal.o [1]
HAL_IncTick              0x800'1dd5   0x10  Code  Wk  stm32f4xx_hal.o [1]
HAL_Init                 0x800'1269   0x30  Code  Gb  stm32f4xx_hal.o [1]
HAL_InitTick             0x800'17c5   0x40  Code  Wk  stm32f4xx_hal.o [1]
HAL_MspInit              0x800'06f1   0x34  Code  Gb  stm32f4xx_hal_msp.o [1]
HAL_NVIC_EnableIRQ       0x800'0aab   0x16  Code  Gb  stm32f4xx_hal_cortex.o [1]
HAL_NVIC_SetPriority     0x800'0a71   0x3a  Code  Gb  stm32f4xx_hal_cortex.o [1]
HAL_NVIC_SetPriorityGrouping
                         0x800'0a57   0x1a  Code  Gb  stm32f4xx_hal_cortex.o [1]
HAL_RCC_ClockConfig      0x800'1639  0x100  Code  Gb  stm32f4xx_hal_rcc.o [1]
HAL_RCC_OscConfig        0x800'1329  0x310  Code  Wk  stm32f4xx_hal_rcc.o [1]
HAL_SYSTICK_Config       0x800'0ac1   0x28  Code  Gb  stm32f4xx_hal_cortex.o [1]
HAL_TIMEx_BreakCallback
                         0x800'0f0b    0x2  Code  Wk  stm32f4xx_hal_tim_ex.o [1]
HAL_TIMEx_CommutCallback
                         0x800'0f0f    0x2  Code  Wk  stm32f4xx_hal_tim_ex.o [1]
HAL_TIMEx_MasterConfigSynchronization
                         0x800'129d   0x6e  Code  Gb  stm32f4xx_hal_tim_ex.o [1]
HAL_TIM_Base_Init        0x800'0b69   0x1a  Code  Gb  stm32f4xx_hal_tim.o [1]
HAL_TIM_Base_MspInit     0x800'0791   0x36  Code  Gb  stm32f4xx_hal_msp.o [1]
HAL_TIM_Base_Start       0x800'0b83   0x1e  Code  Gb  stm32f4xx_hal_tim.o [1]
HAL_TIM_ConfigClockSource
                         0x800'0d17   0x90  Code  Gb  stm32f4xx_hal_tim.o [1]
HAL_TIM_IRQHandler       0x800'0bcf  0x142  Code  Gb  stm32f4xx_hal_tim.o [1]
HardFault_Handler        0x800'1d07    0x2  Code  Gb  stm32f4xx_it.o [1]
MemManage_Handler        0x800'1d09    0x2  Code  Gb  stm32f4xx_it.o [1]
NMI_Handler              0x800'1d05    0x2  Code  Gb  stm32f4xx_it.o [1]
PendSV_Handler           0x800'1d13    0x2  Code  Gb  stm32f4xx_it.o [1]
Region$$Table$$Base      0x800'1f18          --   Gb  - Linker created -
Region$$Table$$Limit     0x800'1f38          --   Gb  - Linker created -
SVC_Handler              0x800'1d0f    0x2  Code  Gb  stm32f4xx_it.o [1]
SysTick_Handler          0x800'1d15    0x4  Code  Gb  stm32f4xx_it.o [1]
SystemClock_Config       0x800'1173   0x90  Code  Gb  main.o [1]
SystemCoreClock         0x2000'0020    0x4  Data  Gb  system_stm32f4xx.o [1]
SystemInit               0x800'1ea1   0x14  Code  Gb  system_stm32f4xx.o [1]
TIM2_IRQHandler          0x800'1d39   0x7e  Code  Gb  stm32f4xx_it.o [1]
TIM_Base_SetConfig       0x800'0dd1   0x96  Code  Gb  stm32f4xx_hal_tim.o [1]
TIM_ETR_SetConfig        0x800'0eeb   0x14  Code  Gb  stm32f4xx_hal_tim.o [1]
TIM_ITRx_SetConfig       0x800'0edb   0x10  Code  Lc  stm32f4xx_hal_tim.o [1]
TIM_TI1_ConfigInputStage
                         0x800'0e99   0x1e  Code  Lc  stm32f4xx_hal_tim.o [1]
TIM_TI2_ConfigInputStage
                         0x800'0eb7   0x24  Code  Lc  stm32f4xx_hal_tim.o [1]
UsageFault_Handler       0x800'1d0d    0x2  Code  Gb  stm32f4xx_it.o [1]
__NVIC_SetPriority       0x800'0a3d   0x1a  Code  Lc  stm32f4xx_hal_cortex.o [1]
__aeabi_d2f              0x800'1e01         Code  Gb  DblToFlt.o [3]
__aeabi_dadd             0x800'1ab5         Code  Gb  DblAdd.o [3]
__aeabi_dmul             0x800'1911         Code  Gb  DblMul.o [3]
__aeabi_ldiv0            0x800'190d         Code  Gb  I64DivZer.o [4]
__aeabi_memset           0x800'0b01         Code  Gb  ABImemset.o [4]
__aeabi_ui2d             0x800'1de5         Code  Gb  U32ToDbl.o [3]
__cmain                  0x800'1f39         Code  Gb  cmain.o [4]
__exit                   0x800'1f6d   0x14  Code  Gb  exit.o [5]
__iar_Memset             0x800'0b01         Code  Gb  ABImemset.o [4]
__iar_Memset_word        0x800'0b09         Code  Gb  ABImemset.o [4]
__iar_dadd               0x800'1c31         Code  Gb  DblSub.o [3]
__iar_data_init3         0x800'1ecd   0x28  Code  Gb  data_init.o [4]
__iar_dsub               0x800'1ac5         Code  Gb  DblAdd.o [3]
__iar_dsubStart          0x800'1ad7         Code  Gb  DblAdd.o [3]
__iar_init_vfp           0x800'1ef5         Code  Gb  fpinit_M.o [3]
__iar_packbits_init_single3
                         0x800'1e69   0x38  Code  Gb  packbits_init_single.o [4]
__iar_program_start      0x800'1f91         Code  Gb  cstartup_M.o [4]
__iar_small_uldivmod     0x800'1805         Code  Gb  I64DivMod_small.o [4]
__iar_zero_init3         0x800'07db   0x3a  Code  Gb  zero_init3.o [4]
__low_level_init         0x800'1f57    0x4  Code  Gb  low_level_init.o [2]
__vector_table           0x800'0000         Data  Gb  startup_stm32f429xx.o [1]
_call_main               0x800'1f45         Code  Gb  cmain.o [4]
_exit                    0x800'1f61         Code  Gb  cexit.o [4]
_main                    0x800'1f53         Code  Gb  cmain.o [4]
clear                    0x800'0f81    0x8  Code  Gb  main.o [1]
command                  0x800'0f15    0xc  Code  Gb  main.o [1]
exit                     0x800'1f5b    0x4  Code  Gb  exit.o [2]
hadc2                   0x2000'0024   0x48  Data  Gb  main.o [1]
htim2                   0x2000'006c   0x40  Data  Gb  main.o [1]
init                     0x800'0f31   0x50  Code  Gb  main.o [1]
input                   0x2000'0014    0x2  Data  Gb  stm32f4xx_it.o [1]
int_temp                0x2000'0016    0x2  Data  Gb  stm32f4xx_it.o [1]
main                     0x800'0fdd  0x184  Code  Gb  main.o [1]
memset                   0x800'081b   0x14  Code  Gb  memset.o [4]
raw_temp                0x2000'0018    0x4  Data  Gb  stm32f4xx_it.o [1]
temp                    0x2000'001c    0x4  Data  Gb  stm32f4xx_it.o [1]
temp_array              0x2000'000c    0x8  Data  Gb  stm32f4xx_it.o [1]
uwTick                  0x2000'0004    0x4  Data  Gb  stm32f4xx_hal.o [1]
uwTickFreq              0x2000'0000    0x1  Data  Gb  stm32f4xx_hal.o [1]
uwTickPrio              0x2000'0008    0x4  Data  Gb  stm32f4xx_hal.o [1]
write                    0x800'0f21    0x8  Code  Gb  main.o [1]
write_string             0x800'0fb3   0x28  Code  Gb  main.o [1]


[1] = C:\Users\mohit\Desktop\Microapps projects\LAB8\Task2\EWARM\Task2\Obj
[2] = dl7M_tln.a
[3] = m7M_tls.a
[4] = rt7M_tl.a
[5] = shb_l.a

  8'410 bytes of readonly  code memory
     53 bytes of readonly  data memory
  1'196 bytes of readwrite data memory

Errors: none
Warnings: none
