###############################################################################
#
# IAR ELF Linker V8.42.1.233/W32 for ARM                  10/Mar/2020  20:38:17
# Copyright 2007-2019 IAR Systems AB.
#
#    Output file  =
#        C:\Users\mohit\Desktop\Microapps
#        projects\LAB8\Task1\EWARM\Task1\Exe\Task1.out
#    Map file     =
#        C:\Users\mohit\Desktop\Microapps
#        projects\LAB8\Task1\EWARM\Task1\List\Task1.map
#    Command line =
#        -f C:\Users\mohit\AppData\Local\Temp\EWC7FD.tmp
#        ("C:\Users\mohit\Desktop\Microapps
#        projects\LAB8\Task1\EWARM\Task1\Obj\main.o"
#        "C:\Users\mohit\Desktop\Microapps
#        projects\LAB8\Task1\EWARM\Task1\Obj\startup_stm32f429xx.o"
#        "C:\Users\mohit\Desktop\Microapps
#        projects\LAB8\Task1\EWARM\Task1\Obj\stm32f4xx_hal.o"
#        "C:\Users\mohit\Desktop\Microapps
#        projects\LAB8\Task1\EWARM\Task1\Obj\stm32f4xx_hal_adc.o"
#        "C:\Users\mohit\Desktop\Microapps
#        projects\LAB8\Task1\EWARM\Task1\Obj\stm32f4xx_hal_adc_ex.o"
#        "C:\Users\mohit\Desktop\Microapps
#        projects\LAB8\Task1\EWARM\Task1\Obj\stm32f4xx_hal_cortex.o"
#        "C:\Users\mohit\Desktop\Microapps
#        projects\LAB8\Task1\EWARM\Task1\Obj\stm32f4xx_hal_dma.o"
#        "C:\Users\mohit\Desktop\Microapps
#        projects\LAB8\Task1\EWARM\Task1\Obj\stm32f4xx_hal_dma_ex.o"
#        "C:\Users\mohit\Desktop\Microapps
#        projects\LAB8\Task1\EWARM\Task1\Obj\stm32f4xx_hal_exti.o"
#        "C:\Users\mohit\Desktop\Microapps
#        projects\LAB8\Task1\EWARM\Task1\Obj\stm32f4xx_hal_flash.o"
#        "C:\Users\mohit\Desktop\Microapps
#        projects\LAB8\Task1\EWARM\Task1\Obj\stm32f4xx_hal_flash_ex.o"
#        "C:\Users\mohit\Desktop\Microapps
#        projects\LAB8\Task1\EWARM\Task1\Obj\stm32f4xx_hal_flash_ramfunc.o"
#        "C:\Users\mohit\Desktop\Microapps
#        projects\LAB8\Task1\EWARM\Task1\Obj\stm32f4xx_hal_gpio.o"
#        "C:\Users\mohit\Desktop\Microapps
#        projects\LAB8\Task1\EWARM\Task1\Obj\stm32f4xx_hal_msp.o"
#        "C:\Users\mohit\Desktop\Microapps
#        projects\LAB8\Task1\EWARM\Task1\Obj\stm32f4xx_hal_pwr.o"
#        "C:\Users\mohit\Desktop\Microapps
#        projects\LAB8\Task1\EWARM\Task1\Obj\stm32f4xx_hal_pwr_ex.o"
#        "C:\Users\mohit\Desktop\Microapps
#        projects\LAB8\Task1\EWARM\Task1\Obj\stm32f4xx_hal_rcc.o"
#        "C:\Users\mohit\Desktop\Microapps
#        projects\LAB8\Task1\EWARM\Task1\Obj\stm32f4xx_hal_rcc_ex.o"
#        "C:\Users\mohit\Desktop\Microapps
#        projects\LAB8\Task1\EWARM\Task1\Obj\stm32f4xx_hal_tim.o"
#        "C:\Users\mohit\Desktop\Microapps
#        projects\LAB8\Task1\EWARM\Task1\Obj\stm32f4xx_hal_tim_ex.o"
#        "C:\Users\mohit\Desktop\Microapps
#        projects\LAB8\Task1\EWARM\Task1\Obj\stm32f4xx_it.o"
#        "C:\Users\mohit\Desktop\Microapps
#        projects\LAB8\Task1\EWARM\Task1\Obj\system_stm32f4xx.o" --redirect
#        _Printf=_PrintfFull --redirect _Scanf=_ScanfFull --no_out_extension -o
#        "C:\Users\mohit\Desktop\Microapps
#        projects\LAB8\Task1\EWARM\Task1\Exe\Task1.out" --map
#        "C:\Users\mohit\Desktop\Microapps
#        projects\LAB8\Task1\EWARM\Task1\List\Task1.map" --config
#        "C:\Users\mohit\Desktop\Microapps
#        projects\LAB8\Task1\EWARM/stm32f429xx_flash.icf" --semihosting --entry
#        __iar_program_start --vfe --text_out locale)
#
###############################################################################

*******************************************************************************
*** RUNTIME MODEL ATTRIBUTES
***

CppFlavor       = *
__SystemLibrary = DLib
__dlib_version  = 6


*******************************************************************************
*** HEAP SELECTION
***

The basic heap was selected because some modules are built with
size limitations (and not runtime checking), and --advanced_heap
was not specified.


*******************************************************************************
*** PLACEMENT SUMMARY
***

"A0":  place at address 0x800'0000 { ro section .intvec };
"P1":  place in [from 0x800'0000 to 0x81f'ffff] { ro };
define block CSTACK with size = 1K, alignment = 8 { };
define block HEAP with size = 512, alignment = 8 { };
"P2":  place in [from 0x2000'0000 to 0x2002'ffff] {
          rw, block CSTACK, block HEAP };
initialize by copy { rw };

  Section            Kind         Address    Size  Object
  -------            ----         -------    ----  ------
"A0":                                       0x1ac
  .intvec            ro code   0x800'0000   0x1ac  startup_stm32f429xx.o [1]
                             - 0x800'01ac   0x1ac

"P1":                                      0x141d
  .text              ro code   0x800'01ac   0x3f8  stm32f4xx_hal_adc.o [1]
  .text              ro code   0x800'05a4    0xb0  stm32f4xx_hal_msp.o [1]
  .text              ro code   0x800'0654     0x2  stm32f4xx_hal_adc.o [1]
  .text              ro code   0x800'0658     0x2  stm32f4xx_hal_adc_ex.o [1]
  .text              ro code   0x800'065a     0x2  stm32f4xx_hal_adc.o [1]
  .text              ro code   0x800'065c     0x2  stm32f4xx_hal_adc.o [1]
  .text              ro code   0x800'065e    0x14  memset.o [4]
  .text              ro code   0x800'0674   0x200  stm32f4xx_hal_gpio.o [1]
  .text              ro code   0x800'0874    0xc4  stm32f4xx_hal_cortex.o [1]
  .text              ro code   0x800'0938    0x66  ABImemset.o [4]
  .text              ro code   0x800'09a0   0x320  main.o [1]
  .text              ro code   0x800'0cc0    0x28  stm32f4xx_hal.o [1]
  .text              ro code   0x800'0ce8    0x34  stm32f4xx_hal.o [1]
  .text              ro code   0x800'0d1c   0x310  stm32f4xx_hal_rcc.o [1]
  .text              ro code   0x800'102c   0x180  stm32f4xx_hal_rcc.o [1]
  .text              ro code   0x800'11ac     0xc  stm32f4xx_hal.o [1]
  .text              ro code   0x800'11b8    0x40  stm32f4xx_hal.o [1]
  .text              ro code   0x800'11f8   0x106  I64DivMod_small.o [4]
  .text              ro code   0x800'1300     0x2  I64DivZer.o [4]
  .text              ro code   0x800'1302    0x38  packbits_init_single.o [4]
  .text              ro code   0x800'133c    0x2c  system_stm32f4xx.o [1]
  .text              ro code   0x800'1368    0x28  data_init.o [4]
  .text              ro code   0x800'1390    0x22  fpinit_M.o [3]
  .iar.init_table    const     0x800'13b4    0x10  - Linker created -
  .text              ro code   0x800'13c4    0x20  stm32f4xx_it.o [1]
  .text              ro code   0x800'13e4    0x10  stm32f4xx_hal.o [1]
  .text              ro code   0x800'13f4    0x1e  cmain.o [4]
  .text              ro code   0x800'1412     0x4  low_level_init.o [2]
  .text              ro code   0x800'1416     0x4  exit.o [2]
  .text              ro code   0x800'141c     0xa  cexit.o [4]
  .text              ro code   0x800'1428    0x14  exit.o [5]
  .text              ro code   0x800'143c    0x10  startup_stm32f429xx.o [1]
  .text              ro code   0x800'144c     0xc  cstartup_M.o [4]
  .text              ro code   0x800'1458     0x4  startup_stm32f429xx.o [1]
  .text              ro code   0x800'145c     0x4  startup_stm32f429xx.o [1]
  .text              ro code   0x800'1460     0x4  startup_stm32f429xx.o [1]
  .text              ro code   0x800'1464     0x4  startup_stm32f429xx.o [1]
  .text              ro code   0x800'1468     0x4  startup_stm32f429xx.o [1]
  .text              ro code   0x800'146c     0x4  startup_stm32f429xx.o [1]
  .text              ro code   0x800'1470     0x4  startup_stm32f429xx.o [1]
  .text              ro code   0x800'1474     0x4  startup_stm32f429xx.o [1]
  .text              ro code   0x800'1478     0x4  startup_stm32f429xx.o [1]
  .text              ro code   0x800'147c     0x4  startup_stm32f429xx.o [1]
  .text              ro code   0x800'1480     0x4  startup_stm32f429xx.o [1]
  .text              ro code   0x800'1484     0x4  startup_stm32f429xx.o [1]
  .text              ro code   0x800'1488     0x4  startup_stm32f429xx.o [1]
  .text              ro code   0x800'148c     0x4  startup_stm32f429xx.o [1]
  .text              ro code   0x800'1490     0x4  startup_stm32f429xx.o [1]
  .text              ro code   0x800'1494     0x4  startup_stm32f429xx.o [1]
  .text              ro code   0x800'1498     0x4  startup_stm32f429xx.o [1]
  .text              ro code   0x800'149c     0x4  startup_stm32f429xx.o [1]
  .text              ro code   0x800'14a0     0x4  startup_stm32f429xx.o [1]
  .text              ro code   0x800'14a4     0x4  startup_stm32f429xx.o [1]
  .text              ro code   0x800'14a8     0x4  startup_stm32f429xx.o [1]
  .text              ro code   0x800'14ac     0x4  startup_stm32f429xx.o [1]
  .text              ro code   0x800'14b0     0x4  startup_stm32f429xx.o [1]
  .text              ro code   0x800'14b4     0x4  startup_stm32f429xx.o [1]
  .text              ro code   0x800'14b8     0x4  startup_stm32f429xx.o [1]
  .text              ro code   0x800'14bc     0x4  startup_stm32f429xx.o [1]
  .text              ro code   0x800'14c0     0x4  startup_stm32f429xx.o [1]
  .text              ro code   0x800'14c4     0x4  startup_stm32f429xx.o [1]
  .text              ro code   0x800'14c8     0x4  startup_stm32f429xx.o [1]
  .text              ro code   0x800'14cc     0x4  startup_stm32f429xx.o [1]
  .text              ro code   0x800'14d0     0x4  startup_stm32f429xx.o [1]
  .text              ro code   0x800'14d4     0x4  startup_stm32f429xx.o [1]
  .text              ro code   0x800'14d8     0x4  startup_stm32f429xx.o [1]
  .text              ro code   0x800'14dc     0x4  startup_stm32f429xx.o [1]
  .text              ro code   0x800'14e0     0x4  startup_stm32f429xx.o [1]
  .text              ro code   0x800'14e4     0x4  startup_stm32f429xx.o [1]
  .text              ro code   0x800'14e8     0x4  startup_stm32f429xx.o [1]
  .text              ro code   0x800'14ec     0x4  startup_stm32f429xx.o [1]
  .text              ro code   0x800'14f0     0x4  startup_stm32f429xx.o [1]
  .text              ro code   0x800'14f4     0x4  startup_stm32f429xx.o [1]
  .text              ro code   0x800'14f8     0x4  startup_stm32f429xx.o [1]
  .text              ro code   0x800'14fc     0x4  startup_stm32f429xx.o [1]
  .text              ro code   0x800'1500     0x4  startup_stm32f429xx.o [1]
  .text              ro code   0x800'1504     0x4  startup_stm32f429xx.o [1]
  .text              ro code   0x800'1508     0x4  startup_stm32f429xx.o [1]
  .text              ro code   0x800'150c     0x4  startup_stm32f429xx.o [1]
  .text              ro code   0x800'1510     0x4  startup_stm32f429xx.o [1]
  .text              ro code   0x800'1514     0x4  startup_stm32f429xx.o [1]
  .text              ro code   0x800'1518     0x4  startup_stm32f429xx.o [1]
  .text              ro code   0x800'151c     0x4  startup_stm32f429xx.o [1]
  .text              ro code   0x800'1520     0x4  startup_stm32f429xx.o [1]
  .text              ro code   0x800'1524     0x4  startup_stm32f429xx.o [1]
  .text              ro code   0x800'1528     0x4  startup_stm32f429xx.o [1]
  .text              ro code   0x800'152c     0x4  startup_stm32f429xx.o [1]
  .text              ro code   0x800'1530     0x4  startup_stm32f429xx.o [1]
  .text              ro code   0x800'1534     0x4  startup_stm32f429xx.o [1]
  .text              ro code   0x800'1538     0x4  startup_stm32f429xx.o [1]
  .text              ro code   0x800'153c     0x4  startup_stm32f429xx.o [1]
  .text              ro code   0x800'1540     0x4  startup_stm32f429xx.o [1]
  .text              ro code   0x800'1544     0x4  startup_stm32f429xx.o [1]
  .text              ro code   0x800'1548     0x4  startup_stm32f429xx.o [1]
  .text              ro code   0x800'154c     0x4  startup_stm32f429xx.o [1]
  .text              ro code   0x800'1550     0x4  startup_stm32f429xx.o [1]
  .text              ro code   0x800'1554     0x4  startup_stm32f429xx.o [1]
  .text              ro code   0x800'1558     0x4  startup_stm32f429xx.o [1]
  .text              ro code   0x800'155c     0x4  startup_stm32f429xx.o [1]
  .text              ro code   0x800'1560     0x4  startup_stm32f429xx.o [1]
  .text              ro code   0x800'1564     0x4  startup_stm32f429xx.o [1]
  .text              ro code   0x800'1568     0x4  startup_stm32f429xx.o [1]
  .text              ro code   0x800'156c     0x4  startup_stm32f429xx.o [1]
  .text              ro code   0x800'1570     0x4  startup_stm32f429xx.o [1]
  .text              ro code   0x800'1574     0x4  startup_stm32f429xx.o [1]
  .text              ro code   0x800'1578     0x4  startup_stm32f429xx.o [1]
  .text              ro code   0x800'157c     0x4  startup_stm32f429xx.o [1]
  .text              ro code   0x800'1580     0x4  startup_stm32f429xx.o [1]
  .text              ro code   0x800'1584     0x4  startup_stm32f429xx.o [1]
  .text              ro code   0x800'1588     0x4  startup_stm32f429xx.o [1]
  .text              ro code   0x800'158c     0x4  startup_stm32f429xx.o [1]
  .text              ro code   0x800'1590     0x4  startup_stm32f429xx.o [1]
  .text              ro code   0x800'1594     0x4  startup_stm32f429xx.o [1]
  .text              ro code   0x800'1598     0x4  startup_stm32f429xx.o [1]
  .text              ro code   0x800'159c     0x4  startup_stm32f429xx.o [1]
  .text              ro code   0x800'15a0     0x4  startup_stm32f429xx.o [1]
  .text              ro code   0x800'15a4     0x4  startup_stm32f429xx.o [1]
  .text              ro code   0x800'15a8     0x4  startup_stm32f429xx.o [1]
  .text              ro code   0x800'15ac     0x4  startup_stm32f429xx.o [1]
  .text              ro code   0x800'15b0     0x4  startup_stm32f429xx.o [1]
  .text              ro code   0x800'15b4     0x4  startup_stm32f429xx.o [1]
  .text              ro code   0x800'15b8     0x4  startup_stm32f429xx.o [1]
  .rodata            const     0x800'15bc     0x0  packbits_init_single.o [4]
  Initializer bytes  const     0x800'15bc     0xd  <for P2-1>
                             - 0x800'15c9  0x141d

"P2", part 1 of 2:                           0x58
  P2-1                        0x2000'0000    0x58  <Init block>
    .data            inited   0x2000'0000     0xc  stm32f4xx_hal.o [1]
    .data            inited   0x2000'000c     0x4  system_stm32f4xx.o [1]
    .bss             inited   0x2000'0010    0x48  main.o [1]
                            - 0x2000'0058    0x58

"P2", part 2 of 2:                          0x400
  CSTACK                      0x2000'0058   0x400  <Block>
    CSTACK           uninit   0x2000'0058   0x400  <Block tail>
                            - 0x2000'0458   0x400

Unused ranges:

         From           To       Size
         ----           --       ----
   0x800'15c9   0x81f'ffff  0x1f'ea37
  0x2000'0458  0x2002'ffff   0x2'fba8


*******************************************************************************
*** INIT TABLE
***

          Address      Size
          -------      ----
Copy/packbits (__iar_packbits_init_single3)
    1 source range, total size 0xd (14% of destination):
           0x800'15bc   0xd
    1 destination range, total size 0x58:
          0x2000'0000  0x58



*******************************************************************************
*** MODULE SUMMARY
***

    Module                  ro code  ro data  rw data
    ------                  -------  -------  -------
command line/config:
    -------------------------------------------------
    Total:

C:\Users\mohit\Desktop\Microapps projects\LAB8\Task1\EWARM\Task1\Obj: [1]
    main.o                      800       11       72
    startup_stm32f429xx.o       800
    stm32f4xx_hal.o             184        1       12
    stm32f4xx_hal_adc.o       1'022
    stm32f4xx_hal_adc_ex.o        2
    stm32f4xx_hal_cortex.o      196
    stm32f4xx_hal_gpio.o        512
    stm32f4xx_hal_msp.o         176
    stm32f4xx_hal_rcc.o       1'168
    stm32f4xx_it.o               32
    system_stm32f4xx.o           44        1        4
    -------------------------------------------------
    Total:                    4'936       13       88

dl7M_tln.a: [2]
    exit.o                        4
    low_level_init.o              4
    -------------------------------------------------
    Total:                        8

m7M_tls.a: [3]
    fpinit_M.o                   34
    -------------------------------------------------
    Total:                       34

rt7M_tl.a: [4]
    ABImemset.o                 102
    I64DivMod_small.o           262
    I64DivZer.o                   2
    cexit.o                      10
    cmain.o                      30
    cstartup_M.o                 12
    data_init.o                  40
    memset.o                     20
    packbits_init_single.o       56
    -------------------------------------------------
    Total:                      534

shb_l.a: [5]
    exit.o                       20
    -------------------------------------------------
    Total:                       20

    Gaps                         14        2
    Linker created                        16    1'024
-----------------------------------------------------
    Grand Total:              5'546       31    1'112


*******************************************************************************
*** ENTRY LIST
***

Entry                       Address   Size  Type      Object
-----                       -------   ----  ----      ------
.iar.init_table$$Base    0x800'13b4          --   Gb  - Linker created -
.iar.init_table$$Limit   0x800'13c4          --   Gb  - Linker created -
?main                    0x800'13f5         Code  Gb  cmain.o [4]
ADC_IRQHandler           0x800'13d9    0x6  Code  Gb  stm32f4xx_it.o [1]
AHBPrescTable            0x800'1358   0x10  Data  Gb  system_stm32f4xx.o [1]
BusFault_Handler         0x800'13cb    0x2  Code  Gb  stm32f4xx_it.o [1]
CSTACK$$Base            0x2000'0058          --   Gb  - Linker created -
CSTACK$$Limit           0x2000'0458          --   Gb  - Linker created -
DebugMon_Handler         0x800'13d1    0x2  Code  Gb  stm32f4xx_it.o [1]
HAL_ADCEx_InjectedConvCpltCallback
                         0x800'0659    0x2  Code  Wk  stm32f4xx_hal_adc_ex.o [1]
HAL_ADC_ConfigChannel    0x800'0443  0x122  Code  Gb  stm32f4xx_hal_adc.o [1]
HAL_ADC_IRQHandler       0x800'0315  0x122  Code  Gb  stm32f4xx_hal_adc.o [1]
HAL_ADC_Init             0x800'01ad  0x154  Code  Gb  stm32f4xx_hal_adc.o [1]
HAL_ADC_MspInit          0x800'05d9   0x6c  Code  Gb  stm32f4xx_hal_msp.o [1]
HAL_Delay                0x800'0cc1   0x28  Code  Wk  stm32f4xx_hal.o [1]
HAL_GPIO_Init            0x800'0675  0x1c2  Code  Gb  stm32f4xx_hal_gpio.o [1]
HAL_GPIO_WritePin        0x800'0837    0x8  Code  Gb  stm32f4xx_hal_gpio.o [1]
HAL_GetTick              0x800'11ad    0xc  Code  Wk  stm32f4xx_hal.o [1]
HAL_IncTick              0x800'13e5   0x10  Code  Wk  stm32f4xx_hal.o [1]
HAL_Init                 0x800'0ce9   0x30  Code  Gb  stm32f4xx_hal.o [1]
HAL_InitTick             0x800'11b9   0x40  Code  Wk  stm32f4xx_hal.o [1]
HAL_MspInit              0x800'05a5   0x34  Code  Gb  stm32f4xx_hal_msp.o [1]
HAL_NVIC_EnableIRQ       0x800'08e3   0x16  Code  Gb  stm32f4xx_hal_cortex.o [1]
HAL_NVIC_SetPriority     0x800'08a9   0x3a  Code  Gb  stm32f4xx_hal_cortex.o [1]
HAL_NVIC_SetPriorityGrouping
                         0x800'088f   0x1a  Code  Gb  stm32f4xx_hal_cortex.o [1]
HAL_RCC_ClockConfig      0x800'102d  0x100  Code  Gb  stm32f4xx_hal_rcc.o [1]
HAL_RCC_OscConfig        0x800'0d1d  0x310  Code  Wk  stm32f4xx_hal_rcc.o [1]
HAL_SYSTICK_Config       0x800'08f9   0x28  Code  Gb  stm32f4xx_hal_cortex.o [1]
HardFault_Handler        0x800'13c7    0x2  Code  Gb  stm32f4xx_it.o [1]
MemManage_Handler        0x800'13c9    0x2  Code  Gb  stm32f4xx_it.o [1]
NMI_Handler              0x800'13c5    0x2  Code  Gb  stm32f4xx_it.o [1]
PendSV_Handler           0x800'13d3    0x2  Code  Gb  stm32f4xx_it.o [1]
Region$$Table$$Base      0x800'13b4          --   Gb  - Linker created -
Region$$Table$$Limit     0x800'13c4          --   Gb  - Linker created -
SVC_Handler              0x800'13cf    0x2  Code  Gb  stm32f4xx_it.o [1]
SysTick_Handler          0x800'13d5    0x4  Code  Gb  stm32f4xx_it.o [1]
SystemClock_Config       0x800'0bf7   0x90  Code  Gb  main.o [1]
SystemCoreClock         0x2000'000c    0x4  Data  Gb  system_stm32f4xx.o [1]
SystemInit               0x800'133d   0x14  Code  Gb  system_stm32f4xx.o [1]
UsageFault_Handler       0x800'13cd    0x2  Code  Gb  stm32f4xx_it.o [1]
__NVIC_SetPriority       0x800'0875   0x1a  Code  Lc  stm32f4xx_hal_cortex.o [1]
__aeabi_ldiv0            0x800'1301         Code  Gb  I64DivZer.o [4]
__aeabi_memset           0x800'0939         Code  Gb  ABImemset.o [4]
__cmain                  0x800'13f5         Code  Gb  cmain.o [4]
__exit                   0x800'1429   0x14  Code  Gb  exit.o [5]
__iar_Memset             0x800'0939         Code  Gb  ABImemset.o [4]
__iar_Memset_word        0x800'0941         Code  Gb  ABImemset.o [4]
__iar_data_init3         0x800'1369   0x28  Code  Gb  data_init.o [4]
__iar_init_vfp           0x800'1391         Code  Gb  fpinit_M.o [3]
__iar_packbits_init_single3
                         0x800'1303   0x38  Code  Gb  packbits_init_single.o [4]
__iar_program_start      0x800'144d         Code  Gb  cstartup_M.o [4]
__iar_small_uldivmod     0x800'11f9         Code  Gb  I64DivMod_small.o [4]
__low_level_init         0x800'1413    0x4  Code  Gb  low_level_init.o [2]
__vector_table           0x800'0000         Data  Gb  startup_stm32f429xx.o [1]
_call_main               0x800'1401         Code  Gb  cmain.o [4]
_exit                    0x800'141d         Code  Gb  cexit.o [4]
_main                    0x800'140f         Code  Gb  cmain.o [4]
clear                    0x800'0a19    0x8  Code  Gb  main.o [1]
command                  0x800'09a1    0xc  Code  Gb  main.o [1]
exit                     0x800'1417    0x4  Code  Gb  exit.o [2]
hadc2                   0x2000'0010   0x48  Data  Gb  main.o [1]
init                     0x800'09bb   0x58  Code  Gb  main.o [1]
main                     0x800'0a75  0x182  Code  Gb  main.o [1]
memset                   0x800'065f   0x14  Code  Gb  memset.o [4]
uwTick                  0x2000'0004    0x4  Data  Gb  stm32f4xx_hal.o [1]
uwTickFreq              0x2000'0000    0x1  Data  Gb  stm32f4xx_hal.o [1]
uwTickPrio              0x2000'0008    0x4  Data  Gb  stm32f4xx_hal.o [1]
write                    0x800'09ad    0x8  Code  Gb  main.o [1]
write_string             0x800'0a4b   0x28  Code  Gb  main.o [1]


[1] = C:\Users\mohit\Desktop\Microapps projects\LAB8\Task1\EWARM\Task1\Obj
[2] = dl7M_tln.a
[3] = m7M_tls.a
[4] = rt7M_tl.a
[5] = shb_l.a

  5'546 bytes of readonly  code memory
     31 bytes of readonly  data memory
  1'112 bytes of readwrite data memory

Errors: none
Warnings: none
