###############################################################################
#
# IAR ELF Linker V8.42.1.233/W32 for ARM                  22/Jan/2020  17:41:58
# Copyright 2007-2019 IAR Systems AB.
#
#    Output file  =
#        C:\Users\mohit\Desktop\Microapps projects\HW
#        1\HW1\EWARM\HW1\Exe\HW1.out
#    Map file     =
#        C:\Users\mohit\Desktop\Microapps projects\HW
#        1\HW1\EWARM\HW1\List\HW1.map
#    Command line =
#        -f C:\Users\mohit\AppData\Local\Temp\EW116.tmp
#        ("C:\Users\mohit\Desktop\Microapps projects\HW
#        1\HW1\EWARM\HW1\Obj\main.o" "C:\Users\mohit\Desktop\Microapps
#        projects\HW 1\HW1\EWARM\HW1\Obj\startup_stm32f429xx.o"
#        "C:\Users\mohit\Desktop\Microapps projects\HW
#        1\HW1\EWARM\HW1\Obj\stm32f4xx_hal.o" "C:\Users\mohit\Desktop\Microapps
#        projects\HW 1\HW1\EWARM\HW1\Obj\stm32f4xx_hal_cortex.o"
#        "C:\Users\mohit\Desktop\Microapps projects\HW
#        1\HW1\EWARM\HW1\Obj\stm32f4xx_hal_dma.o"
#        "C:\Users\mohit\Desktop\Microapps projects\HW
#        1\HW1\EWARM\HW1\Obj\stm32f4xx_hal_dma_ex.o"
#        "C:\Users\mohit\Desktop\Microapps projects\HW
#        1\HW1\EWARM\HW1\Obj\stm32f4xx_hal_exti.o"
#        "C:\Users\mohit\Desktop\Microapps projects\HW
#        1\HW1\EWARM\HW1\Obj\stm32f4xx_hal_flash.o"
#        "C:\Users\mohit\Desktop\Microapps projects\HW
#        1\HW1\EWARM\HW1\Obj\stm32f4xx_hal_flash_ex.o"
#        "C:\Users\mohit\Desktop\Microapps projects\HW
#        1\HW1\EWARM\HW1\Obj\stm32f4xx_hal_flash_ramfunc.o"
#        "C:\Users\mohit\Desktop\Microapps projects\HW
#        1\HW1\EWARM\HW1\Obj\stm32f4xx_hal_gpio.o"
#        "C:\Users\mohit\Desktop\Microapps projects\HW
#        1\HW1\EWARM\HW1\Obj\stm32f4xx_hal_msp.o"
#        "C:\Users\mohit\Desktop\Microapps projects\HW
#        1\HW1\EWARM\HW1\Obj\stm32f4xx_hal_pwr.o"
#        "C:\Users\mohit\Desktop\Microapps projects\HW
#        1\HW1\EWARM\HW1\Obj\stm32f4xx_hal_pwr_ex.o"
#        "C:\Users\mohit\Desktop\Microapps projects\HW
#        1\HW1\EWARM\HW1\Obj\stm32f4xx_hal_rcc.o"
#        "C:\Users\mohit\Desktop\Microapps projects\HW
#        1\HW1\EWARM\HW1\Obj\stm32f4xx_hal_rcc_ex.o"
#        "C:\Users\mohit\Desktop\Microapps projects\HW
#        1\HW1\EWARM\HW1\Obj\stm32f4xx_hal_tim.o"
#        "C:\Users\mohit\Desktop\Microapps projects\HW
#        1\HW1\EWARM\HW1\Obj\stm32f4xx_hal_tim_ex.o"
#        "C:\Users\mohit\Desktop\Microapps projects\HW
#        1\HW1\EWARM\HW1\Obj\stm32f4xx_it.o" "C:\Users\mohit\Desktop\Microapps
#        projects\HW 1\HW1\EWARM\HW1\Obj\system_stm32f4xx.o" --redirect
#        _Printf=_PrintfFull --redirect _Scanf=_ScanfFull --no_out_extension -o
#        "C:\Users\mohit\Desktop\Microapps projects\HW
#        1\HW1\EWARM\HW1\Exe\HW1.out" --map "C:\Users\mohit\Desktop\Microapps
#        projects\HW 1\HW1\EWARM\HW1\List\HW1.map" --config
#        "C:\Users\mohit\Desktop\Microapps projects\HW
#        1\HW1\EWARM/stm32f429xx_flash.icf" --semihosting --entry
#        __iar_program_start --vfe --text_out locale)
#
###############################################################################

*******************************************************************************
*** RUNTIME MODEL ATTRIBUTES
***

CppFlavor       = *
__SystemLibrary = DLib
__dlib_version  = 6


*******************************************************************************
*** HEAP SELECTION
***

The basic heap was selected because some modules are built with
size limitations (and not runtime checking), and --advanced_heap
was not specified.


*******************************************************************************
*** PLACEMENT SUMMARY
***

"A0":  place at address 0x800'0000 { ro section .intvec };
"P1":  place in [from 0x800'0000 to 0x81f'ffff] { ro };
define block CSTACK with size = 1K, alignment = 8 { };
define block HEAP with size = 512, alignment = 8 { };
"P2":  place in [from 0x2000'0000 to 0x2002'ffff] {
          rw, block CSTACK, block HEAP };
initialize by copy { rw };

  Section            Kind         Address   Size  Object
  -------            ----         -------   ----  ------
"A0":                                      0x1ac
  .intvec            ro code   0x800'0000  0x1ac  startup_stm32f429xx.o [1]
                             - 0x800'01ac  0x1ac

"P1":                                      0xe58
  .text              ro code   0x800'01ac  0x310  stm32f4xx_hal_rcc.o [1]
  .text              ro code   0x800'04bc    0xc  stm32f4xx_hal.o [1]
  .text              ro code   0x800'04c8  0x20c  stm32f4xx_hal_gpio.o [1]
  .text              ro code   0x800'06d4  0x19e  main.o [1]
  .text              ro code   0x800'0872   0x2e  copy_init3.o [4]
  .text              ro code   0x800'08a0   0x34  stm32f4xx_hal.o [1]
  .text              ro code   0x800'08d4   0x14  memset.o [4]
  .text              ro code   0x800'08e8   0x78  stm32f4xx_hal_pwr_ex.o [1]
  .text              ro code   0x800'0960  0x180  stm32f4xx_hal_rcc.o [1]
  .text              ro code   0x800'0ae0   0xac  stm32f4xx_hal_cortex.o [1]
  .text              ro code   0x800'0b8c   0x40  stm32f4xx_hal.o [1]
  .text              ro code   0x800'0bcc   0x38  stm32f4xx_hal_msp.o [1]
  .text              ro code   0x800'0c04   0x66  ABImemset.o [4]
  .text              ro code   0x800'0c6c  0x106  I64DivMod_small.o [4]
  .text              ro code   0x800'0d74    0x2  I64DivZer.o [4]
  .text              ro code   0x800'0d78   0x2c  system_stm32f4xx.o [1]
  .text              ro code   0x800'0da4   0x28  data_init.o [4]
  .text              ro code   0x800'0dcc   0x22  fpinit_M.o [3]
  .iar.init_table    const     0x800'0df0   0x14  - Linker created -
  .text              ro code   0x800'0e04   0x1e  cmain.o [4]
  .text              ro code   0x800'0e22    0x4  low_level_init.o [2]
  .text              ro code   0x800'0e26    0x4  exit.o [2]
  .text              ro code   0x800'0e2c    0xa  cexit.o [4]
  .text              ro code   0x800'0e38   0x14  exit.o [5]
  .text              ro code   0x800'0e4c   0x14  stm32f4xx_it.o [1]
  .text              ro code   0x800'0e60   0x10  stm32f4xx_hal.o [1]
  .text              ro code   0x800'0e70   0x10  startup_stm32f429xx.o [1]
  Initializer bytes  const     0x800'0e80   0x10  <for P2-1>
  .text              ro code   0x800'0e90    0xc  cstartup_M.o [4]
  .text              ro code   0x800'0e9c    0x4  startup_stm32f429xx.o [1]
  .text              ro code   0x800'0ea0    0x4  startup_stm32f429xx.o [1]
  .text              ro code   0x800'0ea4    0x4  startup_stm32f429xx.o [1]
  .text              ro code   0x800'0ea8    0x4  startup_stm32f429xx.o [1]
  .text              ro code   0x800'0eac    0x4  startup_stm32f429xx.o [1]
  .text              ro code   0x800'0eb0    0x4  startup_stm32f429xx.o [1]
  .text              ro code   0x800'0eb4    0x4  startup_stm32f429xx.o [1]
  .text              ro code   0x800'0eb8    0x4  startup_stm32f429xx.o [1]
  .text              ro code   0x800'0ebc    0x4  startup_stm32f429xx.o [1]
  .text              ro code   0x800'0ec0    0x4  startup_stm32f429xx.o [1]
  .text              ro code   0x800'0ec4    0x4  startup_stm32f429xx.o [1]
  .text              ro code   0x800'0ec8    0x4  startup_stm32f429xx.o [1]
  .text              ro code   0x800'0ecc    0x4  startup_stm32f429xx.o [1]
  .text              ro code   0x800'0ed0    0x4  startup_stm32f429xx.o [1]
  .text              ro code   0x800'0ed4    0x4  startup_stm32f429xx.o [1]
  .text              ro code   0x800'0ed8    0x4  startup_stm32f429xx.o [1]
  .text              ro code   0x800'0edc    0x4  startup_stm32f429xx.o [1]
  .text              ro code   0x800'0ee0    0x4  startup_stm32f429xx.o [1]
  .text              ro code   0x800'0ee4    0x4  startup_stm32f429xx.o [1]
  .text              ro code   0x800'0ee8    0x4  startup_stm32f429xx.o [1]
  .text              ro code   0x800'0eec    0x4  startup_stm32f429xx.o [1]
  .text              ro code   0x800'0ef0    0x4  startup_stm32f429xx.o [1]
  .text              ro code   0x800'0ef4    0x4  startup_stm32f429xx.o [1]
  .text              ro code   0x800'0ef8    0x4  startup_stm32f429xx.o [1]
  .text              ro code   0x800'0efc    0x4  startup_stm32f429xx.o [1]
  .text              ro code   0x800'0f00    0x4  startup_stm32f429xx.o [1]
  .text              ro code   0x800'0f04    0x4  startup_stm32f429xx.o [1]
  .text              ro code   0x800'0f08    0x4  startup_stm32f429xx.o [1]
  .text              ro code   0x800'0f0c    0x4  startup_stm32f429xx.o [1]
  .text              ro code   0x800'0f10    0x4  startup_stm32f429xx.o [1]
  .text              ro code   0x800'0f14    0x4  startup_stm32f429xx.o [1]
  .text              ro code   0x800'0f18    0x4  startup_stm32f429xx.o [1]
  .text              ro code   0x800'0f1c    0x4  startup_stm32f429xx.o [1]
  .text              ro code   0x800'0f20    0x4  startup_stm32f429xx.o [1]
  .text              ro code   0x800'0f24    0x4  startup_stm32f429xx.o [1]
  .text              ro code   0x800'0f28    0x4  startup_stm32f429xx.o [1]
  .text              ro code   0x800'0f2c    0x4  startup_stm32f429xx.o [1]
  .text              ro code   0x800'0f30    0x4  startup_stm32f429xx.o [1]
  .text              ro code   0x800'0f34    0x4  startup_stm32f429xx.o [1]
  .text              ro code   0x800'0f38    0x4  startup_stm32f429xx.o [1]
  .text              ro code   0x800'0f3c    0x4  startup_stm32f429xx.o [1]
  .text              ro code   0x800'0f40    0x4  startup_stm32f429xx.o [1]
  .text              ro code   0x800'0f44    0x4  startup_stm32f429xx.o [1]
  .text              ro code   0x800'0f48    0x4  startup_stm32f429xx.o [1]
  .text              ro code   0x800'0f4c    0x4  startup_stm32f429xx.o [1]
  .text              ro code   0x800'0f50    0x4  startup_stm32f429xx.o [1]
  .text              ro code   0x800'0f54    0x4  startup_stm32f429xx.o [1]
  .text              ro code   0x800'0f58    0x4  startup_stm32f429xx.o [1]
  .text              ro code   0x800'0f5c    0x4  startup_stm32f429xx.o [1]
  .text              ro code   0x800'0f60    0x4  startup_stm32f429xx.o [1]
  .text              ro code   0x800'0f64    0x4  startup_stm32f429xx.o [1]
  .text              ro code   0x800'0f68    0x4  startup_stm32f429xx.o [1]
  .text              ro code   0x800'0f6c    0x4  startup_stm32f429xx.o [1]
  .text              ro code   0x800'0f70    0x4  startup_stm32f429xx.o [1]
  .text              ro code   0x800'0f74    0x4  startup_stm32f429xx.o [1]
  .text              ro code   0x800'0f78    0x4  startup_stm32f429xx.o [1]
  .text              ro code   0x800'0f7c    0x4  startup_stm32f429xx.o [1]
  .text              ro code   0x800'0f80    0x4  startup_stm32f429xx.o [1]
  .text              ro code   0x800'0f84    0x4  startup_stm32f429xx.o [1]
  .text              ro code   0x800'0f88    0x4  startup_stm32f429xx.o [1]
  .text              ro code   0x800'0f8c    0x4  startup_stm32f429xx.o [1]
  .text              ro code   0x800'0f90    0x4  startup_stm32f429xx.o [1]
  .text              ro code   0x800'0f94    0x4  startup_stm32f429xx.o [1]
  .text              ro code   0x800'0f98    0x4  startup_stm32f429xx.o [1]
  .text              ro code   0x800'0f9c    0x4  startup_stm32f429xx.o [1]
  .text              ro code   0x800'0fa0    0x4  startup_stm32f429xx.o [1]
  .text              ro code   0x800'0fa4    0x4  startup_stm32f429xx.o [1]
  .text              ro code   0x800'0fa8    0x4  startup_stm32f429xx.o [1]
  .text              ro code   0x800'0fac    0x4  startup_stm32f429xx.o [1]
  .text              ro code   0x800'0fb0    0x4  startup_stm32f429xx.o [1]
  .text              ro code   0x800'0fb4    0x4  startup_stm32f429xx.o [1]
  .text              ro code   0x800'0fb8    0x4  startup_stm32f429xx.o [1]
  .text              ro code   0x800'0fbc    0x4  startup_stm32f429xx.o [1]
  .text              ro code   0x800'0fc0    0x4  startup_stm32f429xx.o [1]
  .text              ro code   0x800'0fc4    0x4  startup_stm32f429xx.o [1]
  .text              ro code   0x800'0fc8    0x4  startup_stm32f429xx.o [1]
  .text              ro code   0x800'0fcc    0x4  startup_stm32f429xx.o [1]
  .text              ro code   0x800'0fd0    0x4  startup_stm32f429xx.o [1]
  .text              ro code   0x800'0fd4    0x4  startup_stm32f429xx.o [1]
  .text              ro code   0x800'0fd8    0x4  startup_stm32f429xx.o [1]
  .text              ro code   0x800'0fdc    0x4  startup_stm32f429xx.o [1]
  .text              ro code   0x800'0fe0    0x4  startup_stm32f429xx.o [1]
  .text              ro code   0x800'0fe4    0x4  startup_stm32f429xx.o [1]
  .text              ro code   0x800'0fe8    0x4  startup_stm32f429xx.o [1]
  .text              ro code   0x800'0fec    0x4  startup_stm32f429xx.o [1]
  .text              ro code   0x800'0ff0    0x4  startup_stm32f429xx.o [1]
  .text              ro code   0x800'0ff4    0x4  startup_stm32f429xx.o [1]
  .text              ro code   0x800'0ff8    0x4  startup_stm32f429xx.o [1]
  .text              ro code   0x800'0ffc    0x4  startup_stm32f429xx.o [1]
  .text              ro code   0x800'1000    0x4  startup_stm32f429xx.o [1]
  .rodata            const     0x800'1004    0x0  copy_init3.o [4]
                             - 0x800'1004  0xe58

"P2", part 1 of 2:                          0x10
  P2-1                        0x2000'0000   0x10  <Init block>
    .data            inited   0x2000'0000    0xc  stm32f4xx_hal.o [1]
    .data            inited   0x2000'000c    0x4  system_stm32f4xx.o [1]
                            - 0x2000'0010   0x10

"P2", part 2 of 2:                         0x400
  CSTACK                      0x2000'0010  0x400  <Block>
    CSTACK           uninit   0x2000'0010  0x400  <Block tail>
                            - 0x2000'0410  0x400

Unused ranges:

         From           To       Size
         ----           --       ----
   0x800'1004   0x81f'ffff  0x1f'effc
  0x2000'0410  0x2002'ffff   0x2'fbf0


*******************************************************************************
*** INIT TABLE
***

          Address      Size
          -------      ----
Copy (__iar_copy_init3)
    1 source range, total size 0x10:
           0x800'0e80  0x10
    1 destination range, total size 0x10:
          0x2000'0000  0x10



*******************************************************************************
*** MODULE SUMMARY
***

    Module                  ro code  ro data  rw data
    ------                  -------  -------  -------
command line/config:
    -------------------------------------------------
    Total:

C:\Users\mohit\Desktop\Microapps projects\HW 1\HW1\EWARM\HW1\Obj: [1]
    main.o                      414
    startup_stm32f429xx.o       804
    stm32f4xx_hal.o             144       12       12
    stm32f4xx_hal_cortex.o      172
    stm32f4xx_hal_gpio.o        524
    stm32f4xx_hal_msp.o          56
    stm32f4xx_hal_pwr_ex.o      120
    stm32f4xx_hal_rcc.o       1'168
    stm32f4xx_it.o               20
    system_stm32f4xx.o           44        4        4
    -------------------------------------------------
    Total:                    3'466       16       16

dl7M_tln.a: [2]
    exit.o                        4
    low_level_init.o              4
    -------------------------------------------------
    Total:                        8

m7M_tls.a: [3]
    fpinit_M.o                   34
    -------------------------------------------------
    Total:                       34

rt7M_tl.a: [4]
    ABImemset.o                 102
    I64DivMod_small.o           262
    I64DivZer.o                   2
    cexit.o                      10
    cmain.o                      30
    copy_init3.o                 46
    cstartup_M.o                 12
    data_init.o                  40
    memset.o                     20
    -------------------------------------------------
    Total:                      524

shb_l.a: [5]
    exit.o                       20
    -------------------------------------------------
    Total:                       20

    Gaps                         10        2
    Linker created                        20    1'024
-----------------------------------------------------
    Grand Total:              4'062       38    1'040


*******************************************************************************
*** ENTRY LIST
***

Entry                       Address   Size  Type      Object
-----                       -------   ----  ----      ------
.iar.init_table$$Base    0x800'0df0          --   Gb  - Linker created -
.iar.init_table$$Limit   0x800'0e04          --   Gb  - Linker created -
?main                    0x800'0e05         Code  Gb  cmain.o [4]
AHBPrescTable            0x800'0d94   0x10  Data  Gb  system_stm32f4xx.o [1]
BusFault_Handler         0x800'0e53    0x2  Code  Gb  stm32f4xx_it.o [1]
CSTACK$$Base            0x2000'0010          --   Gb  - Linker created -
CSTACK$$Limit           0x2000'0410          --   Gb  - Linker created -
DebugMon_Handler         0x800'0e59    0x2  Code  Gb  stm32f4xx_it.o [1]
HAL_GPIO_Init            0x800'04c9  0x1c2  Code  Gb  stm32f4xx_hal_gpio.o [1]
HAL_GPIO_ReadPin         0x800'068b    0xc  Code  Gb  stm32f4xx_hal_gpio.o [1]
HAL_GPIO_WritePin        0x800'0697    0x8  Code  Gb  stm32f4xx_hal_gpio.o [1]
HAL_GetTick              0x800'04bd    0xc  Code  Wk  stm32f4xx_hal.o [1]
HAL_IncTick              0x800'0e61   0x10  Code  Wk  stm32f4xx_hal.o [1]
HAL_Init                 0x800'08a1   0x30  Code  Gb  stm32f4xx_hal.o [1]
HAL_InitTick             0x800'0b8d   0x40  Code  Wk  stm32f4xx_hal.o [1]
HAL_MspInit              0x800'0bcd   0x38  Code  Gb  stm32f4xx_hal_msp.o [1]
HAL_NVIC_SetPriority     0x800'0b15   0x3a  Code  Gb  stm32f4xx_hal_cortex.o [1]
HAL_NVIC_SetPriorityGrouping
                         0x800'0afb   0x1a  Code  Gb  stm32f4xx_hal_cortex.o [1]
HAL_PWREx_EnableOverDrive
                         0x800'08e9   0x48  Code  Gb  stm32f4xx_hal_pwr_ex.o [1]
HAL_RCC_ClockConfig      0x800'0961  0x100  Code  Gb  stm32f4xx_hal_rcc.o [1]
HAL_RCC_OscConfig        0x800'01ad  0x310  Code  Wk  stm32f4xx_hal_rcc.o [1]
HAL_SYSTICK_Config       0x800'0b4f   0x28  Code  Gb  stm32f4xx_hal_cortex.o [1]
HardFault_Handler        0x800'0e4f    0x2  Code  Gb  stm32f4xx_it.o [1]
MemManage_Handler        0x800'0e51    0x2  Code  Gb  stm32f4xx_it.o [1]
NMI_Handler              0x800'0e4d    0x2  Code  Gb  stm32f4xx_it.o [1]
PendSV_Handler           0x800'0e5b    0x2  Code  Gb  stm32f4xx_it.o [1]
Region$$Table$$Base      0x800'0df0          --   Gb  - Linker created -
Region$$Table$$Limit     0x800'0e04          --   Gb  - Linker created -
SVC_Handler              0x800'0e57    0x2  Code  Gb  stm32f4xx_it.o [1]
SysTick_Handler          0x800'0e5d    0x4  Code  Gb  stm32f4xx_it.o [1]
SystemClock_Config       0x800'07c5   0x90  Code  Gb  main.o [1]
SystemCoreClock         0x2000'000c    0x4  Data  Gb  system_stm32f4xx.o [1]
SystemInit               0x800'0d79   0x14  Code  Gb  system_stm32f4xx.o [1]
UsageFault_Handler       0x800'0e55    0x2  Code  Gb  stm32f4xx_it.o [1]
__NVIC_SetPriority       0x800'0ae1   0x1a  Code  Lc  stm32f4xx_hal_cortex.o [1]
__aeabi_ldiv0            0x800'0d75         Code  Gb  I64DivZer.o [4]
__aeabi_memset           0x800'0c05         Code  Gb  ABImemset.o [4]
__cmain                  0x800'0e05         Code  Gb  cmain.o [4]
__exit                   0x800'0e39   0x14  Code  Gb  exit.o [5]
__iar_Memset             0x800'0c05         Code  Gb  ABImemset.o [4]
__iar_Memset_word        0x800'0c0d         Code  Gb  ABImemset.o [4]
__iar_copy_init3         0x800'0873   0x2e  Code  Gb  copy_init3.o [4]
__iar_data_init3         0x800'0da5   0x28  Code  Gb  data_init.o [4]
__iar_init_vfp           0x800'0dcd         Code  Gb  fpinit_M.o [3]
__iar_program_start      0x800'0e91         Code  Gb  cstartup_M.o [4]
__iar_small_uldivmod     0x800'0c6d         Code  Gb  I64DivMod_small.o [4]
__low_level_init         0x800'0e23    0x4  Code  Gb  low_level_init.o [2]
__vector_table           0x800'0000         Data  Gb  startup_stm32f429xx.o [1]
_call_main               0x800'0e11         Code  Gb  cmain.o [4]
_exit                    0x800'0e2d         Code  Gb  cexit.o [4]
_main                    0x800'0e1f         Code  Gb  cmain.o [4]
exit                     0x800'0e27    0x4  Code  Gb  exit.o [2]
main                     0x800'06d5   0xd6  Code  Gb  main.o [1]
memset                   0x800'08d5   0x14  Code  Gb  memset.o [4]
uwTick                  0x2000'0004    0x4  Data  Gb  stm32f4xx_hal.o [1]
uwTickFreq              0x2000'0000    0x1  Data  Gb  stm32f4xx_hal.o [1]
uwTickPrio              0x2000'0008    0x4  Data  Gb  stm32f4xx_hal.o [1]


[1] = C:\Users\mohit\Desktop\Microapps projects\HW 1\HW1\EWARM\HW1\Obj
[2] = dl7M_tln.a
[3] = m7M_tls.a
[4] = rt7M_tl.a
[5] = shb_l.a

  4'062 bytes of readonly  code memory
     38 bytes of readonly  data memory
  1'040 bytes of readwrite data memory

Errors: none
Warnings: none
