###############################################################################
#
# IAR ELF Linker V8.42.1.233/W32 for ARM                  11/Feb/2020  11:58:01
# Copyright 2007-2019 IAR Systems AB.
#
#    Output file  =
#        C:\Users\mohit\Desktop\Microapps
#        projects\LAB5\Task1\EWARM\Task1\Exe\Task1.out
#    Map file     =
#        C:\Users\mohit\Desktop\Microapps
#        projects\LAB5\Task1\EWARM\Task1\List\Task1.map
#    Command line =
#        -f C:\Users\mohit\AppData\Local\Temp\EW116A.tmp
#        ("C:\Users\mohit\Desktop\Microapps
#        projects\LAB5\Task1\EWARM\Task1\Obj\main.o"
#        "C:\Users\mohit\Desktop\Microapps
#        projects\LAB5\Task1\EWARM\Task1\Obj\startup_stm32f429xx.o"
#        "C:\Users\mohit\Desktop\Microapps
#        projects\LAB5\Task1\EWARM\Task1\Obj\stm32f4xx_hal.o"
#        "C:\Users\mohit\Desktop\Microapps
#        projects\LAB5\Task1\EWARM\Task1\Obj\stm32f4xx_hal_cortex.o"
#        "C:\Users\mohit\Desktop\Microapps
#        projects\LAB5\Task1\EWARM\Task1\Obj\stm32f4xx_hal_dma.o"
#        "C:\Users\mohit\Desktop\Microapps
#        projects\LAB5\Task1\EWARM\Task1\Obj\stm32f4xx_hal_dma_ex.o"
#        "C:\Users\mohit\Desktop\Microapps
#        projects\LAB5\Task1\EWARM\Task1\Obj\stm32f4xx_hal_exti.o"
#        "C:\Users\mohit\Desktop\Microapps
#        projects\LAB5\Task1\EWARM\Task1\Obj\stm32f4xx_hal_flash.o"
#        "C:\Users\mohit\Desktop\Microapps
#        projects\LAB5\Task1\EWARM\Task1\Obj\stm32f4xx_hal_flash_ex.o"
#        "C:\Users\mohit\Desktop\Microapps
#        projects\LAB5\Task1\EWARM\Task1\Obj\stm32f4xx_hal_flash_ramfunc.o"
#        "C:\Users\mohit\Desktop\Microapps
#        projects\LAB5\Task1\EWARM\Task1\Obj\stm32f4xx_hal_gpio.o"
#        "C:\Users\mohit\Desktop\Microapps
#        projects\LAB5\Task1\EWARM\Task1\Obj\stm32f4xx_hal_msp.o"
#        "C:\Users\mohit\Desktop\Microapps
#        projects\LAB5\Task1\EWARM\Task1\Obj\stm32f4xx_hal_pwr.o"
#        "C:\Users\mohit\Desktop\Microapps
#        projects\LAB5\Task1\EWARM\Task1\Obj\stm32f4xx_hal_pwr_ex.o"
#        "C:\Users\mohit\Desktop\Microapps
#        projects\LAB5\Task1\EWARM\Task1\Obj\stm32f4xx_hal_rcc.o"
#        "C:\Users\mohit\Desktop\Microapps
#        projects\LAB5\Task1\EWARM\Task1\Obj\stm32f4xx_hal_rcc_ex.o"
#        "C:\Users\mohit\Desktop\Microapps
#        projects\LAB5\Task1\EWARM\Task1\Obj\stm32f4xx_hal_tim.o"
#        "C:\Users\mohit\Desktop\Microapps
#        projects\LAB5\Task1\EWARM\Task1\Obj\stm32f4xx_hal_tim_ex.o"
#        "C:\Users\mohit\Desktop\Microapps
#        projects\LAB5\Task1\EWARM\Task1\Obj\stm32f4xx_it.o"
#        "C:\Users\mohit\Desktop\Microapps
#        projects\LAB5\Task1\EWARM\Task1\Obj\system_stm32f4xx.o" --redirect
#        _Printf=_PrintfFull --redirect _Scanf=_ScanfFull --no_out_extension -o
#        "C:\Users\mohit\Desktop\Microapps
#        projects\LAB5\Task1\EWARM\Task1\Exe\Task1.out" --map
#        "C:\Users\mohit\Desktop\Microapps
#        projects\LAB5\Task1\EWARM\Task1\List\Task1.map" --config
#        "C:\Users\mohit\Desktop\Microapps
#        projects\LAB5\Task1\EWARM/stm32f429xx_flash.icf" --semihosting --entry
#        __iar_program_start --redirect __write=__write_buffered --redirect
#        __iar_sh_stdout=__iar_sh_stdout_swo --vfe --text_out locale)
#
###############################################################################

*******************************************************************************
*** RUNTIME MODEL ATTRIBUTES
***

CppFlavor       = *
__Heap_Handler  = Basic
__SystemLibrary = DLib
__dlib_version  = 6


*******************************************************************************
*** HEAP SELECTION
***

The basic heap was selected because some modules are built with
size limitations (and not runtime checking), and --advanced_heap
was not specified.


*******************************************************************************
*** PLACEMENT SUMMARY
***

"A0":  place at address 0x800'0000 { ro section .intvec };
"P1":  place in [from 0x800'0000 to 0x81f'ffff] { ro };
define block CSTACK with size = 1K, alignment = 8 { };
define block HEAP with size = 512, alignment = 8 { };
"P2":  place in [from 0x2000'0000 to 0x2002'ffff] {
          rw, block CSTACK, block HEAP };
initialize by copy { rw };

  Section            Kind         Address    Size  Object
  -------            ----         -------    ----  ------
"A0":                                       0x1ac
  .intvec            ro code   0x800'0000   0x1ac  startup_stm32f429xx.o [1]
                             - 0x800'01ac   0x1ac

"P1":                                      0x3da5
  .text              ro code   0x800'01ac  0x10c6  xprintffull.o [2]
  .text              ro code   0x800'1272    0x3a  zero_init3.o [4]
  .text              ro code   0x800'12ac    0x7c  xlocale_c.o [2]
  .text              ro code   0x800'1328    0x16  strchr.o [4]
  .text              ro code   0x800'133e    0x1e  xencoding_8859_1.o [2]
  .text              ro code   0x800'135c    0x40  xfail_s.o [2]
  .text              ro code   0x800'139c    0x36  strlen.o [4]
  .rodata            const     0x800'13d2     0x2  xlocale_c.o [2]
  .text              ro code   0x800'13d4    0x58  memchr.o [4]
  .text              ro code   0x800'142c    0xa6  ABImemcpy.o [4]
  .rodata            const     0x800'14d2     0x2  xlocale_c.o [2]
  .text              ro code   0x800'14d4    0x70  frexp.o [3]
  .text              ro code   0x800'1544    0x2e  DblCmpLe.o [3]
  .rodata            const     0x800'1572     0x1  xlocale_c.o [2]
  .text              ro code   0x800'1574    0x2e  DblCmpGe.o [3]
  .text              ro code   0x800'15a4   0x13a  ldexp.o [3]
  .text              ro code   0x800'16e0    0x3a  DblToS32.o [3]
  .text              ro code   0x800'171c    0x22  S32ToDbl.o [3]
  .text              ro code   0x800'1740    0xe2  DblSub.o [3]
  .text              ro code   0x800'1824   0x246  DblDiv.o [3]
  .text              ro code   0x800'1a6c    0x28  DblToU32.o [3]
  .text              ro code   0x800'1a94    0x1a  U32ToDbl.o [3]
  .text              ro code   0x800'1ab0   0x1a2  DblMul.o [3]
  .text              ro code   0x800'1c52     0xa  xmbcurmax.o [2]
  .text              ro code   0x800'1c5c   0x106  I64DivMod_small.o [4]
  .text              ro code   0x800'1d62     0x6  abort.o [2]
  .text              ro code   0x800'1d68   0x16a  DblAdd.o [3]
  .text              ro code   0x800'1ed4     0x2  I64DivZer.o [4]
  .text              ro code   0x800'1ed8    0x14  exit.o [5]
  .text              ro code   0x800'1eec   0x728  stm32f4xx_hal_tim.o [1]
  .text              ro code   0x800'2614   0x150  stm32f4xx_hal_msp.o [1]
  .text              ro code   0x800'2764     0x2  stm32f4xx_hal_tim.o [1]
  .text              ro code   0x800'2766     0x2  stm32f4xx_hal_tim.o [1]
  .text              ro code   0x800'2768   0x2d8  main.o [1]
  .text              ro code   0x800'2a40     0x2  stm32f4xx_hal_tim.o [1]
  .text              ro code   0x800'2a42     0x2  stm32f4xx_hal_tim.o [1]
  .text              ro code   0x800'2a44     0x2  stm32f4xx_hal_tim_ex.o [1]
  .text              ro code   0x800'2a46     0x2  stm32f4xx_hal_tim.o [1]
  .text              ro code   0x800'2a48     0x2  stm32f4xx_hal_tim_ex.o [1]
  .text              ro code   0x800'2a4a     0x2  stm32f4xx_hal_tim.o [1]
  .text              ro code   0x800'2a4c   0x1f8  stm32f4xx_hal_gpio.o [1]
  .text              ro code   0x800'2c44    0xc4  stm32f4xx_hal_cortex.o [1]
  .text              ro code   0x800'2d08    0x14  memset.o [4]
  .text              ro code   0x800'2d1c    0x28  printf.o [2]
  .text              ro code   0x800'2d44    0x34  stm32f4xx_hal.o [1]
  .text              ro code   0x800'2d78    0x8c  stm32f4xx_hal_tim_ex.o [1]
  .text              ro code   0x800'2e04   0x310  stm32f4xx_hal_rcc.o [1]
  .text              ro code   0x800'3114   0x180  stm32f4xx_hal_rcc.o [1]
  .text              ro code   0x800'3294    0x66  ABImemset.o [4]
  .text              ro code   0x800'32fc    0x40  stm32f4xx_hal.o [1]
  .text              ro code   0x800'333c     0xc  stm32f4xx_hal.o [1]
  .text              ro code   0x800'3348   0x13c  heap0.o [2]
  .text              ro code   0x800'3484    0x2c  xgetmemchunk.o [2]
  .text              ro code   0x800'34b0    0xd8  xfspos.o [2]
  .text              ro code   0x800'3588    0xac  fflush.o [2]
  .text              ro code   0x800'3634     0xc  xfgpos.o [2]
  .text              ro code   0x800'3640    0x4a  lseek.o [5]
  .text              ro code   0x800'368c    0xb4  xxwritebuffered.o [2]
  .text              ro code   0x800'3740    0x44  XShHandles.o [2]
  .text              ro code   0x800'3784    0x4c  XShHandles.o [2]
  .text              ro code   0x800'37d0    0x1e  dwrite.o [5]
  .text              ro code   0x800'37f0    0x50  iarwstdswo.o [5]
  .text              ro code   0x800'3840    0x22  iarwrite.o [5]
  .text              ro code   0x800'3862    0xb4  xfwprep.o [2]
  .text              ro code   0x800'3916    0x24  fseek.o [2]
  .text              ro code   0x800'393c    0x9c  xfofind.o [2]
  .text              ro code   0x800'39d8     0x4  heaptramp0.o [2]
  .text              ro code   0x800'39dc    0x7e  fclose.o [2]
  .text              ro code   0x800'3a5a    0x18  close.o [5]
  .text              ro code   0x800'3a72    0x14  remove.o [5]
  .text              ro code   0x800'3a88    0x48  XShHandles.o [2]
  .text              ro code   0x800'3ad0    0x78  lz77_init_single.o [4]
  .text              ro code   0x800'3b48    0x74  stm32f4xx_it.o [1]
  .text              ro code   0x800'3bbc    0x10  stm32f4xx_hal.o [1]
  .text              ro code   0x800'3bcc    0x54  fputc.o [2]
  .text              ro code   0x800'3c20    0x3c  xcloseall.o [2]
  .text              ro code   0x800'3c5c    0x2c  system_stm32f4xx.o [1]
  .text              ro code   0x800'3c88    0x28  data_init.o [4]
  .text              ro code   0x800'3cb0    0x22  fpinit_M.o [3]
  .iar.init_table    const     0x800'3cd4    0x20  - Linker created -
  .text              ro code   0x800'3cf4    0x1e  cmain.o [4]
  .text              ro code   0x800'3d12     0x4  low_level_init.o [2]
  .text              ro code   0x800'3d16     0x4  exit.o [2]
  .text              ro code   0x800'3d1c     0xe  cexit.o [4]
  .text              ro code   0x800'3d2a    0x16  xprout.o [2]
  .text              ro code   0x800'3d40     0xc  putchar.o [2]
  .text              ro code   0x800'3d4c    0x10  startup_stm32f429xx.o [1]
  .text              ro code   0x800'3d5c     0xc  cstartup_M.o [4]
  .text              ro code   0x800'3d68     0x4  startup_stm32f429xx.o [1]
  .text              ro code   0x800'3d6c     0x4  startup_stm32f429xx.o [1]
  .text              ro code   0x800'3d70     0x4  startup_stm32f429xx.o [1]
  .text              ro code   0x800'3d74     0x4  startup_stm32f429xx.o [1]
  .text              ro code   0x800'3d78     0x4  startup_stm32f429xx.o [1]
  .text              ro code   0x800'3d7c     0x4  startup_stm32f429xx.o [1]
  .text              ro code   0x800'3d80     0x4  startup_stm32f429xx.o [1]
  .text              ro code   0x800'3d84     0x4  startup_stm32f429xx.o [1]
  .text              ro code   0x800'3d88     0x4  startup_stm32f429xx.o [1]
  .text              ro code   0x800'3d8c     0x4  startup_stm32f429xx.o [1]
  .text              ro code   0x800'3d90     0x4  startup_stm32f429xx.o [1]
  .text              ro code   0x800'3d94     0x4  startup_stm32f429xx.o [1]
  .text              ro code   0x800'3d98     0x4  startup_stm32f429xx.o [1]
  .text              ro code   0x800'3d9c     0x4  startup_stm32f429xx.o [1]
  .text              ro code   0x800'3da0     0x4  startup_stm32f429xx.o [1]
  .text              ro code   0x800'3da4     0x4  startup_stm32f429xx.o [1]
  .text              ro code   0x800'3da8     0x4  startup_stm32f429xx.o [1]
  .text              ro code   0x800'3dac     0x4  startup_stm32f429xx.o [1]
  .text              ro code   0x800'3db0     0x4  startup_stm32f429xx.o [1]
  .text              ro code   0x800'3db4     0x4  startup_stm32f429xx.o [1]
  .text              ro code   0x800'3db8     0x4  startup_stm32f429xx.o [1]
  .text              ro code   0x800'3dbc     0x4  startup_stm32f429xx.o [1]
  .text              ro code   0x800'3dc0     0x4  startup_stm32f429xx.o [1]
  .text              ro code   0x800'3dc4     0x4  startup_stm32f429xx.o [1]
  .text              ro code   0x800'3dc8     0x4  startup_stm32f429xx.o [1]
  .text              ro code   0x800'3dcc     0x4  startup_stm32f429xx.o [1]
  .text              ro code   0x800'3dd0     0x4  startup_stm32f429xx.o [1]
  .text              ro code   0x800'3dd4     0x4  startup_stm32f429xx.o [1]
  .text              ro code   0x800'3dd8     0x4  startup_stm32f429xx.o [1]
  .text              ro code   0x800'3ddc     0x4  startup_stm32f429xx.o [1]
  .text              ro code   0x800'3de0     0x4  startup_stm32f429xx.o [1]
  .text              ro code   0x800'3de4     0x4  startup_stm32f429xx.o [1]
  .text              ro code   0x800'3de8     0x4  startup_stm32f429xx.o [1]
  .text              ro code   0x800'3dec     0x4  startup_stm32f429xx.o [1]
  .text              ro code   0x800'3df0     0x4  startup_stm32f429xx.o [1]
  .text              ro code   0x800'3df4     0x4  startup_stm32f429xx.o [1]
  .text              ro code   0x800'3df8     0x4  startup_stm32f429xx.o [1]
  .text              ro code   0x800'3dfc     0x4  startup_stm32f429xx.o [1]
  .text              ro code   0x800'3e00     0x4  startup_stm32f429xx.o [1]
  .text              ro code   0x800'3e04     0x4  startup_stm32f429xx.o [1]
  .text              ro code   0x800'3e08     0x4  startup_stm32f429xx.o [1]
  .text              ro code   0x800'3e0c     0x4  startup_stm32f429xx.o [1]
  .text              ro code   0x800'3e10     0x4  startup_stm32f429xx.o [1]
  .text              ro code   0x800'3e14     0x4  startup_stm32f429xx.o [1]
  .text              ro code   0x800'3e18     0x4  startup_stm32f429xx.o [1]
  .text              ro code   0x800'3e1c     0x4  startup_stm32f429xx.o [1]
  .text              ro code   0x800'3e20     0x4  startup_stm32f429xx.o [1]
  .text              ro code   0x800'3e24     0x4  startup_stm32f429xx.o [1]
  .text              ro code   0x800'3e28     0x4  startup_stm32f429xx.o [1]
  .text              ro code   0x800'3e2c     0x4  startup_stm32f429xx.o [1]
  .text              ro code   0x800'3e30     0x4  startup_stm32f429xx.o [1]
  .text              ro code   0x800'3e34     0x4  startup_stm32f429xx.o [1]
  .text              ro code   0x800'3e38     0x4  startup_stm32f429xx.o [1]
  .text              ro code   0x800'3e3c     0x4  startup_stm32f429xx.o [1]
  .text              ro code   0x800'3e40     0x4  startup_stm32f429xx.o [1]
  .text              ro code   0x800'3e44     0x4  startup_stm32f429xx.o [1]
  .text              ro code   0x800'3e48     0x4  startup_stm32f429xx.o [1]
  .text              ro code   0x800'3e4c     0x4  startup_stm32f429xx.o [1]
  .text              ro code   0x800'3e50     0x4  startup_stm32f429xx.o [1]
  .text              ro code   0x800'3e54     0x4  startup_stm32f429xx.o [1]
  .text              ro code   0x800'3e58     0x4  startup_stm32f429xx.o [1]
  .text              ro code   0x800'3e5c     0x4  startup_stm32f429xx.o [1]
  .text              ro code   0x800'3e60     0x4  startup_stm32f429xx.o [1]
  .text              ro code   0x800'3e64     0x4  startup_stm32f429xx.o [1]
  .text              ro code   0x800'3e68     0x4  startup_stm32f429xx.o [1]
  .text              ro code   0x800'3e6c     0x4  startup_stm32f429xx.o [1]
  .text              ro code   0x800'3e70     0x4  startup_stm32f429xx.o [1]
  .text              ro code   0x800'3e74     0x4  startup_stm32f429xx.o [1]
  .text              ro code   0x800'3e78     0x4  startup_stm32f429xx.o [1]
  .text              ro code   0x800'3e7c     0x4  startup_stm32f429xx.o [1]
  .text              ro code   0x800'3e80     0x4  startup_stm32f429xx.o [1]
  .text              ro code   0x800'3e84     0x4  startup_stm32f429xx.o [1]
  .text              ro code   0x800'3e88     0x4  startup_stm32f429xx.o [1]
  .text              ro code   0x800'3e8c     0x4  startup_stm32f429xx.o [1]
  .text              ro code   0x800'3e90     0x4  startup_stm32f429xx.o [1]
  .text              ro code   0x800'3e94     0x4  startup_stm32f429xx.o [1]
  .text              ro code   0x800'3e98     0x4  startup_stm32f429xx.o [1]
  .text              ro code   0x800'3e9c     0x4  startup_stm32f429xx.o [1]
  .text              ro code   0x800'3ea0     0x4  startup_stm32f429xx.o [1]
  .text              ro code   0x800'3ea4     0x4  startup_stm32f429xx.o [1]
  .text              ro code   0x800'3ea8     0x4  startup_stm32f429xx.o [1]
  .text              ro code   0x800'3eac     0x4  startup_stm32f429xx.o [1]
  .text              ro code   0x800'3eb0     0x4  startup_stm32f429xx.o [1]
  .text              ro code   0x800'3eb4     0x4  startup_stm32f429xx.o [1]
  .text              ro code   0x800'3eb8     0x4  startup_stm32f429xx.o [1]
  .text              ro code   0x800'3ebc     0x4  startup_stm32f429xx.o [1]
  .text              ro code   0x800'3ec0     0x4  startup_stm32f429xx.o [1]
  .text              ro code   0x800'3ec4     0x4  startup_stm32f429xx.o [1]
  .text              ro code   0x800'3ec8     0x0  cstart_closeall.o [4]
  .rodata            const     0x800'3ec8     0x0  zero_init3.o [4]
  .rodata            const     0x800'3ec8     0x0  lz77_init_single.o [4]
  Initializer bytes  const     0x800'3ec8    0x89  <for P2-1>
                             - 0x800'3f51  0x3da5

"P2", part 1 of 3:                          0x190
  P2-1                        0x2000'0000   0x190  <Init block>
    .data            inited   0x2000'0000     0xc  stm32f4xx_hal.o [1]
    .data            inited   0x2000'000c     0x4  system_stm32f4xx.o [1]
    .data            inited   0x2000'0010    0x38  xlocale_c.o [2]
    .data            inited   0x2000'0048    0x48  xlocale_c.o [2]
    .data            inited   0x2000'0090    0x48  xfiles.o [2]
    .data            inited   0x2000'00d8    0x48  xfiles.o [2]
    .data            inited   0x2000'0120    0x48  xfiles.o [2]
    .data            inited   0x2000'0168    0x20  xfiles.o [2]
    .data            inited   0x2000'0188     0x8  stm32f4xx_it.o [1]
                            - 0x2000'0190   0x190

"P2", part 2 of 3:                          0x250
  .bss               zero     0x2000'0190    0xc0  main.o [1]
  .bss               zero     0x2000'0250    0x80  XShHandles.o [2]
  .bss               zero     0x2000'02d0    0x54  xxwritebuffered.o [2]
  .bss               zero     0x2000'0324    0x50  xfiles.o [2]
  .bss               zero     0x2000'0374    0x50  xfiles.o [2]
  .bss               zero     0x2000'03c4     0xa  main.o [1]
  .bss               zero     0x2000'03d0     0x8  heap0.o [2]
  .bss               zero     0x2000'03d8     0x4  xfail_s.o [2]
  .bss               zero     0x2000'03dc     0x4  xgetmemchunk.o [2]
                            - 0x2000'03e0   0x250

"P2", part 3 of 3:                          0x600
  CSTACK                      0x2000'03e0   0x400  <Block>
    CSTACK           uninit   0x2000'03e0   0x400  <Block tail>
  HEAP                        0x2000'07e0   0x200  <Block>
    HEAP             uninit   0x2000'07e0   0x200  <Block tail>
                            - 0x2000'09e0   0x600

Unused ranges:

         From           To       Size
         ----           --       ----
   0x800'3f51   0x81f'ffff  0x1f'c0af
  0x2000'09e0  0x2002'ffff   0x2'f620


*******************************************************************************
*** INIT TABLE
***

          Address      Size
          -------      ----
Zero (__iar_zero_init3)
    1 destination range, total size 0x250:
          0x2000'0190  0x250

Copy/lz77 (__iar_lz77_init_single3)
    1 source range, total size 0x89 (34% of destination):
           0x800'3ec8   0x89
    1 destination range, total size 0x190:
          0x2000'0000  0x190



*******************************************************************************
*** MODULE SUMMARY
***

    Module                  ro code  ro data  rw data
    ------                  -------  -------  -------
command line/config:
    -------------------------------------------------
    Total:

C:\Users\mohit\Desktop\Microapps projects\LAB5\Task1\EWARM\Task1\Obj: [1]
    main.o                      728               202
    startup_stm32f429xx.o       796
    stm32f4xx_hal.o             144        4       12
    stm32f4xx_hal_cortex.o      196
    stm32f4xx_hal_gpio.o        504
    stm32f4xx_hal_msp.o         336
    stm32f4xx_hal_rcc.o       1'168
    stm32f4xx_hal_tim.o       1'844
    stm32f4xx_hal_tim_ex.o      144
    stm32f4xx_it.o              116        3        8
    system_stm32f4xx.o           44        1        4
    -------------------------------------------------
    Total:                    6'020        8      226

dl7M_tlf.a: [2]
    XShHandles.o                216               128
    abort.o                       6
    exit.o                        4
    fclose.o                    126
    fflush.o                    172
    fputc.o                      84
    fseek.o                      36
    heap0.o                     316                 8
    heaptramp0.o                  4
    low_level_init.o              4
    printf.o                     40
    putchar.o                    12
    xcloseall.o                  60
    xencoding_8859_1.o           30
    xfail_s.o                    64                 4
    xfgpos.o                     12
    xfiles.o                              85      408
    xfofind.o                   156
    xfspos.o                    216
    xfwprep.o                   180
    xgetmemchunk.o               44                 4
    xlocale_c.o                 124       49      128
    xmbcurmax.o                  10
    xprintffull.o             4'294
    xprout.o                     22
    xxwritebuffered.o           180                84
    -------------------------------------------------
    Total:                    6'412      134      764

m7M_tls.a: [3]
    DblAdd.o                    362
    DblCmpGe.o                   46
    DblCmpLe.o                   46
    DblDiv.o                    582
    DblMul.o                    418
    DblSub.o                    226
    DblToS32.o                   58
    DblToU32.o                   40
    S32ToDbl.o                   34
    U32ToDbl.o                   26
    fpinit_M.o                   34
    frexp.o                     112
    ldexp.o                     314
    -------------------------------------------------
    Total:                    2'298

rt7M_tl.a: [4]
    ABImemcpy.o                 166
    ABImemset.o                 102
    I64DivMod_small.o           262
    I64DivZer.o                   2
    cexit.o                      14
    cmain.o                      30
    cstart_closeall.o
    cstartup_M.o                 12
    data_init.o                  40
    lz77_init_single.o          120
    memchr.o                     88
    memset.o                     20
    strchr.o                     22
    strlen.o                     54
    zero_init3.o                 58
    -------------------------------------------------
    Total:                      990

shb_l.a: [5]
    close.o                      24
    dwrite.o                     30
    exit.o                       20
    iarwrite.o                   34
    iarwstdswo.o                 80
    lseek.o                      74
    remove.o                     20
    -------------------------------------------------
    Total:                      282

    Gaps                         31        2        2
    Linker created                        32    1'536
-----------------------------------------------------
    Grand Total:             16'033      176    2'528


*******************************************************************************
*** ENTRY LIST
***

Entry                       Address   Size  Type      Object
-----                       -------   ----  ----      ------
.iar.init_table$$Base    0x800'3cd4          --   Gb  - Linker created -
.iar.init_table$$Limit   0x800'3cf4          --   Gb  - Linker created -
?main                    0x800'3cf5         Code  Gb  cmain.o [4]
AHBPrescTable            0x800'3c78   0x10  Data  Gb  system_stm32f4xx.o [1]
Aldata                  0x2000'03d0    0x8  Data  Lc  heap0.o [2]
BusFault_Handler         0x800'3b4f    0x2  Code  Gb  stm32f4xx_it.o [1]
CSTACK$$Base            0x2000'03e0          --   Gb  - Linker created -
CSTACK$$Limit           0x2000'07e0          --   Gb  - Linker created -
CacheMore                0x800'12b1   0x28  Code  Lc  xlocale_c.o [2]
DebugMon_Handler         0x800'3b55    0x2  Code  Gb  stm32f4xx_it.o [1]
Difference              0x2000'03ca    0x2  Data  Gb  main.o [1]
Difference1             0x2000'03cc    0x2  Data  Gb  main.o [1]
Frequency               0x2000'018e    0x2  Data  Gb  stm32f4xx_it.o [1]
HAL_GPIO_Init            0x800'2a4d  0x1c2  Code  Gb  stm32f4xx_hal_gpio.o [1]
HAL_GetTick              0x800'333d    0xc  Code  Wk  stm32f4xx_hal.o [1]
HAL_IncTick              0x800'3bbd   0x10  Code  Wk  stm32f4xx_hal.o [1]
HAL_Init                 0x800'2d45   0x30  Code  Gb  stm32f4xx_hal.o [1]
HAL_InitTick             0x800'32fd   0x40  Code  Wk  stm32f4xx_hal.o [1]
HAL_MspInit              0x800'2615   0x34  Code  Gb  stm32f4xx_hal_msp.o [1]
HAL_NVIC_EnableIRQ       0x800'2cb3   0x16  Code  Gb  stm32f4xx_hal_cortex.o [1]
HAL_NVIC_SetPriority     0x800'2c79   0x3a  Code  Gb  stm32f4xx_hal_cortex.o [1]
HAL_NVIC_SetPriorityGrouping
                         0x800'2c5f   0x1a  Code  Gb  stm32f4xx_hal_cortex.o [1]
HAL_RCC_ClockConfig      0x800'3115  0x100  Code  Gb  stm32f4xx_hal_rcc.o [1]
HAL_RCC_OscConfig        0x800'2e05  0x310  Code  Wk  stm32f4xx_hal_rcc.o [1]
HAL_SYSTICK_Config       0x800'2cc9   0x28  Code  Gb  stm32f4xx_hal_cortex.o [1]
HAL_TIMEx_BreakCallback
                         0x800'2a45    0x2  Code  Wk  stm32f4xx_hal_tim_ex.o [1]
HAL_TIMEx_CommutCallback
                         0x800'2a49    0x2  Code  Wk  stm32f4xx_hal_tim_ex.o [1]
HAL_TIMEx_MasterConfigSynchronization
                         0x800'2d79   0x6e  Code  Gb  stm32f4xx_hal_tim_ex.o [1]
HAL_TIM_Base_Init        0x800'1eed   0x1a  Code  Gb  stm32f4xx_hal_tim.o [1]
HAL_TIM_Base_MspInit     0x800'2649   0xac  Code  Gb  stm32f4xx_hal_msp.o [1]
HAL_TIM_ConfigClockSource
                         0x800'2215   0x90  Code  Gb  stm32f4xx_hal_tim.o [1]
HAL_TIM_IC_CaptureCallback
                         0x800'2769   0x6c  Code  Gb  main.o [1]
HAL_TIM_IC_ConfigChannel
                         0x800'20ed   0xf4  Code  Gb  stm32f4xx_hal_tim.o [1]
HAL_TIM_IC_Init          0x800'1f33   0x1a  Code  Gb  stm32f4xx_hal_tim.o [1]
HAL_TIM_IRQHandler       0x800'1f5d  0x142  Code  Gb  stm32f4xx_hal_tim.o [1]
HAL_TIM_MspPostInit      0x800'26f5   0x40  Code  Gb  stm32f4xx_hal_msp.o [1]
HAL_TIM_OC_ConfigChannel
                         0x800'20a5   0x48  Code  Gb  stm32f4xx_hal_tim.o [1]
HAL_TIM_OC_Init          0x800'1f07   0x18  Code  Gb  stm32f4xx_hal_tim.o [1]
HAL_TIM_ReadCapturedValue
                         0x800'22cf   0x2c  Code  Gb  stm32f4xx_hal_tim.o [1]
HEAP$$Base              0x2000'07e0          --   Gb  - Linker created -
HEAP$$Limit             0x2000'09e0          --   Gb  - Linker created -
HardFault_Handler        0x800'3b4b    0x2  Code  Gb  stm32f4xx_it.o [1]
IC_Val1                 0x2000'03c6    0x2  Data  Gb  main.o [1]
IC_Val2                 0x2000'03c8    0x2  Data  Gb  main.o [1]
Is_First_Captured       0x2000'03c4    0x1  Data  Gb  main.o [1]
MemManage_Handler        0x800'3b4d    0x2  Code  Gb  stm32f4xx_it.o [1]
NMI_Handler              0x800'3b49    0x2  Code  Gb  stm32f4xx_it.o [1]
PendSV_Handler           0x800'3b57    0x2  Code  Gb  stm32f4xx_it.o [1]
Period                  0x2000'0188    0x2  Data  Gb  stm32f4xx_it.o [1]
Region$$Table$$Base      0x800'3cd4          --   Gb  - Linker created -
Region$$Table$$Limit     0x800'3cf4          --   Gb  - Linker created -
SVC_Handler              0x800'3b53    0x2  Code  Gb  stm32f4xx_it.o [1]
SysTick_Handler          0x800'3b59    0x4  Code  Gb  stm32f4xx_it.o [1]
SystemClock_Config       0x800'2965   0x9a  Code  Gb  main.o [1]
SystemCoreClock         0x2000'000c    0x4  Data  Gb  system_stm32f4xx.o [1]
SystemInit               0x800'3c5d   0x14  Code  Gb  system_stm32f4xx.o [1]
TIM2_IRQHandler          0x800'3b5d    0x6  Code  Gb  stm32f4xx_it.o [1]
TIM3_IRQHandler          0x800'3b63   0x46  Code  Gb  stm32f4xx_it.o [1]
TIM_Base_SetConfig       0x800'22fb   0x96  Code  Gb  stm32f4xx_hal_tim.o [1]
TIM_ETR_SetConfig        0x800'25fb   0x14  Code  Gb  stm32f4xx_hal_tim.o [1]
TIM_ITRx_SetConfig       0x800'25eb   0x10  Code  Lc  stm32f4xx_hal_tim.o [1]
TIM_OC1_SetConfig        0x800'2391   0x58  Code  Lc  stm32f4xx_hal_tim.o [1]
TIM_OC2_SetConfig        0x800'23e9   0x60  Code  Gb  stm32f4xx_hal_tim.o [1]
TIM_OC3_SetConfig        0x800'2449   0x5e  Code  Lc  stm32f4xx_hal_tim.o [1]
TIM_OC4_SetConfig        0x800'24a7   0x46  Code  Lc  stm32f4xx_hal_tim.o [1]
TIM_TI1_ConfigInputStage
                         0x800'257d   0x1e  Code  Lc  stm32f4xx_hal_tim.o [1]
TIM_TI1_SetConfig        0x800'24ed   0x5e  Code  Gb  stm32f4xx_hal_tim.o [1]
TIM_TI2_ConfigInputStage
                         0x800'25c7   0x24  Code  Lc  stm32f4xx_hal_tim.o [1]
TIM_TI2_SetConfig        0x800'259b   0x2c  Code  Lc  stm32f4xx_hal_tim.o [1]
UsageFault_Handler       0x800'3b51    0x2  Code  Gb  stm32f4xx_it.o [1]
_Close_all               0x800'3c21   0x3c  Code  Gb  xcloseall.o [2]
_Encoding_8859_1_Mbrlen
                         0x800'1351    0x2  Code  Gb  xencoding_8859_1.o [2]
_Encoding_8859_1_Wctomb
                         0x800'133f   0x12  Code  Gb  xencoding_8859_1.o [2]
_Files                  0x2000'0168   0x20  Data  Gb  xfiles.o [2]
_Fofree                  0x800'393d   0x96  Code  Gb  xfofind.o [2]
_Fspos                   0x800'34b1   0xd8  Code  Gb  xfspos.o [2]
_Fwprep                  0x800'3863   0xb4  Code  Gb  xfwprep.o [2]
_LitobFull               0x800'10bf  0x10a  Code  Lc  xprintffull.o [2]
_Locale_lconv           0x2000'0010   0x38  Data  Lc  xlocale_c.o [2]
_Nnl                     0x800'3635    0xc  Code  Gb  xfgpos.o [2]
_PrintfFull              0x800'01ad  0xcc2  Code  Gb  xprintffull.o [2]
_Prout                   0x800'3d2b   0x16  Code  Gb  xprout.o [2]
_PutcharsFull            0x800'1231   0x2e  Code  Lc  xprintffull.o [2]
_PutstrFull              0x800'0fff   0xc0  Code  Lc  xprintffull.o [2]
_PuttxtFull              0x800'0ef3  0x10c  Code  Lc  xprintffull.o [2]
__NVIC_SetPriority       0x800'2c45   0x1a  Code  Lc  stm32f4xx_hal_cortex.o [1]
__aeabi_cdcmple          0x800'1545         Code  Gb  DblCmpLe.o [3]
__aeabi_cdrcmple         0x800'1575         Code  Gb  DblCmpGe.o [3]
__aeabi_d2iz             0x800'16e1         Code  Gb  DblToS32.o [3]
__aeabi_d2uiz            0x800'1a6d         Code  Gb  DblToU32.o [3]
__aeabi_ddiv             0x800'1825         Code  Gb  DblDiv.o [3]
__aeabi_dmul             0x800'1ab1         Code  Gb  DblMul.o [3]
__aeabi_dsub             0x800'1741         Code  Gb  DblSub.o [3]
__aeabi_i2d              0x800'171d         Code  Gb  S32ToDbl.o [3]
__aeabi_ldiv0            0x800'1ed5         Code  Gb  I64DivZer.o [4]
__aeabi_memcpy           0x800'142d         Code  Gb  ABImemcpy.o [4]
__aeabi_memcpy4          0x800'144d         Code  Gb  ABImemcpy.o [4]
__aeabi_memcpy8          0x800'144d         Code  Gb  ABImemcpy.o [4]
__aeabi_memset           0x800'3295         Code  Gb  ABImemset.o [4]
__aeabi_ui2d             0x800'1a95         Code  Gb  U32ToDbl.o [3]
__basic_free             0x800'33f5   0x16  Code  Gb  heap0.o [2]
__basic_free_intern      0x800'340b   0x74  Code  Lc  heap0.o [2]
__basic_malloc           0x800'3349   0x18  Code  Gb  heap0.o [2]
__basic_malloc_intern    0x800'3361   0x94  Code  Lc  heap0.o [2]
__cexit_closeall         0x800'3d1f         Code  Gb  cexit.o [4]
__close                  0x800'3a5b   0x18  Code  Gb  close.o [5]
__cmain                  0x800'3cf5         Code  Gb  cmain.o [4]
__cstart_closeall        0x800'3ec8         Data  Gb  cstart_closeall.o [4]
__data_GetMemChunk       0x800'3485   0x2c  Code  Gb  xgetmemchunk.o [2]
__data_GetMemChunk::start
                        0x2000'03dc    0x4  Data  Lc  xgetmemchunk.o [2]
__dwrite                 0x800'37d1   0x1e  Code  Gb  dwrite.o [5]
__exit                   0x800'1ed9   0x14  Code  Gb  exit.o [5]
__iar_Fail_s             0x800'135d   0x1c  Code  Gb  xfail_s.o [2]
__iar_Mbcurmax           0x800'1c53    0xa  Code  Gb  xmbcurmax.o [2]
__iar_Memchr             0x800'13d5         Code  Gb  memchr.o [4]
__iar_Memset             0x800'3295         Code  Gb  ABImemset.o [4]
__iar_Memset_word        0x800'329d         Code  Gb  ABImemset.o [4]
__iar_Stderr            0x2000'0120   0x48  Data  Gb  xfiles.o [2]
__iar_Stdin             0x2000'0090   0x48  Data  Gb  xfiles.o [2]
__iar_Stdout            0x2000'00d8   0x48  Data  Gb  xfiles.o [2]
__iar_Strchr             0x800'1329         Code  Gb  strchr.o [4]
__iar_dadd               0x800'1751         Code  Gb  DblSub.o [3]
__iar_data_init3         0x800'3c89   0x28  Code  Gb  data_init.o [4]
__iar_dsub               0x800'1d69         Code  Gb  DblAdd.o [3]
__iar_dsubStart          0x800'1d7b         Code  Gb  DblAdd.o [3]
__iar_frexp              0x800'14e1         Code  Gb  frexp.o [3]
__iar_frexpl             0x800'14e1         Code  Gb  frexp.o [3]
__iar_globLocale        0x2000'0048   0x48  Data  Lc  xlocale_c.o [2]
__iar_global_Locale      0x800'12ad    0x4  Code  Gb  xlocale_c.o [2]
__iar_init_vfp           0x800'3cb1         Code  Gb  fpinit_M.o [3]
__iar_ldexp64            0x800'15a5         Code  Gb  ldexp.o [3]
__iar_lz77_init_single3
                         0x800'3ad1   0x78  Code  Gb  lz77_init_single.o [4]
__iar_program_start      0x800'3d5d         Code  Gb  cstartup_M.o [4]
__iar_scalbln64          0x800'15a5         Code  Gb  ldexp.o [3]
__iar_scalbn64           0x800'15a5         Code  Gb  ldexp.o [3]
__iar_sh_Discard         0x800'3a89   0x48  Code  Wk  XShHandles.o [2]
__iar_sh_Move            0x800'3785   0x4c  Code  Wk  XShHandles.o [2]
__iar_sh_Pos             0x800'3741   0x44  Code  Gb  XShHandles.o [2]
__iar_sh_stdout_swo      0x800'37f1   0x50  Code  Gb  iarwstdswo.o [5]
__iar_sh_write           0x800'3841   0x22  Code  Gb  iarwrite.o [5]
__iar_small_uldivmod     0x800'1c5d         Code  Gb  I64DivMod_small.o [4]
__iar_softfp___iar_frexp64
                         0x800'14d5         Code  Gb  frexp.o [3]
__iar_softfp_frexp       0x800'14d5         Code  Gb  frexp.o [3]
__iar_softfp_frexpl      0x800'14d5         Code  Gb  frexp.o [3]
__iar_zero_init3         0x800'1273   0x3a  Code  Gb  zero_init3.o [4]
__low_level_init         0x800'3d13    0x4  Code  Gb  low_level_init.o [2]
__lseek                  0x800'3641   0x4a  Code  Gb  lseek.o [5]
__vector_table           0x800'0000         Data  Gb  startup_stm32f429xx.o [1]
__write_buffered         0x800'368d   0xb4  Code  Gb  xxwritebuffered.o [2]
_call_main               0x800'3d01         Code  Gb  cmain.o [4]
_exit                    0x800'3d1d         Code  Gb  cexit.o [4]
_gLocale_mblen           0x800'1315    0x4  Code  Gb  xlocale_c.o [2]
_gLocale_mblenInt        0x800'12d9   0x2c  Code  Gb  xlocale_c.o [2]
_gLocale_wctomb          0x800'1319    0x4  Code  Gb  xlocale_c.o [2]
_gLocale_wctombInt       0x800'1311    0x4  Code  Gb  xlocale_c.o [2]
_main                    0x800'3d0f         Code  Gb  cmain.o [4]
abort                    0x800'1d63    0x6  Code  Gb  abort.o [2]
count                   0x2000'018a    0x2  Data  Gb  stm32f4xx_it.o [1]
ebuf                    0x2000'0324   0x50  Data  Lc  xfiles.o [2]
exit                     0x800'3d17    0x4  Code  Gb  exit.o [2]
fclose                   0x800'39dd   0x7e  Code  Gb  fclose.o [2]
fflush                   0x800'35fd   0x34  Code  Gb  fflush.o [2]
fflushOne                0x800'3589   0x74  Code  Lc  fflush.o [2]
fputc                    0x800'3bcd   0x54  Code  Gb  fputc.o [2]
free                     0x800'39d9    0x4  Code  Gb  heaptramp0.o [2]
fseek                    0x800'3917   0x24  Code  Gb  fseek.o [2]
htim2                   0x2000'0190   0x40  Data  Gb  main.o [1]
htim3                   0x2000'01d0   0x40  Data  Gb  main.o [1]
htim4                   0x2000'0210   0x40  Data  Gb  main.o [1]
ldexp                    0x800'15a5         Code  Gb  ldexp.o [3]
ldexpl                   0x800'15a5         Code  Gb  ldexp.o [3]
localeconv               0x800'131d    0x4  Code  Gb  xlocale_c.o [2]
main                     0x800'27e5  0x16c  Code  Gb  main.o [1]
memchr                   0x800'13d5         Code  Gb  memchr.o [4]
memset                   0x800'2d09   0x14  Code  Gb  memset.o [4]
obuf                    0x2000'0374   0x50  Data  Lc  xfiles.o [2]
printf                   0x800'2d1d   0x28  Code  Gb  printf.o [2]
putchar                  0x800'3d41    0xc  Code  Gb  putchar.o [2]
remove                   0x800'3a73   0x14  Code  Gb  remove.o [5]
sFileInfo               0x2000'0250   0x80  Data  Lc  XShHandles.o [2]
scalbln                  0x800'15a5         Code  Gb  ldexp.o [3]
scalblnl                 0x800'15a5         Code  Gb  ldexp.o [3]
scalbn                   0x800'15a5         Code  Gb  ldexp.o [3]
scalbnl                  0x800'15a5         Code  Gb  ldexp.o [3]
scale                    0x800'11c9   0x46  Code  Lc  xprintffull.o [2]
sec_hand                0x2000'03d8    0x4  Data  Lc  xfail_s.o [2]
store                   0x2000'02d0   0x50  Data  Lc  xxwritebuffered.o [2]
storeLen                0x2000'0320    0x4  Data  Lc  xxwritebuffered.o [2]
strchr                   0x800'1329         Code  Gb  strchr.o [4]
strlen                   0x800'139d         Code  Gb  strlen.o [4]
uwTick                  0x2000'0004    0x4  Data  Gb  stm32f4xx_hal.o [1]
uwTickFreq              0x2000'0000    0x1  Data  Gb  stm32f4xx_hal.o [1]
uwTickPrio              0x2000'0008    0x4  Data  Gb  stm32f4xx_hal.o [1]
x                       0x2000'018c    0x2  Data  Gb  stm32f4xx_it.o [1]


[1] = C:\Users\mohit\Desktop\Microapps projects\LAB5\Task1\EWARM\Task1\Obj
[2] = dl7M_tlf.a
[3] = m7M_tls.a
[4] = rt7M_tl.a
[5] = shb_l.a

  16'033 bytes of readonly  code memory
     176 bytes of readonly  data memory
   2'528 bytes of readwrite data memory

Errors: none
Warnings: none
